25-05-19 16:51:33.034 [background-preinit] INFO  o.h.validator.internal.util.Version - HV000001: Hibernate Validator 8.0.1.Final
25-05-19 16:51:33.193 [main] INFO  c.s.m.discodeit.DiscodeitApplication - Starting DiscodeitApplication using Java 17.0.12 with PID 9280 (C:\Users\User\OneDrive\Desktop\codeit\1-sprint-mission\build\classes\java\main started by User in C:\Users\User\OneDrive\Desktop\codeit\1-sprint-mission)
25-05-19 16:51:33.195 [main] INFO  c.s.m.discodeit.DiscodeitApplication - The following 1 profile is active: "test"
25-05-19 16:51:37.831 [main] INFO  o.s.d.r.c.RepositoryConfigurationDelegate - Bootstrapping Spring Data JPA repositories in DEFAULT mode.
25-05-19 16:51:37.992 [main] INFO  o.s.d.r.c.RepositoryConfigurationDelegate - Finished Spring Data repository scanning in 148 ms. Found 6 JPA repository interfaces.
25-05-19 16:51:39.667 [main] INFO  o.s.b.w.e.tomcat.TomcatWebServer - Tomcat initialized with port 8080 (http)
25-05-19 16:51:39.691 [main] INFO  o.a.coyote.http11.Http11NioProtocol - Initializing ProtocolHandler ["http-nio-8080"]
25-05-19 16:51:39.694 [main] INFO  o.a.catalina.core.StandardService - Starting service [Tomcat]
25-05-19 16:51:39.695 [main] INFO  o.a.catalina.core.StandardEngine - Starting Servlet engine: [Apache Tomcat/10.1.33]
25-05-19 16:51:39.934 [main] INFO  o.a.c.c.C.[Tomcat].[localhost].[/] - Initializing Spring embedded WebApplicationContext
25-05-19 16:51:39.935 [main] INFO  o.s.b.w.s.c.ServletWebServerApplicationContext - Root WebApplicationContext: initialization completed in 6607 ms
25-05-19 16:51:40.156 [main] INFO  com.zaxxer.hikari.HikariDataSource - HikariPool-1 - Starting...
25-05-19 16:51:40.598 [main] INFO  com.zaxxer.hikari.pool.HikariPool - HikariPool-1 - Added connection conn0: url=jdbc:h2:mem:devDB user=DEVUSER
25-05-19 16:51:40.601 [main] INFO  com.zaxxer.hikari.HikariDataSource - HikariPool-1 - Start completed.
25-05-19 16:51:40.616 [main] INFO  o.s.b.a.h.H2ConsoleAutoConfiguration - H2 console available at '/h2-console'. Database available at 'jdbc:h2:mem:devDB'
25-05-19 16:51:41.047 [main] INFO  o.h.jpa.internal.util.LogHelper - HHH000204: Processing PersistenceUnitInfo [name: default]
25-05-19 16:51:41.199 [main] INFO  org.hibernate.Version - HHH000412: Hibernate ORM core version 6.5.3.Final
25-05-19 16:51:41.277 [main] INFO  o.h.c.i.RegionFactoryInitiator - HHH000026: Second-level cache disabled
25-05-19 16:51:41.927 [main] INFO  o.s.o.j.p.SpringPersistenceUnitInfo - No LoadTimeWeaver setup: ignoring JPA class transformer
25-05-19 16:51:44.102 [main] INFO  o.h.e.t.j.p.i.JtaPlatformInitiator - HHH000489: No JTA platform available (set 'hibernate.transaction.jta.platform' to enable JTA platform integration)
25-05-19 16:51:44.108 [main] INFO  o.s.o.j.LocalContainerEntityManagerFactoryBean - Initialized JPA EntityManagerFactory for persistence unit 'default'
25-05-19 16:51:45.231 [main] WARN  o.s.b.a.o.j.JpaBaseConfiguration$JpaWebConfiguration - spring.jpa.open-in-view is enabled by default. Therefore, database queries may be performed during view rendering. Explicitly configure spring.jpa.open-in-view to disable this warning
25-05-19 16:51:45.327 [main] WARN  o.s.b.a.s.s.UserDetailsServiceAutoConfiguration - 

Using generated security password: 1612a544-4000-4b3e-9eb1-5880b88b1e2a

This generated password is for development use only. Your security configuration must be updated before running your application in production.

25-05-19 16:51:45.369 [main] INFO  o.s.s.c.a.a.c.InitializeUserDetailsBeanManagerConfigurer$InitializeUserDetailsManagerConfigurer - Global AuthenticationManager configured with UserDetailsService bean with name inMemoryUserDetailsManager
25-05-19 16:51:45.534 [main] INFO  o.s.b.a.w.s.WelcomePageHandlerMapping - Adding welcome page: class path resource [static/index.html]
25-05-19 16:51:47.545 [main] INFO  o.s.b.a.e.web.EndpointLinksResolver - Exposing 4 endpoints beneath base path '/actuator'
25-05-19 17:05:39.167 [HikariPool-1 housekeeper] WARN  com.zaxxer.hikari.pool.HikariPool - HikariPool-1 - Thread starvation or clock leap detected (housekeeper delta=13m58s423ms85µs700ns).
25-05-19 17:13:14.340 [background-preinit] INFO  o.h.validator.internal.util.Version - HV000001: Hibernate Validator 8.0.1.Final
25-05-19 17:13:14.409 [main] INFO  c.s.m.discodeit.DiscodeitApplication - Starting DiscodeitApplication using Java 17.0.12 with PID 21636 (C:\Users\User\OneDrive\Desktop\codeit\1-sprint-mission\build\classes\java\main started by User in C:\Users\User\OneDrive\Desktop\codeit\1-sprint-mission)
25-05-19 17:13:14.409 [main] INFO  c.s.m.discodeit.DiscodeitApplication - The following 1 profile is active: "test"
25-05-19 17:13:16.228 [main] INFO  o.s.d.r.c.RepositoryConfigurationDelegate - Bootstrapping Spring Data JPA repositories in DEFAULT mode.
25-05-19 17:13:16.400 [main] INFO  o.s.d.r.c.RepositoryConfigurationDelegate - Finished Spring Data repository scanning in 153 ms. Found 6 JPA repository interfaces.
25-05-19 17:13:17.738 [main] INFO  o.s.b.w.e.tomcat.TomcatWebServer - Tomcat initialized with port 8080 (http)
25-05-19 17:13:17.756 [main] INFO  o.a.coyote.http11.Http11NioProtocol - Initializing ProtocolHandler ["http-nio-8080"]
25-05-19 17:13:17.759 [main] INFO  o.a.catalina.core.StandardService - Starting service [Tomcat]
25-05-19 17:13:17.759 [main] INFO  o.a.catalina.core.StandardEngine - Starting Servlet engine: [Apache Tomcat/10.1.33]
25-05-19 17:13:17.886 [main] INFO  o.a.c.c.C.[Tomcat].[localhost].[/] - Initializing Spring embedded WebApplicationContext
25-05-19 17:13:17.886 [main] INFO  o.s.b.w.s.c.ServletWebServerApplicationContext - Root WebApplicationContext: initialization completed in 3409 ms
25-05-19 17:13:18.061 [main] INFO  com.zaxxer.hikari.HikariDataSource - HikariPool-1 - Starting...
25-05-19 17:13:18.411 [main] INFO  com.zaxxer.hikari.pool.HikariPool - HikariPool-1 - Added connection conn0: url=jdbc:h2:mem:devDB user=DEVUSER
25-05-19 17:13:18.413 [main] INFO  com.zaxxer.hikari.HikariDataSource - HikariPool-1 - Start completed.
25-05-19 17:13:18.431 [main] INFO  o.s.b.a.h.H2ConsoleAutoConfiguration - H2 console available at '/h2-console'. Database available at 'jdbc:h2:mem:devDB'
25-05-19 17:13:18.775 [main] INFO  o.h.jpa.internal.util.LogHelper - HHH000204: Processing PersistenceUnitInfo [name: default]
25-05-19 17:13:18.899 [main] INFO  org.hibernate.Version - HHH000412: Hibernate ORM core version 6.5.3.Final
25-05-19 17:13:18.978 [main] INFO  o.h.c.i.RegionFactoryInitiator - HHH000026: Second-level cache disabled
25-05-19 17:13:19.549 [main] INFO  o.s.o.j.p.SpringPersistenceUnitInfo - No LoadTimeWeaver setup: ignoring JPA class transformer
25-05-19 17:13:22.349 [main] INFO  o.h.e.t.j.p.i.JtaPlatformInitiator - HHH000489: No JTA platform available (set 'hibernate.transaction.jta.platform' to enable JTA platform integration)
25-05-19 17:13:22.361 [main] INFO  o.s.o.j.LocalContainerEntityManagerFactoryBean - Initialized JPA EntityManagerFactory for persistence unit 'default'
25-05-19 17:13:23.950 [main] WARN  o.s.b.a.o.j.JpaBaseConfiguration$JpaWebConfiguration - spring.jpa.open-in-view is enabled by default. Therefore, database queries may be performed during view rendering. Explicitly configure spring.jpa.open-in-view to disable this warning
25-05-19 17:13:24.064 [main] WARN  o.s.b.a.s.s.UserDetailsServiceAutoConfiguration - 

Using generated security password: b5734063-9fe9-42b4-bf18-fbc52e63fcd9

This generated password is for development use only. Your security configuration must be updated before running your application in production.

25-05-19 17:13:24.117 [main] INFO  o.s.s.c.a.a.c.InitializeUserDetailsBeanManagerConfigurer$InitializeUserDetailsManagerConfigurer - Global AuthenticationManager configured with UserDetailsService bean with name inMemoryUserDetailsManager
25-05-19 17:13:24.345 [main] INFO  o.s.b.a.w.s.WelcomePageHandlerMapping - Adding welcome page: class path resource [static/index.html]
25-05-19 17:13:26.139 [main] INFO  o.s.b.a.e.web.EndpointLinksResolver - Exposing 4 endpoints beneath base path '/actuator'
25-05-19 17:33:51.918 [HikariPool-1 housekeeper] WARN  com.zaxxer.hikari.pool.HikariPool - HikariPool-1 - Thread starvation or clock leap detected (housekeeper delta=20m33s391ms374µs100ns).
25-05-19 17:33:53.476 [main] INFO  o.s.b.w.e.tomcat.TomcatWebServer - Tomcat started on port 8080 (http) with context path '/'
25-05-19 17:33:53.500 [main] INFO  c.s.m.discodeit.DiscodeitApplication - Started DiscodeitApplication in 1240.034 seconds (process running for 1241.402)
25-05-19 17:33:54.057 [SpringApplicationShutdownHook] INFO  o.s.o.j.LocalContainerEntityManagerFactoryBean - Closing JPA EntityManagerFactory for persistence unit 'default'
25-05-19 17:33:54.073 [SpringApplicationShutdownHook] INFO  com.zaxxer.hikari.HikariDataSource - HikariPool-1 - Shutdown initiated...
25-05-19 17:33:54.082 [SpringApplicationShutdownHook] INFO  com.zaxxer.hikari.HikariDataSource - HikariPool-1 - Shutdown completed.
25-05-19 17:36:01.258 [background-preinit] INFO  o.h.validator.internal.util.Version - HV000001: Hibernate Validator 8.0.1.Final
25-05-19 17:36:01.357 [main] INFO  c.s.m.discodeit.DiscodeitApplication - Starting DiscodeitApplication using Java 17.0.12 with PID 6856 (C:\Users\User\OneDrive\Desktop\codeit\1-sprint-mission\build\classes\java\main started by User in C:\Users\User\OneDrive\Desktop\codeit\1-sprint-mission)
25-05-19 17:36:01.359 [main] INFO  c.s.m.discodeit.DiscodeitApplication - The following 1 profile is active: "test"
25-05-19 17:36:03.759 [main] INFO  o.s.d.r.c.RepositoryConfigurationDelegate - Bootstrapping Spring Data JPA repositories in DEFAULT mode.
25-05-19 17:36:04.045 [main] INFO  o.s.d.r.c.RepositoryConfigurationDelegate - Finished Spring Data repository scanning in 269 ms. Found 6 JPA repository interfaces.
25-05-19 17:36:05.748 [main] INFO  o.s.b.w.e.tomcat.TomcatWebServer - Tomcat initialized with port 8080 (http)
25-05-19 17:36:05.773 [main] INFO  o.a.coyote.http11.Http11NioProtocol - Initializing ProtocolHandler ["http-nio-8080"]
25-05-19 17:36:05.777 [main] INFO  o.a.catalina.core.StandardService - Starting service [Tomcat]
25-05-19 17:36:05.777 [main] INFO  o.a.catalina.core.StandardEngine - Starting Servlet engine: [Apache Tomcat/10.1.33]
25-05-19 17:36:05.936 [main] INFO  o.a.c.c.C.[Tomcat].[localhost].[/] - Initializing Spring embedded WebApplicationContext
25-05-19 17:36:05.937 [main] INFO  o.s.b.w.s.c.ServletWebServerApplicationContext - Root WebApplicationContext: initialization completed in 4479 ms
25-05-19 17:36:06.157 [main] INFO  com.zaxxer.hikari.HikariDataSource - HikariPool-1 - Starting...
25-05-19 17:36:06.575 [main] INFO  com.zaxxer.hikari.pool.HikariPool - HikariPool-1 - Added connection conn0: url=jdbc:h2:mem:devDB user=DEVUSER
25-05-19 17:36:06.578 [main] INFO  com.zaxxer.hikari.HikariDataSource - HikariPool-1 - Start completed.
25-05-19 17:36:06.593 [main] INFO  o.s.b.a.h.H2ConsoleAutoConfiguration - H2 console available at '/h2-console'. Database available at 'jdbc:h2:mem:devDB'
25-05-19 17:36:07.253 [main] INFO  o.h.jpa.internal.util.LogHelper - HHH000204: Processing PersistenceUnitInfo [name: default]
25-05-19 17:36:07.471 [main] INFO  org.hibernate.Version - HHH000412: Hibernate ORM core version 6.5.3.Final
25-05-19 17:36:07.623 [main] INFO  o.h.c.i.RegionFactoryInitiator - HHH000026: Second-level cache disabled
25-05-19 17:36:08.843 [main] INFO  o.s.o.j.p.SpringPersistenceUnitInfo - No LoadTimeWeaver setup: ignoring JPA class transformer
25-05-19 17:36:12.486 [main] INFO  o.h.e.t.j.p.i.JtaPlatformInitiator - HHH000489: No JTA platform available (set 'hibernate.transaction.jta.platform' to enable JTA platform integration)
25-05-19 17:36:12.502 [main] INFO  o.s.o.j.LocalContainerEntityManagerFactoryBean - Initialized JPA EntityManagerFactory for persistence unit 'default'
25-05-19 17:36:14.223 [main] WARN  o.s.b.a.o.j.JpaBaseConfiguration$JpaWebConfiguration - spring.jpa.open-in-view is enabled by default. Therefore, database queries may be performed during view rendering. Explicitly configure spring.jpa.open-in-view to disable this warning
25-05-19 17:36:14.338 [main] WARN  o.s.b.a.s.s.UserDetailsServiceAutoConfiguration - 

Using generated security password: 96af0287-cc71-4f7d-a420-a11652895647

This generated password is for development use only. Your security configuration must be updated before running your application in production.

25-05-19 17:36:14.407 [main] INFO  o.s.s.c.a.a.c.InitializeUserDetailsBeanManagerConfigurer$InitializeUserDetailsManagerConfigurer - Global AuthenticationManager configured with UserDetailsService bean with name inMemoryUserDetailsManager
25-05-19 17:36:14.687 [main] INFO  o.s.b.a.w.s.WelcomePageHandlerMapping - Adding welcome page: class path resource [static/index.html]
25-05-19 17:36:17.156 [main] INFO  o.s.b.a.e.web.EndpointLinksResolver - Exposing 4 endpoints beneath base path '/actuator'
25-05-19 17:50:17.368 [HikariPool-1 housekeeper] WARN  com.zaxxer.hikari.pool.HikariPool - HikariPool-1 - Thread starvation or clock leap detected (housekeeper delta=14m10s683ms156µs400ns).
25-05-19 17:50:18.397 [main] INFO  o.s.b.w.e.tomcat.TomcatWebServer - Tomcat started on port 8080 (http) with context path '/'
25-05-19 17:50:18.414 [main] INFO  c.s.m.discodeit.DiscodeitApplication - Started DiscodeitApplication in 858.091 seconds (process running for 859.643)
25-05-19 17:50:19.061 [SpringApplicationShutdownHook] INFO  o.s.o.j.LocalContainerEntityManagerFactoryBean - Closing JPA EntityManagerFactory for persistence unit 'default'
25-05-19 17:50:19.064 [SpringApplicationShutdownHook] INFO  com.zaxxer.hikari.HikariDataSource - HikariPool-1 - Shutdown initiated...
25-05-19 17:50:19.068 [SpringApplicationShutdownHook] INFO  com.zaxxer.hikari.HikariDataSource - HikariPool-1 - Shutdown completed.
25-05-19 18:00:36.059 [background-preinit] INFO  o.h.validator.internal.util.Version - HV000001: Hibernate Validator 8.0.1.Final
25-05-19 18:00:36.122 [main] INFO  c.s.m.discodeit.DiscodeitApplication - Starting DiscodeitApplication using Java 17.0.12 with PID 17296 (C:\Users\User\OneDrive\Desktop\codeit\1-sprint-mission\build\classes\java\main started by User in C:\Users\User\OneDrive\Desktop\codeit\1-sprint-mission)
25-05-19 18:00:36.124 [main] INFO  c.s.m.discodeit.DiscodeitApplication - The following 1 profile is active: "test"
25-05-19 18:00:37.851 [main] INFO  o.s.d.r.c.RepositoryConfigurationDelegate - Bootstrapping Spring Data JPA repositories in DEFAULT mode.
25-05-19 18:00:38.031 [main] INFO  o.s.d.r.c.RepositoryConfigurationDelegate - Finished Spring Data repository scanning in 167 ms. Found 6 JPA repository interfaces.
25-05-19 18:00:39.284 [main] INFO  o.s.b.w.e.tomcat.TomcatWebServer - Tomcat initialized with port 8080 (http)
25-05-19 18:00:39.305 [main] INFO  o.a.coyote.http11.Http11NioProtocol - Initializing ProtocolHandler ["http-nio-8080"]
25-05-19 18:00:39.308 [main] INFO  o.a.catalina.core.StandardService - Starting service [Tomcat]
25-05-19 18:00:39.308 [main] INFO  o.a.catalina.core.StandardEngine - Starting Servlet engine: [Apache Tomcat/10.1.33]
25-05-19 18:00:39.482 [main] INFO  o.a.c.c.C.[Tomcat].[localhost].[/] - Initializing Spring embedded WebApplicationContext
25-05-19 18:00:39.483 [main] INFO  o.s.b.w.s.c.ServletWebServerApplicationContext - Root WebApplicationContext: initialization completed in 3298 ms
25-05-19 18:00:39.663 [main] INFO  com.zaxxer.hikari.HikariDataSource - HikariPool-1 - Starting...
25-05-19 18:00:40.043 [main] INFO  com.zaxxer.hikari.pool.HikariPool - HikariPool-1 - Added connection conn0: url=jdbc:h2:mem:devDB user=DEVUSER
25-05-19 18:00:40.046 [main] INFO  com.zaxxer.hikari.HikariDataSource - HikariPool-1 - Start completed.
25-05-19 18:00:40.061 [main] INFO  o.s.b.a.h.H2ConsoleAutoConfiguration - H2 console available at '/h2-console'. Database available at 'jdbc:h2:mem:devDB'
25-05-19 18:00:40.432 [main] INFO  o.h.jpa.internal.util.LogHelper - HHH000204: Processing PersistenceUnitInfo [name: default]
25-05-19 18:00:40.551 [main] INFO  org.hibernate.Version - HHH000412: Hibernate ORM core version 6.5.3.Final
25-05-19 18:00:40.632 [main] INFO  o.h.c.i.RegionFactoryInitiator - HHH000026: Second-level cache disabled
25-05-19 18:00:41.268 [main] INFO  o.s.o.j.p.SpringPersistenceUnitInfo - No LoadTimeWeaver setup: ignoring JPA class transformer
25-05-19 18:00:44.479 [main] INFO  o.h.e.t.j.p.i.JtaPlatformInitiator - HHH000489: No JTA platform available (set 'hibernate.transaction.jta.platform' to enable JTA platform integration)
25-05-19 18:00:44.487 [main] INFO  o.s.o.j.LocalContainerEntityManagerFactoryBean - Initialized JPA EntityManagerFactory for persistence unit 'default'
25-05-19 18:00:46.373 [main] WARN  o.s.b.a.o.j.JpaBaseConfiguration$JpaWebConfiguration - spring.jpa.open-in-view is enabled by default. Therefore, database queries may be performed during view rendering. Explicitly configure spring.jpa.open-in-view to disable this warning
25-05-19 18:00:46.565 [main] WARN  o.s.b.a.s.s.UserDetailsServiceAutoConfiguration - 

Using generated security password: 30ca1f70-a38c-4f3f-8a14-288bbc3befc0

This generated password is for development use only. Your security configuration must be updated before running your application in production.

25-05-19 18:00:46.665 [main] INFO  o.s.s.c.a.a.c.InitializeUserDetailsBeanManagerConfigurer$InitializeUserDetailsManagerConfigurer - Global AuthenticationManager configured with UserDetailsService bean with name inMemoryUserDetailsManager
25-05-19 18:00:46.985 [main] INFO  o.s.b.a.w.s.WelcomePageHandlerMapping - Adding welcome page: class path resource [static/index.html]
25-05-19 18:00:49.743 [main] INFO  o.s.b.a.e.web.EndpointLinksResolver - Exposing 4 endpoints beneath base path '/actuator'
25-05-19 18:05:24.886 [HikariPool-1 housekeeper] WARN  com.zaxxer.hikari.pool.HikariPool - HikariPool-1 - Thread starvation or clock leap detected (housekeeper delta=4m44s730ms545µs).
25-05-19 18:08:14.491 [HikariPool-1 housekeeper] WARN  com.zaxxer.hikari.pool.HikariPool - HikariPool-1 - Thread starvation or clock leap detected (housekeeper delta=2m49s608ms456µs200ns).
25-05-19 18:09:33.290 [background-preinit] INFO  o.h.validator.internal.util.Version - HV000001: Hibernate Validator 8.0.1.Final
25-05-19 18:09:33.347 [main] INFO  c.s.m.discodeit.DiscodeitApplication - Starting DiscodeitApplication using Java 17.0.12 with PID 2728 (C:\Users\User\OneDrive\Desktop\codeit\1-sprint-mission\build\classes\java\main started by User in C:\Users\User\OneDrive\Desktop\codeit\1-sprint-mission)
25-05-19 18:09:33.349 [main] INFO  c.s.m.discodeit.DiscodeitApplication - The following 1 profile is active: "test"
25-05-19 18:09:36.592 [main] INFO  o.s.d.r.c.RepositoryConfigurationDelegate - Bootstrapping Spring Data JPA repositories in DEFAULT mode.
25-05-19 18:09:36.742 [main] INFO  o.s.d.r.c.RepositoryConfigurationDelegate - Finished Spring Data repository scanning in 140 ms. Found 6 JPA repository interfaces.
25-05-19 18:09:37.936 [main] INFO  o.s.b.w.e.tomcat.TomcatWebServer - Tomcat initialized with port 8080 (http)
25-05-19 18:09:37.954 [main] INFO  o.a.coyote.http11.Http11NioProtocol - Initializing ProtocolHandler ["http-nio-8080"]
25-05-19 18:09:37.956 [main] INFO  o.a.catalina.core.StandardService - Starting service [Tomcat]
25-05-19 18:09:37.957 [main] INFO  o.a.catalina.core.StandardEngine - Starting Servlet engine: [Apache Tomcat/10.1.33]
25-05-19 18:09:38.072 [main] INFO  o.a.c.c.C.[Tomcat].[localhost].[/] - Initializing Spring embedded WebApplicationContext
25-05-19 18:09:38.072 [main] INFO  o.s.b.w.s.c.ServletWebServerApplicationContext - Root WebApplicationContext: initialization completed in 4667 ms
25-05-19 18:09:38.232 [main] INFO  com.zaxxer.hikari.HikariDataSource - HikariPool-1 - Starting...
25-05-19 18:09:38.538 [main] INFO  com.zaxxer.hikari.pool.HikariPool - HikariPool-1 - Added connection conn0: url=jdbc:h2:mem:devDB user=DEVUSER
25-05-19 18:09:38.540 [main] INFO  com.zaxxer.hikari.HikariDataSource - HikariPool-1 - Start completed.
25-05-19 18:09:38.551 [main] INFO  o.s.b.a.h.H2ConsoleAutoConfiguration - H2 console available at '/h2-console'. Database available at 'jdbc:h2:mem:devDB'
25-05-19 18:09:38.902 [main] INFO  o.h.jpa.internal.util.LogHelper - HHH000204: Processing PersistenceUnitInfo [name: default]
25-05-19 18:09:39.008 [main] INFO  org.hibernate.Version - HHH000412: Hibernate ORM core version 6.5.3.Final
25-05-19 18:09:39.068 [main] INFO  o.h.c.i.RegionFactoryInitiator - HHH000026: Second-level cache disabled
25-05-19 18:09:39.555 [main] INFO  o.s.o.j.p.SpringPersistenceUnitInfo - No LoadTimeWeaver setup: ignoring JPA class transformer
25-05-19 18:09:41.180 [main] INFO  o.h.e.t.j.p.i.JtaPlatformInitiator - HHH000489: No JTA platform available (set 'hibernate.transaction.jta.platform' to enable JTA platform integration)
25-05-19 18:09:41.187 [main] INFO  o.s.o.j.LocalContainerEntityManagerFactoryBean - Initialized JPA EntityManagerFactory for persistence unit 'default'
25-05-19 18:09:42.031 [main] WARN  o.s.b.a.o.j.JpaBaseConfiguration$JpaWebConfiguration - spring.jpa.open-in-view is enabled by default. Therefore, database queries may be performed during view rendering. Explicitly configure spring.jpa.open-in-view to disable this warning
25-05-19 18:09:42.090 [main] WARN  o.s.b.a.s.s.UserDetailsServiceAutoConfiguration - 

Using generated security password: 28f6e24c-fbfc-4d07-9c0e-5a36f4549b59

This generated password is for development use only. Your security configuration must be updated before running your application in production.

25-05-19 18:09:42.170 [main] INFO  o.s.s.c.a.a.c.InitializeUserDetailsBeanManagerConfigurer$InitializeUserDetailsManagerConfigurer - Global AuthenticationManager configured with UserDetailsService bean with name inMemoryUserDetailsManager
25-05-19 18:09:42.330 [main] INFO  o.s.b.a.w.s.WelcomePageHandlerMapping - Adding welcome page: class path resource [static/index.html]
25-05-19 18:09:43.702 [main] INFO  o.s.b.a.e.web.EndpointLinksResolver - Exposing 4 endpoints beneath base path '/actuator'
25-05-19 18:09:44.707 [main] INFO  o.a.coyote.http11.Http11NioProtocol - Starting ProtocolHandler ["http-nio-8080"]
25-05-19 18:09:44.743 [main] INFO  o.s.b.w.e.tomcat.TomcatWebServer - Tomcat started on port 8080 (http) with context path '/'
25-05-19 18:09:44.761 [main] INFO  c.s.m.discodeit.DiscodeitApplication - Started DiscodeitApplication in 12.188 seconds (process running for 13.493)
25-05-19 18:09:45.581 [RMI TCP Connection(1)-192.168.0.11] INFO  o.a.c.c.C.[Tomcat].[localhost].[/] - Initializing Spring DispatcherServlet 'dispatcherServlet'
25-05-19 18:09:45.582 [RMI TCP Connection(1)-192.168.0.11] INFO  o.s.web.servlet.DispatcherServlet - Initializing Servlet 'dispatcherServlet'
25-05-19 18:09:45.585 [RMI TCP Connection(1)-192.168.0.11] INFO  o.s.web.servlet.DispatcherServlet - Completed initialization in 3 ms
25-05-19 18:09:59.711 [SpringApplicationShutdownHook] INFO  o.s.o.j.LocalContainerEntityManagerFactoryBean - Closing JPA EntityManagerFactory for persistence unit 'default'
25-05-19 18:09:59.714 [SpringApplicationShutdownHook] INFO  com.zaxxer.hikari.HikariDataSource - HikariPool-1 - Shutdown initiated...
25-05-19 18:09:59.718 [SpringApplicationShutdownHook] INFO  com.zaxxer.hikari.HikariDataSource - HikariPool-1 - Shutdown completed.
25-05-19 18:10:20.283 [background-preinit] INFO  o.h.validator.internal.util.Version - HV000001: Hibernate Validator 8.0.1.Final
25-05-19 18:10:20.347 [main] INFO  c.s.m.discodeit.DiscodeitApplication - Starting DiscodeitApplication using Java 17.0.12 with PID 13804 (C:\Users\User\OneDrive\Desktop\codeit\1-sprint-mission\build\classes\java\main started by User in C:\Users\User\OneDrive\Desktop\codeit\1-sprint-mission)
25-05-19 18:10:20.349 [main] INFO  c.s.m.discodeit.DiscodeitApplication - The following 1 profile is active: "test"
25-05-19 18:10:22.609 [main] INFO  o.s.d.r.c.RepositoryConfigurationDelegate - Bootstrapping Spring Data JPA repositories in DEFAULT mode.
25-05-19 18:10:22.784 [main] INFO  o.s.d.r.c.RepositoryConfigurationDelegate - Finished Spring Data repository scanning in 160 ms. Found 6 JPA repository interfaces.
25-05-19 18:10:23.831 [main] INFO  o.s.b.w.e.tomcat.TomcatWebServer - Tomcat initialized with port 8080 (http)
25-05-19 18:10:23.846 [main] INFO  o.a.coyote.http11.Http11NioProtocol - Initializing ProtocolHandler ["http-nio-8080"]
25-05-19 18:10:23.849 [main] INFO  o.a.catalina.core.StandardService - Starting service [Tomcat]
25-05-19 18:10:23.849 [main] INFO  o.a.catalina.core.StandardEngine - Starting Servlet engine: [Apache Tomcat/10.1.33]
25-05-19 18:10:23.937 [main] INFO  o.a.c.c.C.[Tomcat].[localhost].[/] - Initializing Spring embedded WebApplicationContext
25-05-19 18:10:23.939 [main] INFO  o.s.b.w.s.c.ServletWebServerApplicationContext - Root WebApplicationContext: initialization completed in 3525 ms
25-05-19 18:10:24.086 [main] INFO  com.zaxxer.hikari.HikariDataSource - HikariPool-1 - Starting...
25-05-19 18:10:24.373 [main] INFO  com.zaxxer.hikari.pool.HikariPool - HikariPool-1 - Added connection conn0: url=jdbc:h2:mem:devDB user=DEVUSER
25-05-19 18:10:24.375 [main] INFO  com.zaxxer.hikari.HikariDataSource - HikariPool-1 - Start completed.
25-05-19 18:10:24.388 [main] INFO  o.s.b.a.h.H2ConsoleAutoConfiguration - H2 console available at '/h2-console'. Database available at 'jdbc:h2:mem:devDB'
25-05-19 18:10:24.746 [main] INFO  o.h.jpa.internal.util.LogHelper - HHH000204: Processing PersistenceUnitInfo [name: default]
25-05-19 18:10:24.838 [main] INFO  org.hibernate.Version - HHH000412: Hibernate ORM core version 6.5.3.Final
25-05-19 18:10:24.896 [main] INFO  o.h.c.i.RegionFactoryInitiator - HHH000026: Second-level cache disabled
25-05-19 18:10:25.460 [main] INFO  o.s.o.j.p.SpringPersistenceUnitInfo - No LoadTimeWeaver setup: ignoring JPA class transformer
25-05-19 18:10:27.846 [main] INFO  o.h.e.t.j.p.i.JtaPlatformInitiator - HHH000489: No JTA platform available (set 'hibernate.transaction.jta.platform' to enable JTA platform integration)
25-05-19 18:10:27.852 [main] INFO  o.s.o.j.LocalContainerEntityManagerFactoryBean - Initialized JPA EntityManagerFactory for persistence unit 'default'
25-05-19 18:10:29.377 [main] WARN  o.s.b.a.o.j.JpaBaseConfiguration$JpaWebConfiguration - spring.jpa.open-in-view is enabled by default. Therefore, database queries may be performed during view rendering. Explicitly configure spring.jpa.open-in-view to disable this warning
25-05-19 18:10:29.454 [main] WARN  o.s.b.a.s.s.UserDetailsServiceAutoConfiguration - 

Using generated security password: 34b94ea7-cbf2-4af4-945f-00c2f8ea0275

This generated password is for development use only. Your security configuration must be updated before running your application in production.

25-05-19 18:10:29.514 [main] INFO  o.s.s.c.a.a.c.InitializeUserDetailsBeanManagerConfigurer$InitializeUserDetailsManagerConfigurer - Global AuthenticationManager configured with UserDetailsService bean with name inMemoryUserDetailsManager
25-05-19 18:10:29.646 [main] INFO  o.s.b.a.w.s.WelcomePageHandlerMapping - Adding welcome page: class path resource [static/index.html]
25-05-19 18:10:31.375 [main] INFO  o.s.b.a.e.web.EndpointLinksResolver - Exposing 4 endpoints beneath base path '/actuator'
25-05-19 18:12:08.287 [main] INFO  o.s.b.w.e.tomcat.TomcatWebServer - Tomcat started on port 8080 (http) with context path '/'
25-05-19 18:12:08.306 [main] INFO  c.s.m.discodeit.DiscodeitApplication - Started DiscodeitApplication in 108.756 seconds (process running for 110.307)
25-05-19 18:12:09.161 [SpringApplicationShutdownHook] INFO  o.s.o.j.LocalContainerEntityManagerFactoryBean - Closing JPA EntityManagerFactory for persistence unit 'default'
25-05-19 18:12:09.163 [SpringApplicationShutdownHook] INFO  com.zaxxer.hikari.HikariDataSource - HikariPool-1 - Shutdown initiated...
25-05-19 18:12:09.167 [SpringApplicationShutdownHook] INFO  com.zaxxer.hikari.HikariDataSource - HikariPool-1 - Shutdown completed.
25-05-19 18:13:39.113 [background-preinit] INFO  o.h.validator.internal.util.Version - HV000001: Hibernate Validator 8.0.1.Final
25-05-19 18:13:39.169 [main] INFO  c.s.m.discodeit.DiscodeitApplication - Starting DiscodeitApplication using Java 17.0.12 with PID 1056 (C:\Users\User\OneDrive\Desktop\codeit\1-sprint-mission\build\classes\java\main started by User in C:\Users\User\OneDrive\Desktop\codeit\1-sprint-mission)
25-05-19 18:13:39.170 [main] INFO  c.s.m.discodeit.DiscodeitApplication - The following 1 profile is active: "test"
25-05-19 18:13:40.639 [main] INFO  o.s.d.r.c.RepositoryConfigurationDelegate - Bootstrapping Spring Data JPA repositories in DEFAULT mode.
25-05-19 18:13:40.801 [main] INFO  o.s.d.r.c.RepositoryConfigurationDelegate - Finished Spring Data repository scanning in 152 ms. Found 6 JPA repository interfaces.
25-05-19 18:13:41.927 [main] INFO  o.s.b.w.e.tomcat.TomcatWebServer - Tomcat initialized with port 8080 (http)
25-05-19 18:13:41.943 [main] INFO  o.a.coyote.http11.Http11NioProtocol - Initializing ProtocolHandler ["http-nio-8080"]
25-05-19 18:13:41.946 [main] INFO  o.a.catalina.core.StandardService - Starting service [Tomcat]
25-05-19 18:13:41.946 [main] INFO  o.a.catalina.core.StandardEngine - Starting Servlet engine: [Apache Tomcat/10.1.33]
25-05-19 18:13:42.070 [main] INFO  o.a.c.c.C.[Tomcat].[localhost].[/] - Initializing Spring embedded WebApplicationContext
25-05-19 18:13:42.071 [main] INFO  o.s.b.w.s.c.ServletWebServerApplicationContext - Root WebApplicationContext: initialization completed in 2843 ms
25-05-19 18:13:42.233 [main] INFO  com.zaxxer.hikari.HikariDataSource - HikariPool-1 - Starting...
25-05-19 18:13:42.526 [main] INFO  com.zaxxer.hikari.pool.HikariPool - HikariPool-1 - Added connection conn0: url=jdbc:h2:mem:devDB user=DEVUSER
25-05-19 18:13:42.529 [main] INFO  com.zaxxer.hikari.HikariDataSource - HikariPool-1 - Start completed.
25-05-19 18:13:42.542 [main] INFO  o.s.b.a.h.H2ConsoleAutoConfiguration - H2 console available at '/h2-console'. Database available at 'jdbc:h2:mem:devDB'
25-05-19 18:13:42.862 [main] INFO  o.h.jpa.internal.util.LogHelper - HHH000204: Processing PersistenceUnitInfo [name: default]
25-05-19 18:13:42.962 [main] INFO  org.hibernate.Version - HHH000412: Hibernate ORM core version 6.5.3.Final
25-05-19 18:13:43.019 [main] INFO  o.h.c.i.RegionFactoryInitiator - HHH000026: Second-level cache disabled
25-05-19 18:13:43.462 [main] INFO  o.s.o.j.p.SpringPersistenceUnitInfo - No LoadTimeWeaver setup: ignoring JPA class transformer
25-05-19 18:13:45.084 [main] INFO  o.h.e.t.j.p.i.JtaPlatformInitiator - HHH000489: No JTA platform available (set 'hibernate.transaction.jta.platform' to enable JTA platform integration)
25-05-19 18:13:45.088 [main] INFO  o.s.o.j.LocalContainerEntityManagerFactoryBean - Initialized JPA EntityManagerFactory for persistence unit 'default'
25-05-19 18:13:45.958 [main] WARN  o.s.b.a.o.j.JpaBaseConfiguration$JpaWebConfiguration - spring.jpa.open-in-view is enabled by default. Therefore, database queries may be performed during view rendering. Explicitly configure spring.jpa.open-in-view to disable this warning
25-05-19 18:13:46.028 [main] WARN  o.s.b.a.s.s.UserDetailsServiceAutoConfiguration - 

Using generated security password: 7879ca41-8b6f-4b83-b1fc-ba69604d7c2f

This generated password is for development use only. Your security configuration must be updated before running your application in production.

25-05-19 18:13:46.066 [main] INFO  o.s.s.c.a.a.c.InitializeUserDetailsBeanManagerConfigurer$InitializeUserDetailsManagerConfigurer - Global AuthenticationManager configured with UserDetailsService bean with name inMemoryUserDetailsManager
25-05-19 18:13:46.175 [main] INFO  o.s.b.a.w.s.WelcomePageHandlerMapping - Adding welcome page: class path resource [static/index.html]
25-05-19 18:13:47.493 [main] INFO  o.s.b.a.e.web.EndpointLinksResolver - Exposing 4 endpoints beneath base path '/actuator'
25-05-19 18:16:37.292 [HikariPool-1 housekeeper] WARN  com.zaxxer.hikari.pool.HikariPool - HikariPool-1 - Thread starvation or clock leap detected (housekeeper delta=2m54s641ms856µs900ns).
25-05-19 18:16:49.595 [background-preinit] INFO  o.h.validator.internal.util.Version - HV000001: Hibernate Validator 8.0.1.Final
25-05-19 18:16:49.652 [main] INFO  c.s.m.discodeit.DiscodeitApplication - Starting DiscodeitApplication using Java 17.0.12 with PID 26088 (C:\Users\User\OneDrive\Desktop\codeit\1-sprint-mission\build\classes\java\main started by User in C:\Users\User\OneDrive\Desktop\codeit\1-sprint-mission)
25-05-19 18:16:49.653 [main] INFO  c.s.m.discodeit.DiscodeitApplication - The following 1 profile is active: "test"
25-05-19 18:16:51.528 [main] INFO  o.s.d.r.c.RepositoryConfigurationDelegate - Bootstrapping Spring Data JPA repositories in DEFAULT mode.
25-05-19 18:16:51.672 [main] INFO  o.s.d.r.c.RepositoryConfigurationDelegate - Finished Spring Data repository scanning in 134 ms. Found 6 JPA repository interfaces.
25-05-19 18:16:52.826 [main] INFO  o.s.b.w.e.tomcat.TomcatWebServer - Tomcat initialized with port 8080 (http)
25-05-19 18:16:52.844 [main] INFO  o.a.coyote.http11.Http11NioProtocol - Initializing ProtocolHandler ["http-nio-8080"]
25-05-19 18:16:52.846 [main] INFO  o.a.catalina.core.StandardService - Starting service [Tomcat]
25-05-19 18:16:52.846 [main] INFO  o.a.catalina.core.StandardEngine - Starting Servlet engine: [Apache Tomcat/10.1.33]
25-05-19 18:16:52.957 [main] INFO  o.a.c.c.C.[Tomcat].[localhost].[/] - Initializing Spring embedded WebApplicationContext
25-05-19 18:16:52.958 [main] INFO  o.s.b.w.s.c.ServletWebServerApplicationContext - Root WebApplicationContext: initialization completed in 3236 ms
25-05-19 18:16:53.123 [main] INFO  com.zaxxer.hikari.HikariDataSource - HikariPool-1 - Starting...
25-05-19 18:16:53.484 [main] INFO  com.zaxxer.hikari.pool.HikariPool - HikariPool-1 - Added connection conn0: url=jdbc:h2:mem:devDB user=DEVUSER
25-05-19 18:16:53.486 [main] INFO  com.zaxxer.hikari.HikariDataSource - HikariPool-1 - Start completed.
25-05-19 18:16:53.500 [main] INFO  o.s.b.a.h.H2ConsoleAutoConfiguration - H2 console available at '/h2-console'. Database available at 'jdbc:h2:mem:devDB'
25-05-19 18:16:53.881 [main] INFO  o.h.jpa.internal.util.LogHelper - HHH000204: Processing PersistenceUnitInfo [name: default]
25-05-19 18:16:53.996 [main] INFO  org.hibernate.Version - HHH000412: Hibernate ORM core version 6.5.3.Final
25-05-19 18:16:54.062 [main] INFO  o.h.c.i.RegionFactoryInitiator - HHH000026: Second-level cache disabled
25-05-19 18:16:54.612 [main] INFO  o.s.o.j.p.SpringPersistenceUnitInfo - No LoadTimeWeaver setup: ignoring JPA class transformer
25-05-19 18:16:56.831 [main] INFO  o.h.e.t.j.p.i.JtaPlatformInitiator - HHH000489: No JTA platform available (set 'hibernate.transaction.jta.platform' to enable JTA platform integration)
25-05-19 18:16:56.842 [main] INFO  o.s.o.j.LocalContainerEntityManagerFactoryBean - Initialized JPA EntityManagerFactory for persistence unit 'default'
25-05-19 18:16:58.055 [main] WARN  o.s.b.a.o.j.JpaBaseConfiguration$JpaWebConfiguration - spring.jpa.open-in-view is enabled by default. Therefore, database queries may be performed during view rendering. Explicitly configure spring.jpa.open-in-view to disable this warning
25-05-19 18:16:58.149 [main] WARN  o.s.b.a.s.s.UserDetailsServiceAutoConfiguration - 

Using generated security password: f66ba712-eeac-4814-bd30-e476c4f6737a

This generated password is for development use only. Your security configuration must be updated before running your application in production.

25-05-19 18:16:58.199 [main] INFO  o.s.s.c.a.a.c.InitializeUserDetailsBeanManagerConfigurer$InitializeUserDetailsManagerConfigurer - Global AuthenticationManager configured with UserDetailsService bean with name inMemoryUserDetailsManager
25-05-19 18:16:58.396 [main] INFO  o.s.b.a.w.s.WelcomePageHandlerMapping - Adding welcome page: class path resource [static/index.html]
25-05-19 18:17:00.248 [main] INFO  o.s.b.a.e.web.EndpointLinksResolver - Exposing 4 endpoints beneath base path '/actuator'
25-05-19 18:18:34.793 [HikariPool-1 housekeeper] WARN  com.zaxxer.hikari.pool.HikariPool - HikariPool-1 - Thread starvation or clock leap detected (housekeeper delta=1m41s194ms375µs900ns).
25-05-19 18:18:36.039 [main] INFO  o.s.b.w.e.tomcat.TomcatWebServer - Tomcat started on port 8080 (http) with context path '/'
25-05-19 18:18:36.061 [main] INFO  c.s.m.discodeit.DiscodeitApplication - Started DiscodeitApplication in 107.232 seconds (process running for 108.504)
25-05-19 18:18:36.827 [SpringApplicationShutdownHook] INFO  o.s.o.j.LocalContainerEntityManagerFactoryBean - Closing JPA EntityManagerFactory for persistence unit 'default'
25-05-19 18:18:36.830 [SpringApplicationShutdownHook] INFO  com.zaxxer.hikari.HikariDataSource - HikariPool-1 - Shutdown initiated...
25-05-19 18:18:36.835 [SpringApplicationShutdownHook] INFO  com.zaxxer.hikari.HikariDataSource - HikariPool-1 - Shutdown completed.
25-05-19 18:23:13.274 [background-preinit] INFO  o.h.validator.internal.util.Version - HV000001: Hibernate Validator 8.0.1.Final
25-05-19 18:23:13.337 [main] INFO  c.s.m.discodeit.DiscodeitApplication - Starting DiscodeitApplication using Java 17.0.12 with PID 15260 (C:\Users\User\OneDrive\Desktop\codeit\1-sprint-mission\build\classes\java\main started by User in C:\Users\User\OneDrive\Desktop\codeit\1-sprint-mission)
25-05-19 18:23:13.339 [main] INFO  c.s.m.discodeit.DiscodeitApplication - The following 1 profile is active: "test"
25-05-19 18:23:14.986 [main] INFO  o.s.d.r.c.RepositoryConfigurationDelegate - Bootstrapping Spring Data JPA repositories in DEFAULT mode.
25-05-19 18:23:15.201 [main] INFO  o.s.d.r.c.RepositoryConfigurationDelegate - Finished Spring Data repository scanning in 200 ms. Found 6 JPA repository interfaces.
25-05-19 18:23:16.440 [main] INFO  o.s.b.w.e.tomcat.TomcatWebServer - Tomcat initialized with port 8080 (http)
25-05-19 18:23:16.459 [main] INFO  o.a.coyote.http11.Http11NioProtocol - Initializing ProtocolHandler ["http-nio-8080"]
25-05-19 18:23:16.462 [main] INFO  o.a.catalina.core.StandardService - Starting service [Tomcat]
25-05-19 18:23:16.462 [main] INFO  o.a.catalina.core.StandardEngine - Starting Servlet engine: [Apache Tomcat/10.1.33]
25-05-19 18:23:16.580 [main] INFO  o.a.c.c.C.[Tomcat].[localhost].[/] - Initializing Spring embedded WebApplicationContext
25-05-19 18:23:16.581 [main] INFO  o.s.b.w.s.c.ServletWebServerApplicationContext - Root WebApplicationContext: initialization completed in 3185 ms
25-05-19 18:23:16.761 [main] INFO  com.zaxxer.hikari.HikariDataSource - HikariPool-1 - Starting...
25-05-19 18:23:17.188 [main] INFO  com.zaxxer.hikari.pool.HikariPool - HikariPool-1 - Added connection conn0: url=jdbc:h2:mem:devDB user=DEVUSER
25-05-19 18:23:17.190 [main] INFO  com.zaxxer.hikari.HikariDataSource - HikariPool-1 - Start completed.
25-05-19 18:23:17.204 [main] INFO  o.s.b.a.h.H2ConsoleAutoConfiguration - H2 console available at '/h2-console'. Database available at 'jdbc:h2:mem:devDB'
25-05-19 18:23:17.554 [main] INFO  o.h.jpa.internal.util.LogHelper - HHH000204: Processing PersistenceUnitInfo [name: default]
25-05-19 18:23:17.680 [main] INFO  org.hibernate.Version - HHH000412: Hibernate ORM core version 6.5.3.Final
25-05-19 18:23:17.766 [main] INFO  o.h.c.i.RegionFactoryInitiator - HHH000026: Second-level cache disabled
25-05-19 18:23:18.432 [main] INFO  o.s.o.j.p.SpringPersistenceUnitInfo - No LoadTimeWeaver setup: ignoring JPA class transformer
25-05-19 18:23:20.958 [main] INFO  o.h.e.t.j.p.i.JtaPlatformInitiator - HHH000489: No JTA platform available (set 'hibernate.transaction.jta.platform' to enable JTA platform integration)
25-05-19 18:23:20.965 [main] INFO  o.s.o.j.LocalContainerEntityManagerFactoryBean - Initialized JPA EntityManagerFactory for persistence unit 'default'
25-05-19 18:23:22.289 [main] WARN  o.s.b.a.o.j.JpaBaseConfiguration$JpaWebConfiguration - spring.jpa.open-in-view is enabled by default. Therefore, database queries may be performed during view rendering. Explicitly configure spring.jpa.open-in-view to disable this warning
25-05-19 18:23:22.376 [main] WARN  o.s.b.a.s.s.UserDetailsServiceAutoConfiguration - 

Using generated security password: d4c38942-da36-46c1-8c05-da70aeac4345

This generated password is for development use only. Your security configuration must be updated before running your application in production.

25-05-19 18:23:22.429 [main] INFO  o.s.s.c.a.a.c.InitializeUserDetailsBeanManagerConfigurer$InitializeUserDetailsManagerConfigurer - Global AuthenticationManager configured with UserDetailsService bean with name inMemoryUserDetailsManager
25-05-19 18:23:22.594 [main] INFO  o.s.b.a.w.s.WelcomePageHandlerMapping - Adding welcome page: class path resource [static/index.html]
25-05-19 18:23:24.389 [main] INFO  o.s.b.a.e.web.EndpointLinksResolver - Exposing 4 endpoints beneath base path '/actuator'
25-05-19 18:26:59.605 [HikariPool-1 housekeeper] WARN  com.zaxxer.hikari.pool.HikariPool - HikariPool-1 - Thread starvation or clock leap detected (housekeeper delta=3m42s291ms926µs800ns).
25-05-19 18:27:00.973 [main] INFO  o.s.b.w.e.tomcat.TomcatWebServer - Tomcat started on port 8080 (http) with context path '/'
25-05-19 18:27:01.002 [main] INFO  c.s.m.discodeit.DiscodeitApplication - Started DiscodeitApplication in 228.476 seconds (process running for 229.571)
25-05-19 18:27:02.245 [SpringApplicationShutdownHook] INFO  o.s.o.j.LocalContainerEntityManagerFactoryBean - Closing JPA EntityManagerFactory for persistence unit 'default'
25-05-19 18:27:02.247 [SpringApplicationShutdownHook] INFO  com.zaxxer.hikari.HikariDataSource - HikariPool-1 - Shutdown initiated...
25-05-19 18:27:02.262 [SpringApplicationShutdownHook] INFO  com.zaxxer.hikari.HikariDataSource - HikariPool-1 - Shutdown completed.
