25-05-28 16:19:44.346 [background-preinit] INFO  o.h.validator.internal.util.Version - HV000001: Hibernate Validator 8.0.1.Final
25-05-28 16:19:44.432 [main] INFO  c.s.m.discodeit.DiscodeitApplication - Starting DiscodeitApplication using Java 17.0.12 with PID 26820 (C:\Users\User\OneDrive\Desktop\codeit\1-sprint-mission\build\classes\java\main started by User in C:\Users\User\OneDrive\Desktop\codeit\1-sprint-mission)
25-05-28 16:19:44.433 [main] INFO  c.s.m.discodeit.DiscodeitApplication - The following 1 profile is active: "test"
25-05-28 16:19:46.408 [main] INFO  o.s.d.r.c.RepositoryConfigurationDelegate - Bootstrapping Spring Data JPA repositories in DEFAULT mode.
25-05-28 16:19:46.566 [main] INFO  o.s.d.r.c.RepositoryConfigurationDelegate - Finished Spring Data repository scanning in 148 ms. Found 7 JPA repository interfaces.
25-05-28 16:19:47.910 [main] INFO  o.s.b.w.e.tomcat.TomcatWebServer - Tomcat initialized with port 8080 (http)
25-05-28 16:19:47.930 [main] INFO  o.a.coyote.http11.Http11NioProtocol - Initializing ProtocolHandler ["http-nio-8080"]
25-05-28 16:19:47.934 [main] INFO  o.a.catalina.core.StandardService - Starting service [Tomcat]
25-05-28 16:19:47.934 [main] INFO  o.a.catalina.core.StandardEngine - Starting Servlet engine: [Apache Tomcat/10.1.33]
25-05-28 16:19:48.052 [main] INFO  o.a.c.c.C.[Tomcat].[localhost].[/] - Initializing Spring embedded WebApplicationContext
25-05-28 16:19:48.053 [main] INFO  o.s.b.w.s.c.ServletWebServerApplicationContext - Root WebApplicationContext: initialization completed in 3556 ms
25-05-28 16:19:48.254 [main] INFO  com.zaxxer.hikari.HikariDataSource - HikariPool-1 - Starting...
25-05-28 16:19:48.587 [main] INFO  com.zaxxer.hikari.pool.HikariPool - HikariPool-1 - Added connection conn0: url=jdbc:h2:mem:devDB user=DEVUSER
25-05-28 16:19:48.589 [main] INFO  com.zaxxer.hikari.HikariDataSource - HikariPool-1 - Start completed.
25-05-28 16:19:48.598 [main] INFO  o.s.b.a.h.H2ConsoleAutoConfiguration - H2 console available at '/h2-console'. Database available at 'jdbc:h2:mem:devDB'
25-05-28 16:19:48.986 [main] INFO  o.h.jpa.internal.util.LogHelper - HHH000204: Processing PersistenceUnitInfo [name: default]
25-05-28 16:19:49.078 [main] INFO  org.hibernate.Version - HHH000412: Hibernate ORM core version 6.5.3.Final
25-05-28 16:19:49.134 [main] INFO  o.h.c.i.RegionFactoryInitiator - HHH000026: Second-level cache disabled
25-05-28 16:19:49.711 [main] INFO  o.s.o.j.p.SpringPersistenceUnitInfo - No LoadTimeWeaver setup: ignoring JPA class transformer
25-05-28 16:19:51.294 [main] INFO  o.h.e.t.j.p.i.JtaPlatformInitiator - HHH000489: No JTA platform available (set 'hibernate.transaction.jta.platform' to enable JTA platform integration)
25-05-28 16:19:51.322 [main] DEBUG org.hibernate.SQL - 
    [34mdrop[0m [34mtable[0m [34mif[0m [34mexists[0m binary_contents [34mcascade[0m 
25-05-28 16:19:51.325 [main] DEBUG org.hibernate.SQL - 
    [34mdrop[0m [34mtable[0m [34mif[0m [34mexists[0m channels [34mcascade[0m 
25-05-28 16:19:51.328 [main] DEBUG org.hibernate.SQL - 
    [34mdrop[0m [34mtable[0m [34mif[0m [34mexists[0m jwt_sessions [34mcascade[0m 
25-05-28 16:19:51.331 [main] DEBUG org.hibernate.SQL - 
    [34mdrop[0m [34mtable[0m [34mif[0m [34mexists[0m message_attachments [34mcascade[0m 
25-05-28 16:19:51.334 [main] DEBUG org.hibernate.SQL - 
    [34mdrop[0m [34mtable[0m [34mif[0m [34mexists[0m messages [34mcascade[0m 
25-05-28 16:19:51.338 [main] DEBUG org.hibernate.SQL - 
    [34mdrop[0m [34mtable[0m [34mif[0m [34mexists[0m read_statuses [34mcascade[0m 
25-05-28 16:19:51.339 [main] DEBUG org.hibernate.SQL - 
    [34mdrop[0m [34mtable[0m [34mif[0m [34mexists[0m role [34mcascade[0m 
25-05-28 16:19:51.342 [main] DEBUG org.hibernate.SQL - 
    [34mdrop[0m [34mtable[0m [34mif[0m [34mexists[0m user_roles [34mcascade[0m 
25-05-28 16:19:51.343 [main] DEBUG org.hibernate.SQL - 
    [34mdrop[0m [34mtable[0m [34mif[0m [34mexists[0m users [34mcascade[0m 
25-05-28 16:19:51.352 [main] DEBUG org.hibernate.SQL - 
    [34mcreate[0m [34mtable[0m binary_contents (
        created_at [34mtimestamp[0m(6) [34mwith[0m [34mtime[0m zone,
        size [34mbigint[0m [34mnot[0m [34mnull[0m,
        id uuid [34mnot[0m [34mnull[0m,
        content_type [34mvarchar[0m(100) [34mnot[0m [34mnull[0m,
        file_name [34mvarchar[0m(255) [34mnot[0m [34mnull[0m,
        [34mprimary[0m [34mkey[0m (id)
    )
25-05-28 16:19:51.354 [main] DEBUG org.hibernate.SQL - 
    [34mcreate[0m [34mtable[0m channels (
        created_at [34mtimestamp[0m(6) [34mwith[0m [34mtime[0m zone,
        updated_at [34mtimestamp[0m(6) [34mwith[0m [34mtime[0m zone,
        id uuid [34mnot[0m [34mnull[0m,
        name [34mvarchar[0m(100),
        description [34mvarchar[0m(500),
        type enum ([36m'PRIVATE'[0m,[36m'PUBLIC'[0m) [34mnot[0m [34mnull[0m,
        [34mprimary[0m [34mkey[0m (id)
    )
25-05-28 16:19:51.357 [main] DEBUG org.hibernate.SQL - 
    [34mcreate[0m [34mtable[0m jwt_sessions (
        revoked [34mboolean[0m [34mnot[0m [34mnull[0m,
        created_at [34mtimestamp[0m(6) [34mnot[0m [34mnull[0m,
        expires_at [34mtimestamp[0m(6) [34mnot[0m [34mnull[0m,
        user_id uuid [34mnot[0m [34mnull[0m,
        access_token [34mvarchar[0m(255) [34mnot[0m [34mnull[0m,
        id [34mvarchar[0m(255) [34mnot[0m [34mnull[0m,
        refresh_token [34mvarchar[0m(255) [34mnot[0m [34mnull[0m,
        replaced_by [34mvarchar[0m(255),
        [34mprimary[0m [34mkey[0m (id)
    )
25-05-28 16:19:51.359 [main] DEBUG org.hibernate.SQL - 
    [34mcreate[0m [34mtable[0m message_attachments (
        attachment_id uuid [34mnot[0m [34mnull[0m [34munique[0m,
        message_id uuid [34mnot[0m [34mnull[0m
    )
25-05-28 16:19:51.360 [main] DEBUG org.hibernate.SQL - 
    [34mcreate[0m [34mtable[0m messages (
        created_at [34mtimestamp[0m(6) [34mwith[0m [34mtime[0m zone,
        updated_at [34mtimestamp[0m(6) [34mwith[0m [34mtime[0m zone,
        author_id uuid,
        channel_id uuid [34mnot[0m [34mnull[0m,
        id uuid [34mnot[0m [34mnull[0m,
        content [34mvarchar[0m(255),
        [34mprimary[0m [34mkey[0m (id)
    )
25-05-28 16:19:51.362 [main] DEBUG org.hibernate.SQL - 
    [34mcreate[0m [34mtable[0m read_statuses (
        created_at [34mtimestamp[0m(6) [34mwith[0m [34mtime[0m zone,
        last_read_at [34mtimestamp[0m(6) [34mwith[0m [34mtime[0m zone [34mnot[0m [34mnull[0m,
        updated_at [34mtimestamp[0m(6) [34mwith[0m [34mtime[0m zone,
        channel_id uuid,
        id uuid [34mnot[0m [34mnull[0m,
        user_id uuid,
        [34mprimary[0m [34mkey[0m (id)
    )
25-05-28 16:19:51.363 [main] DEBUG org.hibernate.SQL - 
    [34mcreate[0m [34mtable[0m role (
        created_at [34mtimestamp[0m(6) [34mwith[0m [34mtime[0m zone,
        id uuid [34mnot[0m [34mnull[0m,
        name [34mvarchar[0m(255) [34mnot[0m [34mnull[0m [34munique[0m,
        [34mprimary[0m [34mkey[0m (id)
    )
25-05-28 16:19:51.366 [main] DEBUG org.hibernate.SQL - 
    [34mcreate[0m [34mtable[0m user_roles (
        role_id uuid [34mnot[0m [34mnull[0m,
        user_id uuid [34mnot[0m [34mnull[0m
    )
25-05-28 16:19:51.367 [main] DEBUG org.hibernate.SQL - 
    [34mcreate[0m [34mtable[0m users (
        created_at [34mtimestamp[0m(6) [34mwith[0m [34mtime[0m zone,
        updated_at [34mtimestamp[0m(6) [34mwith[0m [34mtime[0m zone,
        id uuid [34mnot[0m [34mnull[0m,
        profile_id uuid [34munique[0m,
        username [34mvarchar[0m(50) [34mnot[0m [34mnull[0m,
        password [34mvarchar[0m(60) [34mnot[0m [34mnull[0m,
        email [34mvarchar[0m(100) [34mnot[0m [34mnull[0m,
        [34mprimary[0m [34mkey[0m (id)
    )
25-05-28 16:19:51.369 [main] DEBUG org.hibernate.SQL - 
    [34malter[0m [34mtable[0m [34mif[0m [34mexists[0m message_attachments 
       [34madd[0m [34mconstraint[0m FKsd1m8rb8jcpbcnb7rpdue7ctc 
       [34mforeign[0m [34mkey[0m (attachment_id) 
       [34mreferences[0m binary_contents
25-05-28 16:19:51.371 [main] DEBUG org.hibernate.SQL - 
    [34malter[0m [34mtable[0m [34mif[0m [34mexists[0m message_attachments 
       [34madd[0m [34mconstraint[0m FKj7twd218e2gqw9cmlhwvo1rth 
       [34mforeign[0m [34mkey[0m (message_id) 
       [34mreferences[0m messages
25-05-28 16:19:51.373 [main] DEBUG org.hibernate.SQL - 
    [34malter[0m [34mtable[0m [34mif[0m [34mexists[0m messages 
       [34madd[0m [34mconstraint[0m FKowtlim26svclkatusptbgi7u1 
       [34mforeign[0m [34mkey[0m (author_id) 
       [34mreferences[0m users
25-05-28 16:19:51.374 [main] DEBUG org.hibernate.SQL - 
    [34malter[0m [34mtable[0m [34mif[0m [34mexists[0m messages 
       [34madd[0m [34mconstraint[0m FK3u3ckbhwq9se1cmopk2pq05b2 
       [34mforeign[0m [34mkey[0m (channel_id) 
       [34mreferences[0m channels
25-05-28 16:19:51.378 [main] DEBUG org.hibernate.SQL - 
    [34malter[0m [34mtable[0m [34mif[0m [34mexists[0m read_statuses 
       [34madd[0m [34mconstraint[0m FKa38ri44ml4gfdpklx4ahqr8gd 
       [34mforeign[0m [34mkey[0m (channel_id) 
       [34mreferences[0m channels
25-05-28 16:19:51.380 [main] DEBUG org.hibernate.SQL - 
    [34malter[0m [34mtable[0m [34mif[0m [34mexists[0m read_statuses 
       [34madd[0m [34mconstraint[0m FKml3k4wr9sj5yxrmj6d0aoib2e 
       [34mforeign[0m [34mkey[0m (user_id) 
       [34mreferences[0m users
25-05-28 16:19:51.381 [main] DEBUG org.hibernate.SQL - 
    [34malter[0m [34mtable[0m [34mif[0m [34mexists[0m user_roles 
       [34madd[0m [34mconstraint[0m FKrhfovtciq1l558cw6udg0h0d3 
       [34mforeign[0m [34mkey[0m (role_id) 
       [34mreferences[0m role
25-05-28 16:19:51.383 [main] DEBUG org.hibernate.SQL - 
    [34malter[0m [34mtable[0m [34mif[0m [34mexists[0m user_roles 
       [34madd[0m [34mconstraint[0m FKhfh9dx7w3ubf1co1vdev94g3f 
       [34mforeign[0m [34mkey[0m (user_id) 
       [34mreferences[0m users
25-05-28 16:19:51.384 [main] DEBUG org.hibernate.SQL - 
    [34malter[0m [34mtable[0m [34mif[0m [34mexists[0m users 
       [34madd[0m [34mconstraint[0m FKtbudycgrip49xdptogmhfqnso 
       [34mforeign[0m [34mkey[0m (profile_id) 
       [34mreferences[0m binary_contents
25-05-28 16:19:51.391 [main] INFO  o.s.o.j.LocalContainerEntityManagerFactoryBean - Initialized JPA EntityManagerFactory for persistence unit 'default'
25-05-28 16:19:52.263 [main] DEBUG o.s.s.a.h.RoleHierarchyImpl - buildRolesReachableInOneStepMap() - From role ROLE_ADMIN one can reach role ROLE_CHANNEL_MANAGER in one step.
25-05-28 16:19:52.263 [main] DEBUG o.s.s.a.h.RoleHierarchyImpl - buildRolesReachableInOneStepMap() - From role ROLE_CHANNEL_MANAGER one can reach role ROLE_USER in one step.
25-05-28 16:19:52.264 [main] DEBUG o.s.s.a.h.RoleHierarchyImpl - buildRolesReachableInOneOrMoreStepsMap() - From role ROLE_ADMIN one can reach [ROLE_USER, ROLE_CHANNEL_MANAGER] in one or more steps.
25-05-28 16:19:52.264 [main] DEBUG o.s.s.a.h.RoleHierarchyImpl - buildRolesReachableInOneOrMoreStepsMap() - From role ROLE_CHANNEL_MANAGER one can reach [ROLE_USER] in one or more steps.
25-05-28 16:19:52.576 [main] WARN  o.s.b.a.o.j.JpaBaseConfiguration$JpaWebConfiguration - spring.jpa.open-in-view is enabled by default. Therefore, database queries may be performed during view rendering. Explicitly configure spring.jpa.open-in-view to disable this warning
25-05-28 16:19:52.637 [main] TRACE o.s.s.c.a.a.c.AuthenticationConfiguration$EnableGlobalAuthenticationAutowiredConfigurer - Eagerly initializing {org.springframework.boot.autoconfigure.security.servlet.SpringBootWebSecurityConfiguration$WebSecurityEnablerConfiguration=org.springframework.boot.autoconfigure.security.servlet.SpringBootWebSecurityConfiguration$WebSecurityEnablerConfiguration@75be6796}
25-05-28 16:19:52.640 [main] INFO  o.s.s.c.a.a.c.InitializeAuthenticationProviderBeanManagerConfigurer$InitializeAuthenticationProviderManagerConfigurer - Global AuthenticationManager configured with AuthenticationProvider bean with name daoAuthenticationProvider
25-05-28 16:19:52.640 [main] WARN  o.s.s.c.a.a.c.InitializeUserDetailsBeanManagerConfigurer$InitializeUserDetailsManagerConfigurer - Global AuthenticationManager configured with an AuthenticationProvider bean. UserDetailsService beans will not be used for username/password login. Consider removing the AuthenticationProvider bean. Alternatively, consider using the UserDetailsService in a manually instantiated DaoAuthenticationProvider.
25-05-28 16:19:52.725 [main] INFO  o.s.b.a.w.s.WelcomePageHandlerMapping - Adding welcome page: class path resource [static/index.html]
25-05-28 16:19:53.170 [main] INFO  o.s.b.a.e.web.EndpointLinksResolver - Exposing 4 endpoints beneath base path '/actuator'
25-05-28 16:19:53.299 [main] DEBUG o.s.s.web.DefaultSecurityFilterChain - Will secure any request with filters: DisableEncodeUrlFilter, WebAsyncManagerIntegrationFilter, SecurityContextHolderFilter, HeaderWriterFilter, CsrfFilter, LogoutFilter, CustomLoginFilter, ConcurrentSessionFilter, RequestCacheAwareFilter, SecurityContextHolderAwareRequestFilter, RememberMeAuthenticationFilter, AnonymousAuthenticationFilter, SessionManagementFilter, ExceptionTranslationFilter, AuthorizationFilter
25-05-28 16:19:54.060 [main] INFO  o.a.coyote.http11.Http11NioProtocol - Starting ProtocolHandler ["http-nio-8080"]
25-05-28 16:19:54.084 [main] INFO  o.s.b.w.e.tomcat.TomcatWebServer - Tomcat started on port 8080 (http) with context path '/'
25-05-28 16:19:54.098 [main] INFO  c.s.m.discodeit.DiscodeitApplication - Started DiscodeitApplication in 10.615 seconds (process running for 12.147)
25-05-28 16:19:54.291 [main] DEBUG org.hibernate.SQL - 
    [34mselect[0m
        r1_0.id,
        r1_0.created_at,
        r1_0.name 
    [34mfrom[0m
        role r1_0 
    [34mwhere[0m
        r1_0.name=?
25-05-28 16:19:54.299 [main] TRACE org.hibernate.orm.jdbc.bind - binding parameter (1:VARCHAR) <- [ROLE_ADMIN]
25-05-28 16:19:54.414 [main] DEBUG org.hibernate.SQL - 
    [34minsert[0m 
    [34minto[0m
        role
        (created_at, name, id) 
    [34mvalues[0m
        (?, ?, ?)
25-05-28 16:19:54.418 [main] TRACE org.hibernate.orm.jdbc.bind - binding parameter (1:TIMESTAMP_UTC) <- [2025-05-28T07:19:54.365254700Z]
25-05-28 16:19:54.423 [main] TRACE org.hibernate.orm.jdbc.bind - binding parameter (2:VARCHAR) <- [ROLE_ADMIN]
25-05-28 16:19:54.423 [main] TRACE org.hibernate.orm.jdbc.bind - binding parameter (3:UUID) <- [f70f26ec-f37c-4ee1-a6b8-d4d018360bb9]
25-05-28 16:19:54.429 [main] DEBUG org.hibernate.SQL - 
    [34mselect[0m
        r1_0.id,
        r1_0.created_at,
        r1_0.name 
    [34mfrom[0m
        role r1_0 
    [34mwhere[0m
        r1_0.name=?
25-05-28 16:19:54.430 [main] TRACE org.hibernate.orm.jdbc.bind - binding parameter (1:VARCHAR) <- [ROLE_CHANNEL_MANAGER]
25-05-28 16:19:54.433 [main] DEBUG org.hibernate.SQL - 
    [34minsert[0m 
    [34minto[0m
        role
        (created_at, name, id) 
    [34mvalues[0m
        (?, ?, ?)
25-05-28 16:19:54.433 [main] TRACE org.hibernate.orm.jdbc.bind - binding parameter (1:TIMESTAMP_UTC) <- [2025-05-28T07:19:54.432429900Z]
25-05-28 16:19:54.434 [main] TRACE org.hibernate.orm.jdbc.bind - binding parameter (2:VARCHAR) <- [ROLE_CHANNEL_MANAGER]
25-05-28 16:19:54.434 [main] TRACE org.hibernate.orm.jdbc.bind - binding parameter (3:UUID) <- [0eaa72e7-1b1c-4d5b-884d-864eff20f5f5]
25-05-28 16:19:54.437 [main] DEBUG org.hibernate.SQL - 
    [34mselect[0m
        r1_0.id,
        r1_0.created_at,
        r1_0.name 
    [34mfrom[0m
        role r1_0 
    [34mwhere[0m
        r1_0.name=?
25-05-28 16:19:54.438 [main] TRACE org.hibernate.orm.jdbc.bind - binding parameter (1:VARCHAR) <- [ROLE_USER]
25-05-28 16:19:54.440 [main] DEBUG org.hibernate.SQL - 
    [34minsert[0m 
    [34minto[0m
        role
        (created_at, name, id) 
    [34mvalues[0m
        (?, ?, ?)
25-05-28 16:19:54.442 [main] TRACE org.hibernate.orm.jdbc.bind - binding parameter (1:TIMESTAMP_UTC) <- [2025-05-28T07:19:54.439963800Z]
25-05-28 16:19:54.442 [main] TRACE org.hibernate.orm.jdbc.bind - binding parameter (2:VARCHAR) <- [ROLE_USER]
25-05-28 16:19:54.442 [main] TRACE org.hibernate.orm.jdbc.bind - binding parameter (3:UUID) <- [4e342c7d-da5f-4e50-b87b-e2c309791e1c]
25-05-28 16:19:54.451 [main] DEBUG org.hibernate.SQL - 
    [34mselect[0m
        u1_0.id 
    [34mfrom[0m
        users u1_0 
    [34mwhere[0m
        u1_0.username=? 
    [34mfetch[0m
        first ? [34mrows[0m [34monly[0m
25-05-28 16:19:54.451 [main] TRACE org.hibernate.orm.jdbc.bind - binding parameter (1:VARCHAR) <- [admin]
25-05-28 16:19:54.451 [main] TRACE org.hibernate.orm.jdbc.bind - binding parameter (2:INTEGER) <- [1]
25-05-28 16:19:54.589 [main] DEBUG org.hibernate.SQL - 
    [34minsert[0m 
    [34minto[0m
        users
        (created_at, email, password, profile_id, updated_at, username, id) 
    [34mvalues[0m
        (?, ?, ?, ?, ?, ?, ?)
25-05-28 16:19:54.590 [main] TRACE org.hibernate.orm.jdbc.bind - binding parameter (1:TIMESTAMP_UTC) <- [2025-05-28T07:19:54.569177500Z]
25-05-28 16:19:54.590 [main] TRACE org.hibernate.orm.jdbc.bind - binding parameter (2:VARCHAR) <- [admin@example.com]
25-05-28 16:19:54.590 [main] TRACE org.hibernate.orm.jdbc.bind - binding parameter (3:VARCHAR) <- [$2a$10$G3fztFEzsERQVF3k3TOD0eLjHUh4TNidhR6d0R88wVeZuQHgE.nlS]
25-05-28 16:19:54.590 [main] TRACE org.hibernate.orm.jdbc.bind - binding parameter (4:UUID) <- [null]
25-05-28 16:19:54.591 [main] TRACE org.hibernate.orm.jdbc.bind - binding parameter (5:TIMESTAMP_UTC) <- [2025-05-28T07:19:54.569177500Z]
25-05-28 16:19:54.591 [main] TRACE org.hibernate.orm.jdbc.bind - binding parameter (6:VARCHAR) <- [admin]
25-05-28 16:19:54.591 [main] TRACE org.hibernate.orm.jdbc.bind - binding parameter (7:UUID) <- [fabdf8ef-6f0f-4513-bc82-5e47ac3a8450]
25-05-28 16:19:54.601 [main] DEBUG org.hibernate.SQL - 
    [34minsert[0m 
    [34minto[0m
        user_roles
        (user_id, role_id) 
    [34mvalues[0m
        (?, ?)
25-05-28 16:19:54.602 [main] TRACE org.hibernate.orm.jdbc.bind - binding parameter (1:UUID) <- [fabdf8ef-6f0f-4513-bc82-5e47ac3a8450]
25-05-28 16:19:54.602 [main] TRACE org.hibernate.orm.jdbc.bind - binding parameter (2:UUID) <- [f70f26ec-f37c-4ee1-a6b8-d4d018360bb9]
25-05-28 16:19:55.382 [RMI TCP Connection(2)-192.168.0.11] INFO  o.a.c.c.C.[Tomcat].[localhost].[/] - Initializing Spring DispatcherServlet 'dispatcherServlet'
25-05-28 16:19:55.382 [RMI TCP Connection(2)-192.168.0.11] INFO  o.s.web.servlet.DispatcherServlet - Initializing Servlet 'dispatcherServlet'
25-05-28 16:19:55.385 [RMI TCP Connection(2)-192.168.0.11] INFO  o.s.web.servlet.DispatcherServlet - Completed initialization in 2 ms
25-05-28 16:20:01.077 [SpringApplicationShutdownHook] INFO  o.s.o.j.LocalContainerEntityManagerFactoryBean - Closing JPA EntityManagerFactory for persistence unit 'default'
25-05-28 16:20:01.079 [SpringApplicationShutdownHook] INFO  com.zaxxer.hikari.HikariDataSource - HikariPool-1 - Shutdown initiated...
25-05-28 16:20:01.083 [SpringApplicationShutdownHook] INFO  com.zaxxer.hikari.HikariDataSource - HikariPool-1 - Shutdown completed.
