25-04-14 15:15:05.281 [background-preinit] [32mINFO [0;39m o.h.validator.internal.util.Version  [ |  | ] - HV000001: Hibernate Validator 8.0.1.Final
25-04-14 15:15:05.326 [main] [32mINFO [0;39m c.s.m.discodeit.DiscodeitApplication [ |  | ] - Starting DiscodeitApplication using Java 17.0.13 with PID 6536 (C:\Users\leesi\1-sprint-mission\build\classes\java\main started by lee in C:\Users\leesi\1-sprint-mission)
25-04-14 15:15:05.326 [main] [32mDEBUG[0;39m c.s.m.discodeit.DiscodeitApplication [ |  | ] - Running with Spring Boot v3.4.2, Spring v6.2.2
25-04-14 15:15:05.327 [main] [32mINFO [0;39m c.s.m.discodeit.DiscodeitApplication [ |  | ] - The following 1 profile is active: "dev"
25-04-14 15:15:06.211 [main] [32mINFO [0;39m o.s.d.r.c.RepositoryConfigurationDelegate [ |  | ] - Bootstrapping Spring Data JPA repositories in DEFAULT mode.
25-04-14 15:15:06.275 [main] [32mINFO [0;39m o.s.d.r.c.RepositoryConfigurationDelegate [ |  | ] - Finished Spring Data repository scanning in 57 ms. Found 6 JPA repository interfaces.
25-04-14 15:15:06.989 [main] [32mINFO [0;39m o.s.b.w.e.tomcat.TomcatWebServer     [ |  | ] - Tomcat initialized with port 8080 (http)
25-04-14 15:15:06.992 [main] [32mINFO [0;39m o.a.c.core.AprLifecycleListener      [ |  | ] - Loaded Apache Tomcat Native library [2.0.8] using APR version [1.7.4].
25-04-14 15:15:06.996 [main] [32mINFO [0;39m o.a.c.core.AprLifecycleListener      [ |  | ] - OpenSSL successfully initialized [OpenSSL 3.0.14 4 Jun 2024]
25-04-14 15:15:07.004 [main] [32mINFO [0;39m o.a.coyote.http11.Http11NioProtocol  [ |  | ] - Initializing ProtocolHandler ["http-nio-8080"]
25-04-14 15:15:07.006 [main] [32mINFO [0;39m o.a.catalina.core.StandardService    [ |  | ] - Starting service [Tomcat]
25-04-14 15:15:07.006 [main] [32mINFO [0;39m o.a.catalina.core.StandardEngine     [ |  | ] - Starting Servlet engine: [Apache Tomcat/10.1.34]
25-04-14 15:15:07.064 [main] [32mINFO [0;39m o.a.c.c.C.[Tomcat].[localhost].[/]   [ |  | ] - Initializing Spring embedded WebApplicationContext
25-04-14 15:15:07.064 [main] [32mINFO [0;39m o.s.b.w.s.c.ServletWebServerApplicationContext [ |  | ] - Root WebApplicationContext: initialization completed in 1703 ms
25-04-14 15:15:07.240 [main] [32mINFO [0;39m com.zaxxer.hikari.HikariDataSource   [ |  | ] - HikariPool-1 - Starting...
25-04-14 15:15:07.544 [main] [32mINFO [0;39m com.zaxxer.hikari.pool.HikariPool    [ |  | ] - HikariPool-1 - Added connection org.postgresql.jdbc.PgConnection@749d7c01
25-04-14 15:15:07.546 [main] [32mINFO [0;39m com.zaxxer.hikari.HikariDataSource   [ |  | ] - HikariPool-1 - Start completed.
25-04-14 15:15:07.632 [main] [32mINFO [0;39m o.h.jpa.internal.util.LogHelper      [ |  | ] - HHH000204: Processing PersistenceUnitInfo [name: default]
25-04-14 15:15:07.705 [main] [32mINFO [0;39m org.hibernate.Version                [ |  | ] - HHH000412: Hibernate ORM core version 6.6.5.Final
25-04-14 15:15:07.743 [main] [32mINFO [0;39m o.h.c.i.RegionFactoryInitiator       [ |  | ] - HHH000026: Second-level cache disabled
25-04-14 15:15:08.057 [main] [32mINFO [0;39m o.s.o.j.p.SpringPersistenceUnitInfo  [ |  | ] - No LoadTimeWeaver setup: ignoring JPA class transformer
25-04-14 15:15:08.175 [main] [32mINFO [0;39m o.hibernate.orm.connections.pooling  [ |  | ] - HHH10001005: Database info:
	Database JDBC URL [Connecting through datasource 'HikariDataSource (HikariPool-1)']
	Database driver: undefined/unknown
	Database version: 17.4
	Autocommit mode: undefined/unknown
	Isolation level: undefined/unknown
	Minimum pool size: undefined/unknown
	Maximum pool size: undefined/unknown
25-04-14 15:15:09.054 [main] [32mINFO [0;39m o.h.e.t.j.p.i.JtaPlatformInitiator   [ |  | ] - HHH000489: No JTA platform available (set 'hibernate.transaction.jta.platform' to enable JTA platform integration)
25-04-14 15:15:09.121 [main] [32mINFO [0;39m o.s.o.j.LocalContainerEntityManagerFactoryBean [ |  | ] - Initialized JPA EntityManagerFactory for persistence unit 'default'
25-04-14 15:15:09.473 [main] [32mINFO [0;39m o.s.d.j.r.query.QueryEnhancerFactory [ |  | ] - Hibernate is in classpath; If applicable, HQL parser will be used.
25-04-14 15:15:09.984 [main] [32mINFO [0;39m o.s.b.a.w.s.WelcomePageHandlerMapping [ |  | ] - Adding welcome page: class path resource [static/index.html]
25-04-14 15:15:10.567 [main] [32mINFO [0;39m o.s.b.a.e.web.EndpointLinksResolver  [ |  | ] - Exposing 4 endpoints beneath base path '/actuator'
25-04-14 15:15:10.616 [main] [32mINFO [0;39m o.a.coyote.http11.Http11NioProtocol  [ |  | ] - Starting ProtocolHandler ["http-nio-8080"]
25-04-14 15:15:10.629 [main] [32mINFO [0;39m o.s.b.w.e.tomcat.TomcatWebServer     [ |  | ] - Tomcat started on port 8080 (http) with context path '/'
25-04-14 15:15:10.639 [main] [32mINFO [0;39m c.s.m.discodeit.DiscodeitApplication [ |  | ] - Started DiscodeitApplication in 5.86 seconds (process running for 6.413)
25-04-14 15:15:11.266 [RMI TCP Connection(1)-172.21.144.1] [32mINFO [0;39m o.a.c.c.C.[Tomcat].[localhost].[/]   [ |  | ] - Initializing Spring DispatcherServlet 'dispatcherServlet'
25-04-14 15:15:11.266 [RMI TCP Connection(1)-172.21.144.1] [32mINFO [0;39m o.s.web.servlet.DispatcherServlet    [ |  | ] - Initializing Servlet 'dispatcherServlet'
25-04-14 15:15:11.267 [RMI TCP Connection(1)-172.21.144.1] [32mINFO [0;39m o.s.web.servlet.DispatcherServlet    [ |  | ] - Completed initialization in 1 ms
25-04-14 15:16:13.122 [SpringApplicationShutdownHook] [32mINFO [0;39m o.s.b.w.e.tomcat.GracefulShutdown    [ |  | ] - Commencing graceful shutdown. Waiting for active requests to complete
25-04-14 15:16:13.217 [tomcat-shutdown] [32mINFO [0;39m o.s.b.w.e.tomcat.GracefulShutdown    [ |  | ] - Graceful shutdown complete
25-04-14 15:16:13.220 [SpringApplicationShutdownHook] [32mINFO [0;39m o.s.o.j.LocalContainerEntityManagerFactoryBean [ |  | ] - Closing JPA EntityManagerFactory for persistence unit 'default'
25-04-14 15:16:13.222 [SpringApplicationShutdownHook] [32mINFO [0;39m com.zaxxer.hikari.HikariDataSource   [ |  | ] - HikariPool-1 - Shutdown initiated...
25-04-14 15:16:13.223 [SpringApplicationShutdownHook] [32mINFO [0;39m com.zaxxer.hikari.HikariDataSource   [ |  | ] - HikariPool-1 - Shutdown completed.
25-04-14 15:17:20.459 [background-preinit] [32mINFO [0;39m o.h.validator.internal.util.Version  [ |  | ] - HV000001: Hibernate Validator 8.0.1.Final
25-04-14 15:17:20.496 [main] [32mINFO [0;39m c.s.m.discodeit.DiscodeitApplication [ |  | ] - Starting DiscodeitApplication using Java 17.0.13 with PID 25084 (C:\Users\leesi\1-sprint-mission\build\classes\java\main started by lee in C:\Users\leesi\1-sprint-mission)
25-04-14 15:17:20.497 [main] [32mDEBUG[0;39m c.s.m.discodeit.DiscodeitApplication [ |  | ] - Running with Spring Boot v3.4.2, Spring v6.2.2
25-04-14 15:17:20.497 [main] [32mINFO [0;39m c.s.m.discodeit.DiscodeitApplication [ |  | ] - The following 1 profile is active: "dev"
25-04-14 15:17:21.276 [main] [32mINFO [0;39m o.s.d.r.c.RepositoryConfigurationDelegate [ |  | ] - Bootstrapping Spring Data JPA repositories in DEFAULT mode.
25-04-14 15:17:21.341 [main] [32mINFO [0;39m o.s.d.r.c.RepositoryConfigurationDelegate [ |  | ] - Finished Spring Data repository scanning in 56 ms. Found 6 JPA repository interfaces.
25-04-14 15:17:21.877 [main] [32mINFO [0;39m o.s.b.w.e.tomcat.TomcatWebServer     [ |  | ] - Tomcat initialized with port 8080 (http)
25-04-14 15:17:21.879 [main] [32mINFO [0;39m o.a.c.core.AprLifecycleListener      [ |  | ] - Loaded Apache Tomcat Native library [2.0.8] using APR version [1.7.4].
25-04-14 15:17:21.882 [main] [32mINFO [0;39m o.a.c.core.AprLifecycleListener      [ |  | ] - OpenSSL successfully initialized [OpenSSL 3.0.14 4 Jun 2024]
25-04-14 15:17:21.889 [main] [32mINFO [0;39m o.a.coyote.http11.Http11NioProtocol  [ |  | ] - Initializing ProtocolHandler ["http-nio-8080"]
25-04-14 15:17:21.891 [main] [32mINFO [0;39m o.a.catalina.core.StandardService    [ |  | ] - Starting service [Tomcat]
25-04-14 15:17:21.891 [main] [32mINFO [0;39m o.a.catalina.core.StandardEngine     [ |  | ] - Starting Servlet engine: [Apache Tomcat/10.1.34]
25-04-14 15:17:21.942 [main] [32mINFO [0;39m o.a.c.c.C.[Tomcat].[localhost].[/]   [ |  | ] - Initializing Spring embedded WebApplicationContext
25-04-14 15:17:21.942 [main] [32mINFO [0;39m o.s.b.w.s.c.ServletWebServerApplicationContext [ |  | ] - Root WebApplicationContext: initialization completed in 1417 ms
25-04-14 15:17:22.097 [main] [32mINFO [0;39m com.zaxxer.hikari.HikariDataSource   [ |  | ] - HikariPool-1 - Starting...
25-04-14 15:17:22.227 [main] [32mINFO [0;39m com.zaxxer.hikari.pool.HikariPool    [ |  | ] - HikariPool-1 - Added connection org.postgresql.jdbc.PgConnection@1e8bccfb
25-04-14 15:17:22.228 [main] [32mINFO [0;39m com.zaxxer.hikari.HikariDataSource   [ |  | ] - HikariPool-1 - Start completed.
25-04-14 15:17:22.293 [main] [32mINFO [0;39m o.h.jpa.internal.util.LogHelper      [ |  | ] - HHH000204: Processing PersistenceUnitInfo [name: default]
25-04-14 15:17:22.344 [main] [32mINFO [0;39m org.hibernate.Version                [ |  | ] - HHH000412: Hibernate ORM core version 6.6.5.Final
25-04-14 15:17:22.375 [main] [32mINFO [0;39m o.h.c.i.RegionFactoryInitiator       [ |  | ] - HHH000026: Second-level cache disabled
25-04-14 15:17:22.609 [main] [32mINFO [0;39m o.s.o.j.p.SpringPersistenceUnitInfo  [ |  | ] - No LoadTimeWeaver setup: ignoring JPA class transformer
25-04-14 15:17:22.683 [main] [32mINFO [0;39m o.hibernate.orm.connections.pooling  [ |  | ] - HHH10001005: Database info:
	Database JDBC URL [Connecting through datasource 'HikariDataSource (HikariPool-1)']
	Database driver: undefined/unknown
	Database version: 17.4
	Autocommit mode: undefined/unknown
	Isolation level: undefined/unknown
	Minimum pool size: undefined/unknown
	Maximum pool size: undefined/unknown
25-04-14 15:17:23.514 [main] [32mINFO [0;39m o.h.e.t.j.p.i.JtaPlatformInitiator   [ |  | ] - HHH000489: No JTA platform available (set 'hibernate.transaction.jta.platform' to enable JTA platform integration)
25-04-14 15:17:23.558 [main] [32mINFO [0;39m o.s.o.j.LocalContainerEntityManagerFactoryBean [ |  | ] - Initialized JPA EntityManagerFactory for persistence unit 'default'
25-04-14 15:17:23.929 [main] [32mINFO [0;39m o.s.d.j.r.query.QueryEnhancerFactory [ |  | ] - Hibernate is in classpath; If applicable, HQL parser will be used.
25-04-14 15:17:24.410 [main] [32mINFO [0;39m o.s.b.a.w.s.WelcomePageHandlerMapping [ |  | ] - Adding welcome page: class path resource [static/index.html]
25-04-14 15:17:24.965 [main] [32mINFO [0;39m o.s.b.a.e.web.EndpointLinksResolver  [ |  | ] - Exposing 4 endpoints beneath base path '/actuator'
25-04-14 15:17:25.015 [main] [32mINFO [0;39m o.a.coyote.http11.Http11NioProtocol  [ |  | ] - Starting ProtocolHandler ["http-nio-8080"]
25-04-14 15:17:25.028 [main] [32mINFO [0;39m o.s.b.w.e.tomcat.TomcatWebServer     [ |  | ] - Tomcat started on port 8080 (http) with context path '/'
25-04-14 15:17:25.038 [main] [32mINFO [0;39m c.s.m.discodeit.DiscodeitApplication [ |  | ] - Started DiscodeitApplication in 4.973 seconds (process running for 5.341)
25-04-14 15:17:25.396 [RMI TCP Connection(1)-172.21.144.1] [32mINFO [0;39m o.a.c.c.C.[Tomcat].[localhost].[/]   [ |  | ] - Initializing Spring DispatcherServlet 'dispatcherServlet'
25-04-14 15:17:25.396 [RMI TCP Connection(1)-172.21.144.1] [32mINFO [0;39m o.s.web.servlet.DispatcherServlet    [ |  | ] - Initializing Servlet 'dispatcherServlet'
25-04-14 15:17:25.397 [RMI TCP Connection(1)-172.21.144.1] [32mINFO [0;39m o.s.web.servlet.DispatcherServlet    [ |  | ] - Completed initialization in 1 ms
25-04-14 15:18:51.969 [SpringApplicationShutdownHook] [32mINFO [0;39m o.s.b.w.e.tomcat.GracefulShutdown    [ |  | ] - Commencing graceful shutdown. Waiting for active requests to complete
25-04-14 15:18:52.063 [tomcat-shutdown] [32mINFO [0;39m o.s.b.w.e.tomcat.GracefulShutdown    [ |  | ] - Graceful shutdown complete
25-04-14 15:18:52.067 [SpringApplicationShutdownHook] [32mINFO [0;39m o.s.o.j.LocalContainerEntityManagerFactoryBean [ |  | ] - Closing JPA EntityManagerFactory for persistence unit 'default'
25-04-14 15:18:52.068 [SpringApplicationShutdownHook] [32mINFO [0;39m com.zaxxer.hikari.HikariDataSource   [ |  | ] - HikariPool-1 - Shutdown initiated...
25-04-14 15:18:52.070 [SpringApplicationShutdownHook] [32mINFO [0;39m com.zaxxer.hikari.HikariDataSource   [ |  | ] - HikariPool-1 - Shutdown completed.
25-04-14 15:20:46.523 [background-preinit] [32mINFO [0;39m o.h.validator.internal.util.Version  [ |  | ] - HV000001: Hibernate Validator 8.0.1.Final
25-04-14 15:20:46.559 [main] [32mINFO [0;39m c.s.m.discodeit.DiscodeitApplication [ |  | ] - Starting DiscodeitApplication using Java 17.0.13 with PID 29308 (C:\Users\leesi\1-sprint-mission\build\classes\java\main started by lee in C:\Users\leesi\1-sprint-mission)
25-04-14 15:20:46.560 [main] [32mDEBUG[0;39m c.s.m.discodeit.DiscodeitApplication [ |  | ] - Running with Spring Boot v3.4.2, Spring v6.2.2
25-04-14 15:20:46.560 [main] [32mINFO [0;39m c.s.m.discodeit.DiscodeitApplication [ |  | ] - The following 1 profile is active: "dev"
25-04-14 15:20:47.327 [main] [32mINFO [0;39m o.s.d.r.c.RepositoryConfigurationDelegate [ |  | ] - Bootstrapping Spring Data JPA repositories in DEFAULT mode.
25-04-14 15:20:47.389 [main] [32mINFO [0;39m o.s.d.r.c.RepositoryConfigurationDelegate [ |  | ] - Finished Spring Data repository scanning in 54 ms. Found 6 JPA repository interfaces.
25-04-14 15:20:47.911 [main] [32mINFO [0;39m o.s.b.w.e.tomcat.TomcatWebServer     [ |  | ] - Tomcat initialized with port 8080 (http)
25-04-14 15:20:47.913 [main] [32mINFO [0;39m o.a.c.core.AprLifecycleListener      [ |  | ] - Loaded Apache Tomcat Native library [2.0.8] using APR version [1.7.4].
25-04-14 15:20:47.916 [main] [32mINFO [0;39m o.a.c.core.AprLifecycleListener      [ |  | ] - OpenSSL successfully initialized [OpenSSL 3.0.14 4 Jun 2024]
25-04-14 15:20:47.923 [main] [32mINFO [0;39m o.a.coyote.http11.Http11NioProtocol  [ |  | ] - Initializing ProtocolHandler ["http-nio-8080"]
25-04-14 15:20:47.925 [main] [32mINFO [0;39m o.a.catalina.core.StandardService    [ |  | ] - Starting service [Tomcat]
25-04-14 15:20:47.925 [main] [32mINFO [0;39m o.a.catalina.core.StandardEngine     [ |  | ] - Starting Servlet engine: [Apache Tomcat/10.1.34]
25-04-14 15:20:47.980 [main] [32mINFO [0;39m o.a.c.c.C.[Tomcat].[localhost].[/]   [ |  | ] - Initializing Spring embedded WebApplicationContext
25-04-14 15:20:47.980 [main] [32mINFO [0;39m o.s.b.w.s.c.ServletWebServerApplicationContext [ |  | ] - Root WebApplicationContext: initialization completed in 1390 ms
25-04-14 15:20:48.142 [main] [32mINFO [0;39m com.zaxxer.hikari.HikariDataSource   [ |  | ] - HikariPool-1 - Starting...
25-04-14 15:20:48.266 [main] [32mINFO [0;39m com.zaxxer.hikari.pool.HikariPool    [ |  | ] - HikariPool-1 - Added connection org.postgresql.jdbc.PgConnection@dd20ebc
25-04-14 15:20:48.267 [main] [32mINFO [0;39m com.zaxxer.hikari.HikariDataSource   [ |  | ] - HikariPool-1 - Start completed.
25-04-14 15:20:48.332 [main] [32mINFO [0;39m o.h.jpa.internal.util.LogHelper      [ |  | ] - HHH000204: Processing PersistenceUnitInfo [name: default]
25-04-14 15:20:48.379 [main] [32mINFO [0;39m org.hibernate.Version                [ |  | ] - HHH000412: Hibernate ORM core version 6.6.5.Final
25-04-14 15:20:48.409 [main] [32mINFO [0;39m o.h.c.i.RegionFactoryInitiator       [ |  | ] - HHH000026: Second-level cache disabled
25-04-14 15:20:48.638 [main] [32mINFO [0;39m o.s.o.j.p.SpringPersistenceUnitInfo  [ |  | ] - No LoadTimeWeaver setup: ignoring JPA class transformer
25-04-14 15:20:48.716 [main] [32mINFO [0;39m o.hibernate.orm.connections.pooling  [ |  | ] - HHH10001005: Database info:
	Database JDBC URL [Connecting through datasource 'HikariDataSource (HikariPool-1)']
	Database driver: undefined/unknown
	Database version: 17.4
	Autocommit mode: undefined/unknown
	Isolation level: undefined/unknown
	Minimum pool size: undefined/unknown
	Maximum pool size: undefined/unknown
25-04-14 15:20:49.541 [main] [32mINFO [0;39m o.h.e.t.j.p.i.JtaPlatformInitiator   [ |  | ] - HHH000489: No JTA platform available (set 'hibernate.transaction.jta.platform' to enable JTA platform integration)
25-04-14 15:20:49.578 [main] [32mINFO [0;39m o.s.o.j.LocalContainerEntityManagerFactoryBean [ |  | ] - Initialized JPA EntityManagerFactory for persistence unit 'default'
25-04-14 15:20:49.906 [main] [32mINFO [0;39m o.s.d.j.r.query.QueryEnhancerFactory [ |  | ] - Hibernate is in classpath; If applicable, HQL parser will be used.
25-04-14 15:20:50.386 [main] [32mINFO [0;39m o.s.b.a.w.s.WelcomePageHandlerMapping [ |  | ] - Adding welcome page: class path resource [static/index.html]
25-04-14 15:20:50.932 [main] [32mINFO [0;39m o.s.b.a.e.web.EndpointLinksResolver  [ |  | ] - Exposing 4 endpoints beneath base path '/actuator'
25-04-14 15:20:50.979 [main] [32mINFO [0;39m o.a.coyote.http11.Http11NioProtocol  [ |  | ] - Starting ProtocolHandler ["http-nio-8080"]
25-04-14 15:20:50.992 [main] [32mINFO [0;39m o.s.b.w.e.tomcat.TomcatWebServer     [ |  | ] - Tomcat started on port 8080 (http) with context path '/'
25-04-14 15:20:51.002 [main] [32mINFO [0;39m c.s.m.discodeit.DiscodeitApplication [ |  | ] - Started DiscodeitApplication in 4.858 seconds (process running for 5.25)
25-04-14 15:20:51.125 [http-nio-8080-exec-1] [32mINFO [0;39m o.a.c.c.C.[Tomcat].[localhost].[/]   [ |  | ] - Initializing Spring DispatcherServlet 'dispatcherServlet'
25-04-14 15:20:51.125 [http-nio-8080-exec-1] [32mINFO [0;39m o.s.web.servlet.DispatcherServlet    [ |  | ] - Initializing Servlet 'dispatcherServlet'
25-04-14 15:20:51.127 [http-nio-8080-exec-1] [32mINFO [0;39m o.s.web.servlet.DispatcherServlet    [ |  | ] - Completed initialization in 1 ms
25-04-14 15:21:55.263 [SpringApplicationShutdownHook] [32mINFO [0;39m o.s.b.w.e.tomcat.GracefulShutdown    [ |  | ] - Commencing graceful shutdown. Waiting for active requests to complete
25-04-14 15:21:55.355 [tomcat-shutdown] [32mINFO [0;39m o.s.b.w.e.tomcat.GracefulShutdown    [ |  | ] - Graceful shutdown complete
25-04-14 15:21:55.359 [SpringApplicationShutdownHook] [32mINFO [0;39m o.s.o.j.LocalContainerEntityManagerFactoryBean [ |  | ] - Closing JPA EntityManagerFactory for persistence unit 'default'
25-04-14 15:21:55.360 [SpringApplicationShutdownHook] [32mINFO [0;39m com.zaxxer.hikari.HikariDataSource   [ |  | ] - HikariPool-1 - Shutdown initiated...
25-04-14 15:21:55.362 [SpringApplicationShutdownHook] [32mINFO [0;39m com.zaxxer.hikari.HikariDataSource   [ |  | ] - HikariPool-1 - Shutdown completed.
25-04-14 15:21:58.194 [background-preinit] [32mINFO [0;39m o.h.validator.internal.util.Version  [ |  | ] - HV000001: Hibernate Validator 8.0.1.Final
25-04-14 15:21:58.234 [main] [32mINFO [0;39m c.s.m.discodeit.DiscodeitApplication [ |  | ] - Starting DiscodeitApplication using Java 17.0.13 with PID 4480 (C:\Users\leesi\1-sprint-mission\build\classes\java\main started by lee in C:\Users\leesi\1-sprint-mission)
25-04-14 15:21:58.235 [main] [32mDEBUG[0;39m c.s.m.discodeit.DiscodeitApplication [ |  | ] - Running with Spring Boot v3.4.2, Spring v6.2.2
25-04-14 15:21:58.235 [main] [32mINFO [0;39m c.s.m.discodeit.DiscodeitApplication [ |  | ] - The following 1 profile is active: "dev"
25-04-14 15:21:58.992 [main] [32mINFO [0;39m o.s.d.r.c.RepositoryConfigurationDelegate [ |  | ] - Bootstrapping Spring Data JPA repositories in DEFAULT mode.
25-04-14 15:21:59.049 [main] [32mINFO [0;39m o.s.d.r.c.RepositoryConfigurationDelegate [ |  | ] - Finished Spring Data repository scanning in 50 ms. Found 6 JPA repository interfaces.
25-04-14 15:21:59.550 [main] [32mINFO [0;39m o.s.b.w.e.tomcat.TomcatWebServer     [ |  | ] - Tomcat initialized with port 8080 (http)
25-04-14 15:21:59.552 [main] [32mINFO [0;39m o.a.c.core.AprLifecycleListener      [ |  | ] - Loaded Apache Tomcat Native library [2.0.8] using APR version [1.7.4].
25-04-14 15:21:59.555 [main] [32mINFO [0;39m o.a.c.core.AprLifecycleListener      [ |  | ] - OpenSSL successfully initialized [OpenSSL 3.0.14 4 Jun 2024]
25-04-14 15:21:59.562 [main] [32mINFO [0;39m o.a.coyote.http11.Http11NioProtocol  [ |  | ] - Initializing ProtocolHandler ["http-nio-8080"]
25-04-14 15:21:59.563 [main] [32mINFO [0;39m o.a.catalina.core.StandardService    [ |  | ] - Starting service [Tomcat]
25-04-14 15:21:59.563 [main] [32mINFO [0;39m o.a.catalina.core.StandardEngine     [ |  | ] - Starting Servlet engine: [Apache Tomcat/10.1.34]
25-04-14 15:21:59.616 [main] [32mINFO [0;39m o.a.c.c.C.[Tomcat].[localhost].[/]   [ |  | ] - Initializing Spring embedded WebApplicationContext
25-04-14 15:21:59.616 [main] [32mINFO [0;39m o.s.b.w.s.c.ServletWebServerApplicationContext [ |  | ] - Root WebApplicationContext: initialization completed in 1343 ms
25-04-14 15:21:59.767 [main] [32mINFO [0;39m com.zaxxer.hikari.HikariDataSource   [ |  | ] - HikariPool-1 - Starting...
25-04-14 15:21:59.894 [main] [32mINFO [0;39m com.zaxxer.hikari.pool.HikariPool    [ |  | ] - HikariPool-1 - Added connection org.postgresql.jdbc.PgConnection@1f68e4e8
25-04-14 15:21:59.896 [main] [32mINFO [0;39m com.zaxxer.hikari.HikariDataSource   [ |  | ] - HikariPool-1 - Start completed.
25-04-14 15:21:59.958 [main] [32mINFO [0;39m o.h.jpa.internal.util.LogHelper      [ |  | ] - HHH000204: Processing PersistenceUnitInfo [name: default]
25-04-14 15:22:00.004 [main] [32mINFO [0;39m org.hibernate.Version                [ |  | ] - HHH000412: Hibernate ORM core version 6.6.5.Final
25-04-14 15:22:00.033 [main] [32mINFO [0;39m o.h.c.i.RegionFactoryInitiator       [ |  | ] - HHH000026: Second-level cache disabled
25-04-14 15:22:00.257 [main] [32mINFO [0;39m o.s.o.j.p.SpringPersistenceUnitInfo  [ |  | ] - No LoadTimeWeaver setup: ignoring JPA class transformer
25-04-14 15:22:00.330 [main] [32mINFO [0;39m o.hibernate.orm.connections.pooling  [ |  | ] - HHH10001005: Database info:
	Database JDBC URL [Connecting through datasource 'HikariDataSource (HikariPool-1)']
	Database driver: undefined/unknown
	Database version: 17.4
	Autocommit mode: undefined/unknown
	Isolation level: undefined/unknown
	Minimum pool size: undefined/unknown
	Maximum pool size: undefined/unknown
25-04-14 15:22:01.100 [main] [32mINFO [0;39m o.h.e.t.j.p.i.JtaPlatformInitiator   [ |  | ] - HHH000489: No JTA platform available (set 'hibernate.transaction.jta.platform' to enable JTA platform integration)
25-04-14 15:22:01.135 [main] [32mINFO [0;39m o.s.o.j.LocalContainerEntityManagerFactoryBean [ |  | ] - Initialized JPA EntityManagerFactory for persistence unit 'default'
25-04-14 15:22:01.446 [main] [32mINFO [0;39m o.s.d.j.r.query.QueryEnhancerFactory [ |  | ] - Hibernate is in classpath; If applicable, HQL parser will be used.
25-04-14 15:22:01.911 [main] [32mINFO [0;39m o.s.b.a.w.s.WelcomePageHandlerMapping [ |  | ] - Adding welcome page: class path resource [static/index.html]
25-04-14 15:22:02.455 [main] [32mINFO [0;39m o.s.b.a.e.web.EndpointLinksResolver  [ |  | ] - Exposing 4 endpoints beneath base path '/actuator'
25-04-14 15:22:02.504 [main] [32mINFO [0;39m o.a.coyote.http11.Http11NioProtocol  [ |  | ] - Starting ProtocolHandler ["http-nio-8080"]
25-04-14 15:22:02.522 [main] [32mINFO [0;39m o.s.b.w.e.tomcat.TomcatWebServer     [ |  | ] - Tomcat started on port 8080 (http) with context path '/'
25-04-14 15:22:02.533 [main] [32mINFO [0;39m c.s.m.discodeit.DiscodeitApplication [ |  | ] - Started DiscodeitApplication in 4.742 seconds (process running for 5.111)
25-04-14 15:22:03.119 [RMI TCP Connection(2)-172.21.144.1] [32mINFO [0;39m o.a.c.c.C.[Tomcat].[localhost].[/]   [ |  | ] - Initializing Spring DispatcherServlet 'dispatcherServlet'
25-04-14 15:22:03.120 [RMI TCP Connection(2)-172.21.144.1] [32mINFO [0;39m o.s.web.servlet.DispatcherServlet    [ |  | ] - Initializing Servlet 'dispatcherServlet'
25-04-14 15:22:03.122 [RMI TCP Connection(2)-172.21.144.1] [32mINFO [0;39m o.s.web.servlet.DispatcherServlet    [ |  | ] - Completed initialization in 1 ms
25-04-14 15:25:39.552 [SpringApplicationShutdownHook] [32mINFO [0;39m o.s.b.w.e.tomcat.GracefulShutdown    [ |  | ] - Commencing graceful shutdown. Waiting for active requests to complete
25-04-14 15:25:39.645 [tomcat-shutdown] [32mINFO [0;39m o.s.b.w.e.tomcat.GracefulShutdown    [ |  | ] - Graceful shutdown complete
25-04-14 15:25:39.651 [SpringApplicationShutdownHook] [32mINFO [0;39m o.s.o.j.LocalContainerEntityManagerFactoryBean [ |  | ] - Closing JPA EntityManagerFactory for persistence unit 'default'
25-04-14 15:25:39.653 [SpringApplicationShutdownHook] [32mINFO [0;39m com.zaxxer.hikari.HikariDataSource   [ |  | ] - HikariPool-1 - Shutdown initiated...
25-04-14 15:25:39.654 [SpringApplicationShutdownHook] [32mINFO [0;39m com.zaxxer.hikari.HikariDataSource   [ |  | ] - HikariPool-1 - Shutdown completed.
25-04-14 15:25:42.750 [background-preinit] [32mINFO [0;39m o.h.validator.internal.util.Version  [ |  | ] - HV000001: Hibernate Validator 8.0.1.Final
25-04-14 15:25:42.783 [main] [32mINFO [0;39m c.s.m.discodeit.DiscodeitApplication [ |  | ] - Starting DiscodeitApplication using Java 17.0.13 with PID 23540 (C:\Users\leesi\1-sprint-mission\build\classes\java\main started by lee in C:\Users\leesi\1-sprint-mission)
25-04-14 15:25:42.784 [main] [32mDEBUG[0;39m c.s.m.discodeit.DiscodeitApplication [ |  | ] - Running with Spring Boot v3.4.2, Spring v6.2.2
25-04-14 15:25:42.784 [main] [32mINFO [0;39m c.s.m.discodeit.DiscodeitApplication [ |  | ] - The following 1 profile is active: "dev"
25-04-14 15:25:43.535 [main] [32mINFO [0;39m o.s.d.r.c.RepositoryConfigurationDelegate [ |  | ] - Bootstrapping Spring Data JPA repositories in DEFAULT mode.
25-04-14 15:25:43.591 [main] [32mINFO [0;39m o.s.d.r.c.RepositoryConfigurationDelegate [ |  | ] - Finished Spring Data repository scanning in 49 ms. Found 6 JPA repository interfaces.
25-04-14 15:25:44.095 [main] [32mINFO [0;39m o.s.b.w.e.tomcat.TomcatWebServer     [ |  | ] - Tomcat initialized with port 8080 (http)
25-04-14 15:25:44.097 [main] [32mINFO [0;39m o.a.c.core.AprLifecycleListener      [ |  | ] - Loaded Apache Tomcat Native library [2.0.8] using APR version [1.7.4].
25-04-14 15:25:44.100 [main] [32mINFO [0;39m o.a.c.core.AprLifecycleListener      [ |  | ] - OpenSSL successfully initialized [OpenSSL 3.0.14 4 Jun 2024]
25-04-14 15:25:44.107 [main] [32mINFO [0;39m o.a.coyote.http11.Http11NioProtocol  [ |  | ] - Initializing ProtocolHandler ["http-nio-8080"]
25-04-14 15:25:44.108 [main] [32mINFO [0;39m o.a.catalina.core.StandardService    [ |  | ] - Starting service [Tomcat]
25-04-14 15:25:44.110 [main] [32mINFO [0;39m o.a.catalina.core.StandardEngine     [ |  | ] - Starting Servlet engine: [Apache Tomcat/10.1.34]
25-04-14 15:25:44.167 [main] [32mINFO [0;39m o.a.c.c.C.[Tomcat].[localhost].[/]   [ |  | ] - Initializing Spring embedded WebApplicationContext
25-04-14 15:25:44.167 [main] [32mINFO [0;39m o.s.b.w.s.c.ServletWebServerApplicationContext [ |  | ] - Root WebApplicationContext: initialization completed in 1353 ms
25-04-14 15:25:44.329 [main] [32mINFO [0;39m com.zaxxer.hikari.HikariDataSource   [ |  | ] - HikariPool-1 - Starting...
25-04-14 15:25:44.454 [main] [32mINFO [0;39m com.zaxxer.hikari.pool.HikariPool    [ |  | ] - HikariPool-1 - Added connection org.postgresql.jdbc.PgConnection@45bf93bb
25-04-14 15:25:44.455 [main] [32mINFO [0;39m com.zaxxer.hikari.HikariDataSource   [ |  | ] - HikariPool-1 - Start completed.
25-04-14 15:25:44.518 [main] [32mINFO [0;39m o.h.jpa.internal.util.LogHelper      [ |  | ] - HHH000204: Processing PersistenceUnitInfo [name: default]
25-04-14 15:25:44.564 [main] [32mINFO [0;39m org.hibernate.Version                [ |  | ] - HHH000412: Hibernate ORM core version 6.6.5.Final
25-04-14 15:25:44.591 [main] [32mINFO [0;39m o.h.c.i.RegionFactoryInitiator       [ |  | ] - HHH000026: Second-level cache disabled
25-04-14 15:25:44.810 [main] [32mINFO [0;39m o.s.o.j.p.SpringPersistenceUnitInfo  [ |  | ] - No LoadTimeWeaver setup: ignoring JPA class transformer
25-04-14 15:25:44.883 [main] [32mINFO [0;39m o.hibernate.orm.connections.pooling  [ |  | ] - HHH10001005: Database info:
	Database JDBC URL [Connecting through datasource 'HikariDataSource (HikariPool-1)']
	Database driver: undefined/unknown
	Database version: 17.4
	Autocommit mode: undefined/unknown
	Isolation level: undefined/unknown
	Minimum pool size: undefined/unknown
	Maximum pool size: undefined/unknown
25-04-14 15:25:45.666 [main] [32mINFO [0;39m o.h.e.t.j.p.i.JtaPlatformInitiator   [ |  | ] - HHH000489: No JTA platform available (set 'hibernate.transaction.jta.platform' to enable JTA platform integration)
25-04-14 15:25:45.701 [main] [32mINFO [0;39m o.s.o.j.LocalContainerEntityManagerFactoryBean [ |  | ] - Initialized JPA EntityManagerFactory for persistence unit 'default'
25-04-14 15:25:46.020 [main] [32mINFO [0;39m o.s.d.j.r.query.QueryEnhancerFactory [ |  | ] - Hibernate is in classpath; If applicable, HQL parser will be used.
25-04-14 15:25:46.482 [main] [32mINFO [0;39m o.s.b.a.w.s.WelcomePageHandlerMapping [ |  | ] - Adding welcome page: class path resource [static/index.html]
25-04-14 15:25:47.031 [main] [32mINFO [0;39m o.s.b.a.e.web.EndpointLinksResolver  [ |  | ] - Exposing 4 endpoints beneath base path '/actuator'
25-04-14 15:25:47.080 [main] [32mINFO [0;39m o.a.coyote.http11.Http11NioProtocol  [ |  | ] - Starting ProtocolHandler ["http-nio-8080"]
25-04-14 15:25:47.097 [main] [32mINFO [0;39m o.s.b.w.e.tomcat.TomcatWebServer     [ |  | ] - Tomcat started on port 8080 (http) with context path '/'
25-04-14 15:25:47.107 [main] [32mINFO [0;39m c.s.m.discodeit.DiscodeitApplication [ |  | ] - Started DiscodeitApplication in 4.805 seconds (process running for 5.205)
25-04-14 15:25:47.610 [RMI TCP Connection(4)-172.21.144.1] [32mINFO [0;39m o.a.c.c.C.[Tomcat].[localhost].[/]   [ |  | ] - Initializing Spring DispatcherServlet 'dispatcherServlet'
25-04-14 15:25:47.611 [RMI TCP Connection(4)-172.21.144.1] [32mINFO [0;39m o.s.web.servlet.DispatcherServlet    [ |  | ] - Initializing Servlet 'dispatcherServlet'
25-04-14 15:25:47.612 [RMI TCP Connection(4)-172.21.144.1] [32mINFO [0;39m o.s.web.servlet.DispatcherServlet    [ |  | ] - Completed initialization in 1 ms
25-04-14 15:25:52.285 [http-nio-8080-exec-5] [32mINFO [0;39m c.s.m.d.controller.AuthControllerV1  [ |  | ] - 로그인 요청: username=1
25-04-14 15:25:52.347 [http-nio-8080-exec-5] [32mDEBUG[0;39m org.hibernate.SQL                    [ |  | ] - 
    select
        u1_0.id,
        u1_0.created_at,
        u1_0.email,
        u1_0.password,
        u1_0.profile_id,
        u1_0.updated_at,
        u1_0.username 
    from
        users u1_0 
    where
        u1_0.username=?
25-04-14 15:25:52.348 [http-nio-8080-exec-5] [32mTRACE[0;39m org.hibernate.orm.jdbc.bind          [ |  | ] - binding parameter (1:VARCHAR) <- [1]
25-04-14 15:25:52.375 [http-nio-8080-exec-5] [32mDEBUG[0;39m org.hibernate.SQL                    [ |  | ] - 
    select
        us1_0.id,
        us1_0.created_at,
        us1_0.last_active_at,
        us1_0.updated_at,
        us1_0.user_id 
    from
        user_statuses us1_0 
    where
        us1_0.user_id=?
25-04-14 15:25:52.375 [http-nio-8080-exec-5] [32mTRACE[0;39m org.hibernate.orm.jdbc.bind          [ |  | ] - binding parameter (1:UUID) <- [b64d0c15-b1fe-46a0-beca-cb61a947228a]
25-04-14 15:26:07.540 [http-nio-8080-exec-6] [32mINFO [0;39m c.s.m.d.controller.AuthControllerV1  [ |  | ] - 로그인 요청: username=1
25-04-14 15:26:07.542 [http-nio-8080-exec-6] [32mDEBUG[0;39m org.hibernate.SQL                    [ |  | ] - 
    select
        u1_0.id,
        u1_0.created_at,
        u1_0.email,
        u1_0.password,
        u1_0.profile_id,
        u1_0.updated_at,
        u1_0.username 
    from
        users u1_0 
    where
        u1_0.username=?
25-04-14 15:26:07.542 [http-nio-8080-exec-6] [32mTRACE[0;39m org.hibernate.orm.jdbc.bind          [ |  | ] - binding parameter (1:VARCHAR) <- [1]
25-04-14 15:26:07.543 [http-nio-8080-exec-6] [32mDEBUG[0;39m org.hibernate.SQL                    [ |  | ] - 
    select
        us1_0.id,
        us1_0.created_at,
        us1_0.last_active_at,
        us1_0.updated_at,
        us1_0.user_id 
    from
        user_statuses us1_0 
    where
        us1_0.user_id=?
25-04-14 15:26:07.543 [http-nio-8080-exec-6] [32mTRACE[0;39m org.hibernate.orm.jdbc.bind          [ |  | ] - binding parameter (1:UUID) <- [b64d0c15-b1fe-46a0-beca-cb61a947228a]
25-04-14 15:26:07.560 [http-nio-8080-exec-6] [32mDEBUG[0;39m org.hibernate.SQL                    [ |  | ] - 
    select
        us1_0.id,
        us1_0.created_at,
        us1_0.last_active_at,
        us1_0.updated_at,
        us1_0.user_id 
    from
        user_statuses us1_0 
    left join
        users u1_0 
            on u1_0.id=us1_0.user_id 
    where
        u1_0.id=?
25-04-14 15:26:07.561 [http-nio-8080-exec-6] [32mTRACE[0;39m org.hibernate.orm.jdbc.bind          [ |  | ] - binding parameter (1:UUID) <- [b64d0c15-b1fe-46a0-beca-cb61a947228a]
25-04-14 15:26:07.584 [http-nio-8080-exec-6] [32mDEBUG[0;39m org.hibernate.SQL                    [ |  | ] - 
    update
        user_statuses 
    set
        created_at=?,
        last_active_at=?,
        updated_at=?,
        user_id=? 
    where
        id=?
25-04-14 15:26:07.585 [http-nio-8080-exec-6] [32mTRACE[0;39m org.hibernate.orm.jdbc.bind          [ |  | ] - binding parameter (1:TIMESTAMP_UTC) <- [2025-03-16T15:46:50.728321Z]
25-04-14 15:26:07.585 [http-nio-8080-exec-6] [32mTRACE[0;39m org.hibernate.orm.jdbc.bind          [ |  | ] - binding parameter (2:TIMESTAMP_UTC) <- [2025-04-14T06:26:07.544901400Z]
25-04-14 15:26:07.585 [http-nio-8080-exec-6] [32mTRACE[0;39m org.hibernate.orm.jdbc.bind          [ |  | ] - binding parameter (3:TIMESTAMP_UTC) <- [null]
25-04-14 15:26:07.585 [http-nio-8080-exec-6] [32mTRACE[0;39m org.hibernate.orm.jdbc.bind          [ |  | ] - binding parameter (4:UUID) <- [b64d0c15-b1fe-46a0-beca-cb61a947228a]
25-04-14 15:26:07.585 [http-nio-8080-exec-6] [32mTRACE[0;39m org.hibernate.orm.jdbc.bind          [ |  | ] - binding parameter (5:UUID) <- [ca41a864-c8c3-4be6-a5fa-20c6078099db]
25-04-14 15:26:07.596 [http-nio-8080-exec-6] [32mDEBUG[0;39m c.s.m.d.controller.AuthControllerV1  [ |  | ] - 로그인 응답: UserDto[userId=b64d0c15-b1fe-46a0-beca-cb61a947228a, createdAt=2025-03-16T15:46:50.717317Z, updatedAt=null, userName=null, email=1@cod2eit.com, profileId=null, isOnline=true]
25-04-14 15:26:07.610 [http-nio-8080-exec-7] [32mINFO [0;39m c.s.m.d.controller.UserController    [ |  | ] - 사용자 목록 조회 요청
25-04-14 15:26:07.617 [http-nio-8080-exec-7] [32mDEBUG[0;39m org.hibernate.SQL                    [ |  | ] - 
    select
        u1_0.id,
        u1_0.created_at,
        u1_0.email,
        u1_0.password,
        u1_0.profile_id,
        u1_0.updated_at,
        u1_0.username 
    from
        users u1_0
25-04-14 15:26:07.622 [http-nio-8080-exec-7] [32mDEBUG[0;39m org.hibernate.SQL                    [ |  | ] - 
    select
        us1_0.id,
        us1_0.created_at,
        us1_0.last_active_at,
        us1_0.updated_at,
        us1_0.user_id 
    from
        user_statuses us1_0 
    where
        us1_0.user_id=?
25-04-14 15:26:07.622 [http-nio-8080-exec-7] [32mTRACE[0;39m org.hibernate.orm.jdbc.bind          [ |  | ] - binding parameter (1:UUID) <- [8eda736a-b140-4189-906e-5da4f22f977d]
25-04-14 15:26:07.623 [http-nio-8080-exec-7] [32mDEBUG[0;39m org.hibernate.SQL                    [ |  | ] - 
    select
        us1_0.id,
        us1_0.created_at,
        us1_0.last_active_at,
        us1_0.updated_at,
        us1_0.user_id 
    from
        user_statuses us1_0 
    where
        us1_0.user_id=?
25-04-14 15:26:07.623 [http-nio-8080-exec-7] [32mTRACE[0;39m org.hibernate.orm.jdbc.bind          [ |  | ] - binding parameter (1:UUID) <- [cb1e48ad-2480-40e8-91b8-f17fb89149ac]
25-04-14 15:26:07.624 [http-nio-8080-exec-7] [32mDEBUG[0;39m org.hibernate.SQL                    [ |  | ] - 
    select
        us1_0.id,
        us1_0.created_at,
        us1_0.last_active_at,
        us1_0.updated_at,
        us1_0.user_id 
    from
        user_statuses us1_0 
    where
        us1_0.user_id=?
25-04-14 15:26:07.624 [http-nio-8080-exec-7] [32mTRACE[0;39m org.hibernate.orm.jdbc.bind          [ |  | ] - binding parameter (1:UUID) <- [e884b46f-a2ab-4996-9a7f-baa7ee41b5fd]
25-04-14 15:26:07.625 [http-nio-8080-exec-7] [32mDEBUG[0;39m org.hibernate.SQL                    [ |  | ] - 
    select
        us1_0.id,
        us1_0.created_at,
        us1_0.last_active_at,
        us1_0.updated_at,
        us1_0.user_id 
    from
        user_statuses us1_0 
    where
        us1_0.user_id=?
25-04-14 15:26:07.625 [http-nio-8080-exec-7] [32mTRACE[0;39m org.hibernate.orm.jdbc.bind          [ |  | ] - binding parameter (1:UUID) <- [6e94cf9c-7085-4e49-9883-260c3c32e68c]
25-04-14 15:26:07.627 [http-nio-8080-exec-7] [32mDEBUG[0;39m org.hibernate.SQL                    [ |  | ] - 
    select
        us1_0.id,
        us1_0.created_at,
        us1_0.last_active_at,
        us1_0.updated_at,
        us1_0.user_id 
    from
        user_statuses us1_0 
    where
        us1_0.user_id=?
25-04-14 15:26:07.627 [http-nio-8080-exec-7] [32mTRACE[0;39m org.hibernate.orm.jdbc.bind          [ |  | ] - binding parameter (1:UUID) <- [d2175aff-c5af-430e-af41-ae472d8642b6]
25-04-14 15:26:07.627 [http-nio-8080-exec-7] [32mDEBUG[0;39m org.hibernate.SQL                    [ |  | ] - 
    select
        us1_0.id,
        us1_0.created_at,
        us1_0.last_active_at,
        us1_0.updated_at,
        us1_0.user_id 
    from
        user_statuses us1_0 
    where
        us1_0.user_id=?
25-04-14 15:26:07.627 [http-nio-8080-exec-7] [32mTRACE[0;39m org.hibernate.orm.jdbc.bind          [ |  | ] - binding parameter (1:UUID) <- [1a064ffe-a25a-4492-9fe0-370528e5279f]
25-04-14 15:26:07.628 [http-nio-8080-exec-7] [32mDEBUG[0;39m org.hibernate.SQL                    [ |  | ] - 
    select
        us1_0.id,
        us1_0.created_at,
        us1_0.last_active_at,
        us1_0.updated_at,
        us1_0.user_id 
    from
        user_statuses us1_0 
    where
        us1_0.user_id=?
25-04-14 15:26:07.628 [http-nio-8080-exec-7] [32mTRACE[0;39m org.hibernate.orm.jdbc.bind          [ |  | ] - binding parameter (1:UUID) <- [962332e6-8cc3-4538-8c64-d2b022e7bf81]
25-04-14 15:26:07.629 [http-nio-8080-exec-7] [32mDEBUG[0;39m org.hibernate.SQL                    [ |  | ] - 
    select
        us1_0.id,
        us1_0.created_at,
        us1_0.last_active_at,
        us1_0.updated_at,
        us1_0.user_id 
    from
        user_statuses us1_0 
    where
        us1_0.user_id=?
25-04-14 15:26:07.629 [http-nio-8080-exec-7] [32mTRACE[0;39m org.hibernate.orm.jdbc.bind          [ |  | ] - binding parameter (1:UUID) <- [1bf3c1d5-ba9e-445c-bb05-e46f4da38b55]
25-04-14 15:26:07.630 [http-nio-8080-exec-7] [32mDEBUG[0;39m org.hibernate.SQL                    [ |  | ] - 
    select
        us1_0.id,
        us1_0.created_at,
        us1_0.last_active_at,
        us1_0.updated_at,
        us1_0.user_id 
    from
        user_statuses us1_0 
    where
        us1_0.user_id=?
25-04-14 15:26:07.630 [http-nio-8080-exec-7] [32mTRACE[0;39m org.hibernate.orm.jdbc.bind          [ |  | ] - binding parameter (1:UUID) <- [406d1ca8-ca14-4cf4-afd7-6d2985bc0d47]
25-04-14 15:26:07.630 [http-nio-8080-exec-7] [32mDEBUG[0;39m org.hibernate.SQL                    [ |  | ] - 
    select
        us1_0.id,
        us1_0.created_at,
        us1_0.last_active_at,
        us1_0.updated_at,
        us1_0.user_id 
    from
        user_statuses us1_0 
    where
        us1_0.user_id=?
25-04-14 15:26:07.630 [http-nio-8080-exec-7] [32mTRACE[0;39m org.hibernate.orm.jdbc.bind          [ |  | ] - binding parameter (1:UUID) <- [b64d0c15-b1fe-46a0-beca-cb61a947228a]
25-04-14 15:26:07.631 [http-nio-8080-exec-7] [32mDEBUG[0;39m org.hibernate.SQL                    [ |  | ] - 
    select
        us1_0.id,
        us1_0.created_at,
        us1_0.last_active_at,
        us1_0.updated_at,
        us1_0.user_id 
    from
        user_statuses us1_0 
    where
        us1_0.user_id=?
25-04-14 15:26:07.631 [http-nio-8080-exec-7] [32mTRACE[0;39m org.hibernate.orm.jdbc.bind          [ |  | ] - binding parameter (1:UUID) <- [48e2f3f6-5bb6-47b6-ad6e-3c1dd8240735]
25-04-14 15:26:07.631 [http-nio-8080-exec-7] [32mDEBUG[0;39m org.hibernate.SQL                    [ |  | ] - 
    select
        us1_0.id,
        us1_0.created_at,
        us1_0.last_active_at,
        us1_0.updated_at,
        us1_0.user_id 
    from
        user_statuses us1_0 
    where
        us1_0.user_id=?
25-04-14 15:26:07.631 [http-nio-8080-exec-7] [32mTRACE[0;39m org.hibernate.orm.jdbc.bind          [ |  | ] - binding parameter (1:UUID) <- [5735c1de-7d10-415d-94fb-b6a471c518a8]
25-04-14 15:26:07.632 [http-nio-8080-exec-7] [32mDEBUG[0;39m org.hibernate.SQL                    [ |  | ] - 
    select
        us1_0.id,
        us1_0.created_at,
        us1_0.last_active_at,
        us1_0.updated_at,
        us1_0.user_id 
    from
        user_statuses us1_0 
    where
        us1_0.user_id=?
25-04-14 15:26:07.632 [http-nio-8080-exec-7] [32mTRACE[0;39m org.hibernate.orm.jdbc.bind          [ |  | ] - binding parameter (1:UUID) <- [d867e1e2-c22c-4201-b137-496edf3adf71]
25-04-14 15:26:07.633 [http-nio-8080-exec-7] [32mDEBUG[0;39m org.hibernate.SQL                    [ |  | ] - 
    select
        us1_0.id,
        us1_0.created_at,
        us1_0.last_active_at,
        us1_0.updated_at,
        us1_0.user_id 
    from
        user_statuses us1_0 
    where
        us1_0.user_id=?
25-04-14 15:26:07.633 [http-nio-8080-exec-7] [32mTRACE[0;39m org.hibernate.orm.jdbc.bind          [ |  | ] - binding parameter (1:UUID) <- [c457048e-c1a2-46c5-8a52-b87738dc89a1]
25-04-14 15:26:07.634 [http-nio-8080-exec-7] [32mDEBUG[0;39m org.hibernate.SQL                    [ |  | ] - 
    select
        us1_0.id,
        us1_0.created_at,
        us1_0.last_active_at,
        us1_0.updated_at,
        us1_0.user_id 
    from
        user_statuses us1_0 
    where
        us1_0.user_id=?
25-04-14 15:26:07.634 [http-nio-8080-exec-7] [32mTRACE[0;39m org.hibernate.orm.jdbc.bind          [ |  | ] - binding parameter (1:UUID) <- [58734365-46e5-427c-aad4-91a591469b01]
25-04-14 15:26:07.636 [http-nio-8080-exec-7] [32mDEBUG[0;39m c.s.m.d.controller.UserController    [ |  | ] - 사용자 목록 조회 응답: count=15
25-04-14 15:26:17.255 [http-nio-8080-exec-8] [32mINFO [0;39m c.s.m.d.controller.AuthControllerV1  [ |  | ] - 로그인 요청: username=1
25-04-14 15:26:17.257 [http-nio-8080-exec-8] [32mDEBUG[0;39m org.hibernate.SQL                    [ |  | ] - 
    select
        u1_0.id,
        u1_0.created_at,
        u1_0.email,
        u1_0.password,
        u1_0.profile_id,
        u1_0.updated_at,
        u1_0.username 
    from
        users u1_0 
    where
        u1_0.username=?
25-04-14 15:26:17.257 [http-nio-8080-exec-8] [32mTRACE[0;39m org.hibernate.orm.jdbc.bind          [ |  | ] - binding parameter (1:VARCHAR) <- [1]
25-04-14 15:26:17.258 [http-nio-8080-exec-8] [32mDEBUG[0;39m org.hibernate.SQL                    [ |  | ] - 
    select
        us1_0.id,
        us1_0.created_at,
        us1_0.last_active_at,
        us1_0.updated_at,
        us1_0.user_id 
    from
        user_statuses us1_0 
    where
        us1_0.user_id=?
25-04-14 15:26:17.258 [http-nio-8080-exec-8] [32mTRACE[0;39m org.hibernate.orm.jdbc.bind          [ |  | ] - binding parameter (1:UUID) <- [b64d0c15-b1fe-46a0-beca-cb61a947228a]
25-04-14 15:26:17.260 [http-nio-8080-exec-8] [32mDEBUG[0;39m org.hibernate.SQL                    [ |  | ] - 
    select
        us1_0.id,
        us1_0.created_at,
        us1_0.last_active_at,
        us1_0.updated_at,
        us1_0.user_id 
    from
        user_statuses us1_0 
    left join
        users u1_0 
            on u1_0.id=us1_0.user_id 
    where
        u1_0.id=?
25-04-14 15:26:17.260 [http-nio-8080-exec-8] [32mTRACE[0;39m org.hibernate.orm.jdbc.bind          [ |  | ] - binding parameter (1:UUID) <- [b64d0c15-b1fe-46a0-beca-cb61a947228a]
25-04-14 15:26:17.262 [http-nio-8080-exec-8] [32mDEBUG[0;39m org.hibernate.SQL                    [ |  | ] - 
    update
        user_statuses 
    set
        created_at=?,
        last_active_at=?,
        updated_at=?,
        user_id=? 
    where
        id=?
25-04-14 15:26:17.262 [http-nio-8080-exec-8] [32mTRACE[0;39m org.hibernate.orm.jdbc.bind          [ |  | ] - binding parameter (1:TIMESTAMP_UTC) <- [2025-03-16T15:46:50.728321Z]
25-04-14 15:26:17.262 [http-nio-8080-exec-8] [32mTRACE[0;39m org.hibernate.orm.jdbc.bind          [ |  | ] - binding parameter (2:TIMESTAMP_UTC) <- [2025-04-14T06:26:17.259563Z]
25-04-14 15:26:17.262 [http-nio-8080-exec-8] [32mTRACE[0;39m org.hibernate.orm.jdbc.bind          [ |  | ] - binding parameter (3:TIMESTAMP_UTC) <- [null]
25-04-14 15:26:17.262 [http-nio-8080-exec-8] [32mTRACE[0;39m org.hibernate.orm.jdbc.bind          [ |  | ] - binding parameter (4:UUID) <- [b64d0c15-b1fe-46a0-beca-cb61a947228a]
25-04-14 15:26:17.262 [http-nio-8080-exec-8] [32mTRACE[0;39m org.hibernate.orm.jdbc.bind          [ |  | ] - binding parameter (5:UUID) <- [ca41a864-c8c3-4be6-a5fa-20c6078099db]
25-04-14 15:26:17.263 [http-nio-8080-exec-8] [32mDEBUG[0;39m c.s.m.d.controller.AuthControllerV1  [ |  | ] - 로그인 응답: UserDto[userId=b64d0c15-b1fe-46a0-beca-cb61a947228a, createdAt=2025-03-16T15:46:50.717317Z, updatedAt=null, userName=null, email=1@cod2eit.com, profileId=null, isOnline=true]
25-04-14 15:26:17.267 [http-nio-8080-exec-9] [32mINFO [0;39m c.s.m.d.controller.UserController    [ |  | ] - 사용자 목록 조회 요청
25-04-14 15:26:17.268 [http-nio-8080-exec-9] [32mDEBUG[0;39m org.hibernate.SQL                    [ |  | ] - 
    select
        u1_0.id,
        u1_0.created_at,
        u1_0.email,
        u1_0.password,
        u1_0.profile_id,
        u1_0.updated_at,
        u1_0.username 
    from
        users u1_0
25-04-14 15:26:17.269 [http-nio-8080-exec-9] [32mDEBUG[0;39m org.hibernate.SQL                    [ |  | ] - 
    select
        us1_0.id,
        us1_0.created_at,
        us1_0.last_active_at,
        us1_0.updated_at,
        us1_0.user_id 
    from
        user_statuses us1_0 
    where
        us1_0.user_id=?
25-04-14 15:26:17.269 [http-nio-8080-exec-9] [32mTRACE[0;39m org.hibernate.orm.jdbc.bind          [ |  | ] - binding parameter (1:UUID) <- [8eda736a-b140-4189-906e-5da4f22f977d]
25-04-14 15:26:17.270 [http-nio-8080-exec-9] [32mDEBUG[0;39m org.hibernate.SQL                    [ |  | ] - 
    select
        us1_0.id,
        us1_0.created_at,
        us1_0.last_active_at,
        us1_0.updated_at,
        us1_0.user_id 
    from
        user_statuses us1_0 
    where
        us1_0.user_id=?
25-04-14 15:26:17.270 [http-nio-8080-exec-9] [32mTRACE[0;39m org.hibernate.orm.jdbc.bind          [ |  | ] - binding parameter (1:UUID) <- [cb1e48ad-2480-40e8-91b8-f17fb89149ac]
25-04-14 15:26:17.270 [http-nio-8080-exec-9] [32mDEBUG[0;39m org.hibernate.SQL                    [ |  | ] - 
    select
        us1_0.id,
        us1_0.created_at,
        us1_0.last_active_at,
        us1_0.updated_at,
        us1_0.user_id 
    from
        user_statuses us1_0 
    where
        us1_0.user_id=?
25-04-14 15:26:17.270 [http-nio-8080-exec-9] [32mTRACE[0;39m org.hibernate.orm.jdbc.bind          [ |  | ] - binding parameter (1:UUID) <- [e884b46f-a2ab-4996-9a7f-baa7ee41b5fd]
25-04-14 15:26:17.271 [http-nio-8080-exec-9] [32mDEBUG[0;39m org.hibernate.SQL                    [ |  | ] - 
    select
        us1_0.id,
        us1_0.created_at,
        us1_0.last_active_at,
        us1_0.updated_at,
        us1_0.user_id 
    from
        user_statuses us1_0 
    where
        us1_0.user_id=?
25-04-14 15:26:17.271 [http-nio-8080-exec-9] [32mTRACE[0;39m org.hibernate.orm.jdbc.bind          [ |  | ] - binding parameter (1:UUID) <- [6e94cf9c-7085-4e49-9883-260c3c32e68c]
25-04-14 15:26:17.271 [http-nio-8080-exec-9] [32mDEBUG[0;39m org.hibernate.SQL                    [ |  | ] - 
    select
        us1_0.id,
        us1_0.created_at,
        us1_0.last_active_at,
        us1_0.updated_at,
        us1_0.user_id 
    from
        user_statuses us1_0 
    where
        us1_0.user_id=?
25-04-14 15:26:17.271 [http-nio-8080-exec-9] [32mTRACE[0;39m org.hibernate.orm.jdbc.bind          [ |  | ] - binding parameter (1:UUID) <- [d2175aff-c5af-430e-af41-ae472d8642b6]
25-04-14 15:26:17.272 [http-nio-8080-exec-9] [32mDEBUG[0;39m org.hibernate.SQL                    [ |  | ] - 
    select
        us1_0.id,
        us1_0.created_at,
        us1_0.last_active_at,
        us1_0.updated_at,
        us1_0.user_id 
    from
        user_statuses us1_0 
    where
        us1_0.user_id=?
25-04-14 15:26:17.272 [http-nio-8080-exec-9] [32mTRACE[0;39m org.hibernate.orm.jdbc.bind          [ |  | ] - binding parameter (1:UUID) <- [1a064ffe-a25a-4492-9fe0-370528e5279f]
25-04-14 15:26:17.273 [http-nio-8080-exec-9] [32mDEBUG[0;39m org.hibernate.SQL                    [ |  | ] - 
    select
        us1_0.id,
        us1_0.created_at,
        us1_0.last_active_at,
        us1_0.updated_at,
        us1_0.user_id 
    from
        user_statuses us1_0 
    where
        us1_0.user_id=?
25-04-14 15:26:17.273 [http-nio-8080-exec-9] [32mTRACE[0;39m org.hibernate.orm.jdbc.bind          [ |  | ] - binding parameter (1:UUID) <- [962332e6-8cc3-4538-8c64-d2b022e7bf81]
25-04-14 15:26:17.273 [http-nio-8080-exec-9] [32mDEBUG[0;39m org.hibernate.SQL                    [ |  | ] - 
    select
        us1_0.id,
        us1_0.created_at,
        us1_0.last_active_at,
        us1_0.updated_at,
        us1_0.user_id 
    from
        user_statuses us1_0 
    where
        us1_0.user_id=?
25-04-14 15:26:17.273 [http-nio-8080-exec-9] [32mTRACE[0;39m org.hibernate.orm.jdbc.bind          [ |  | ] - binding parameter (1:UUID) <- [1bf3c1d5-ba9e-445c-bb05-e46f4da38b55]
25-04-14 15:26:17.274 [http-nio-8080-exec-9] [32mDEBUG[0;39m org.hibernate.SQL                    [ |  | ] - 
    select
        us1_0.id,
        us1_0.created_at,
        us1_0.last_active_at,
        us1_0.updated_at,
        us1_0.user_id 
    from
        user_statuses us1_0 
    where
        us1_0.user_id=?
25-04-14 15:26:17.274 [http-nio-8080-exec-9] [32mTRACE[0;39m org.hibernate.orm.jdbc.bind          [ |  | ] - binding parameter (1:UUID) <- [406d1ca8-ca14-4cf4-afd7-6d2985bc0d47]
25-04-14 15:26:17.274 [http-nio-8080-exec-9] [32mDEBUG[0;39m org.hibernate.SQL                    [ |  | ] - 
    select
        us1_0.id,
        us1_0.created_at,
        us1_0.last_active_at,
        us1_0.updated_at,
        us1_0.user_id 
    from
        user_statuses us1_0 
    where
        us1_0.user_id=?
25-04-14 15:26:17.274 [http-nio-8080-exec-9] [32mTRACE[0;39m org.hibernate.orm.jdbc.bind          [ |  | ] - binding parameter (1:UUID) <- [b64d0c15-b1fe-46a0-beca-cb61a947228a]
25-04-14 15:26:17.275 [http-nio-8080-exec-9] [32mDEBUG[0;39m org.hibernate.SQL                    [ |  | ] - 
    select
        us1_0.id,
        us1_0.created_at,
        us1_0.last_active_at,
        us1_0.updated_at,
        us1_0.user_id 
    from
        user_statuses us1_0 
    where
        us1_0.user_id=?
25-04-14 15:26:17.275 [http-nio-8080-exec-9] [32mTRACE[0;39m org.hibernate.orm.jdbc.bind          [ |  | ] - binding parameter (1:UUID) <- [48e2f3f6-5bb6-47b6-ad6e-3c1dd8240735]
25-04-14 15:26:17.275 [http-nio-8080-exec-9] [32mDEBUG[0;39m org.hibernate.SQL                    [ |  | ] - 
    select
        us1_0.id,
        us1_0.created_at,
        us1_0.last_active_at,
        us1_0.updated_at,
        us1_0.user_id 
    from
        user_statuses us1_0 
    where
        us1_0.user_id=?
25-04-14 15:26:17.276 [http-nio-8080-exec-9] [32mTRACE[0;39m org.hibernate.orm.jdbc.bind          [ |  | ] - binding parameter (1:UUID) <- [5735c1de-7d10-415d-94fb-b6a471c518a8]
25-04-14 15:26:17.276 [http-nio-8080-exec-9] [32mDEBUG[0;39m org.hibernate.SQL                    [ |  | ] - 
    select
        us1_0.id,
        us1_0.created_at,
        us1_0.last_active_at,
        us1_0.updated_at,
        us1_0.user_id 
    from
        user_statuses us1_0 
    where
        us1_0.user_id=?
25-04-14 15:26:17.276 [http-nio-8080-exec-9] [32mTRACE[0;39m org.hibernate.orm.jdbc.bind          [ |  | ] - binding parameter (1:UUID) <- [d867e1e2-c22c-4201-b137-496edf3adf71]
25-04-14 15:26:17.277 [http-nio-8080-exec-9] [32mDEBUG[0;39m org.hibernate.SQL                    [ |  | ] - 
    select
        us1_0.id,
        us1_0.created_at,
        us1_0.last_active_at,
        us1_0.updated_at,
        us1_0.user_id 
    from
        user_statuses us1_0 
    where
        us1_0.user_id=?
25-04-14 15:26:17.277 [http-nio-8080-exec-9] [32mTRACE[0;39m org.hibernate.orm.jdbc.bind          [ |  | ] - binding parameter (1:UUID) <- [c457048e-c1a2-46c5-8a52-b87738dc89a1]
25-04-14 15:26:17.277 [http-nio-8080-exec-9] [32mDEBUG[0;39m org.hibernate.SQL                    [ |  | ] - 
    select
        us1_0.id,
        us1_0.created_at,
        us1_0.last_active_at,
        us1_0.updated_at,
        us1_0.user_id 
    from
        user_statuses us1_0 
    where
        us1_0.user_id=?
25-04-14 15:26:17.277 [http-nio-8080-exec-9] [32mTRACE[0;39m org.hibernate.orm.jdbc.bind          [ |  | ] - binding parameter (1:UUID) <- [58734365-46e5-427c-aad4-91a591469b01]
25-04-14 15:26:17.278 [http-nio-8080-exec-9] [32mDEBUG[0;39m c.s.m.d.controller.UserController    [ |  | ] - 사용자 목록 조회 응답: count=15
25-04-14 15:26:49.760 [http-nio-8080-exec-10] [32mINFO [0;39m c.s.m.d.controller.AuthControllerV1  [ |  | ] - 로그인 요청: username=1
25-04-14 15:26:49.763 [http-nio-8080-exec-10] [32mDEBUG[0;39m org.hibernate.SQL                    [ |  | ] - 
    select
        u1_0.id,
        u1_0.created_at,
        u1_0.email,
        u1_0.password,
        u1_0.profile_id,
        u1_0.updated_at,
        u1_0.username 
    from
        users u1_0 
    where
        u1_0.username=?
25-04-14 15:26:49.763 [http-nio-8080-exec-10] [32mTRACE[0;39m org.hibernate.orm.jdbc.bind          [ |  | ] - binding parameter (1:VARCHAR) <- [1]
25-04-14 15:26:49.764 [http-nio-8080-exec-10] [32mDEBUG[0;39m org.hibernate.SQL                    [ |  | ] - 
    select
        us1_0.id,
        us1_0.created_at,
        us1_0.last_active_at,
        us1_0.updated_at,
        us1_0.user_id 
    from
        user_statuses us1_0 
    where
        us1_0.user_id=?
25-04-14 15:26:49.764 [http-nio-8080-exec-10] [32mTRACE[0;39m org.hibernate.orm.jdbc.bind          [ |  | ] - binding parameter (1:UUID) <- [b64d0c15-b1fe-46a0-beca-cb61a947228a]
25-04-14 15:26:49.766 [http-nio-8080-exec-10] [32mDEBUG[0;39m org.hibernate.SQL                    [ |  | ] - 
    select
        us1_0.id,
        us1_0.created_at,
        us1_0.last_active_at,
        us1_0.updated_at,
        us1_0.user_id 
    from
        user_statuses us1_0 
    left join
        users u1_0 
            on u1_0.id=us1_0.user_id 
    where
        u1_0.id=?
25-04-14 15:26:49.766 [http-nio-8080-exec-10] [32mTRACE[0;39m org.hibernate.orm.jdbc.bind          [ |  | ] - binding parameter (1:UUID) <- [b64d0c15-b1fe-46a0-beca-cb61a947228a]
25-04-14 15:26:49.767 [http-nio-8080-exec-10] [32mDEBUG[0;39m org.hibernate.SQL                    [ |  | ] - 
    update
        user_statuses 
    set
        created_at=?,
        last_active_at=?,
        updated_at=?,
        user_id=? 
    where
        id=?
25-04-14 15:26:49.767 [http-nio-8080-exec-10] [32mTRACE[0;39m org.hibernate.orm.jdbc.bind          [ |  | ] - binding parameter (1:TIMESTAMP_UTC) <- [2025-03-16T15:46:50.728321Z]
25-04-14 15:26:49.768 [http-nio-8080-exec-10] [32mTRACE[0;39m org.hibernate.orm.jdbc.bind          [ |  | ] - binding parameter (2:TIMESTAMP_UTC) <- [2025-04-14T06:26:49.765183100Z]
25-04-14 15:26:49.768 [http-nio-8080-exec-10] [32mTRACE[0;39m org.hibernate.orm.jdbc.bind          [ |  | ] - binding parameter (3:TIMESTAMP_UTC) <- [null]
25-04-14 15:26:49.768 [http-nio-8080-exec-10] [32mTRACE[0;39m org.hibernate.orm.jdbc.bind          [ |  | ] - binding parameter (4:UUID) <- [b64d0c15-b1fe-46a0-beca-cb61a947228a]
25-04-14 15:26:49.768 [http-nio-8080-exec-10] [32mTRACE[0;39m org.hibernate.orm.jdbc.bind          [ |  | ] - binding parameter (5:UUID) <- [ca41a864-c8c3-4be6-a5fa-20c6078099db]
25-04-14 15:26:49.769 [http-nio-8080-exec-10] [32mDEBUG[0;39m c.s.m.d.controller.AuthControllerV1  [ |  | ] - 로그인 응답: UserDto[userId=b64d0c15-b1fe-46a0-beca-cb61a947228a, createdAt=2025-03-16T15:46:50.717317Z, updatedAt=null, userName=null, email=1@cod2eit.com, profileId=null, isOnline=true]
25-04-14 15:26:49.775 [http-nio-8080-exec-1] [32mINFO [0;39m c.s.m.d.controller.UserController    [ |  | ] - 사용자 목록 조회 요청
25-04-14 15:26:49.776 [http-nio-8080-exec-1] [32mDEBUG[0;39m org.hibernate.SQL                    [ |  | ] - 
    select
        u1_0.id,
        u1_0.created_at,
        u1_0.email,
        u1_0.password,
        u1_0.profile_id,
        u1_0.updated_at,
        u1_0.username 
    from
        users u1_0
25-04-14 15:26:49.778 [http-nio-8080-exec-1] [32mDEBUG[0;39m org.hibernate.SQL                    [ |  | ] - 
    select
        us1_0.id,
        us1_0.created_at,
        us1_0.last_active_at,
        us1_0.updated_at,
        us1_0.user_id 
    from
        user_statuses us1_0 
    where
        us1_0.user_id=?
25-04-14 15:26:49.778 [http-nio-8080-exec-1] [32mTRACE[0;39m org.hibernate.orm.jdbc.bind          [ |  | ] - binding parameter (1:UUID) <- [8eda736a-b140-4189-906e-5da4f22f977d]
25-04-14 15:26:49.779 [http-nio-8080-exec-1] [32mDEBUG[0;39m org.hibernate.SQL                    [ |  | ] - 
    select
        us1_0.id,
        us1_0.created_at,
        us1_0.last_active_at,
        us1_0.updated_at,
        us1_0.user_id 
    from
        user_statuses us1_0 
    where
        us1_0.user_id=?
25-04-14 15:26:49.779 [http-nio-8080-exec-1] [32mTRACE[0;39m org.hibernate.orm.jdbc.bind          [ |  | ] - binding parameter (1:UUID) <- [cb1e48ad-2480-40e8-91b8-f17fb89149ac]
25-04-14 15:26:49.780 [http-nio-8080-exec-1] [32mDEBUG[0;39m org.hibernate.SQL                    [ |  | ] - 
    select
        us1_0.id,
        us1_0.created_at,
        us1_0.last_active_at,
        us1_0.updated_at,
        us1_0.user_id 
    from
        user_statuses us1_0 
    where
        us1_0.user_id=?
25-04-14 15:26:49.780 [http-nio-8080-exec-1] [32mTRACE[0;39m org.hibernate.orm.jdbc.bind          [ |  | ] - binding parameter (1:UUID) <- [e884b46f-a2ab-4996-9a7f-baa7ee41b5fd]
25-04-14 15:26:49.781 [http-nio-8080-exec-1] [32mDEBUG[0;39m org.hibernate.SQL                    [ |  | ] - 
    select
        us1_0.id,
        us1_0.created_at,
        us1_0.last_active_at,
        us1_0.updated_at,
        us1_0.user_id 
    from
        user_statuses us1_0 
    where
        us1_0.user_id=?
25-04-14 15:26:49.781 [http-nio-8080-exec-1] [32mTRACE[0;39m org.hibernate.orm.jdbc.bind          [ |  | ] - binding parameter (1:UUID) <- [6e94cf9c-7085-4e49-9883-260c3c32e68c]
25-04-14 15:26:49.782 [http-nio-8080-exec-1] [32mDEBUG[0;39m org.hibernate.SQL                    [ |  | ] - 
    select
        us1_0.id,
        us1_0.created_at,
        us1_0.last_active_at,
        us1_0.updated_at,
        us1_0.user_id 
    from
        user_statuses us1_0 
    where
        us1_0.user_id=?
25-04-14 15:26:49.782 [http-nio-8080-exec-1] [32mTRACE[0;39m org.hibernate.orm.jdbc.bind          [ |  | ] - binding parameter (1:UUID) <- [d2175aff-c5af-430e-af41-ae472d8642b6]
25-04-14 15:26:49.783 [http-nio-8080-exec-1] [32mDEBUG[0;39m org.hibernate.SQL                    [ |  | ] - 
    select
        us1_0.id,
        us1_0.created_at,
        us1_0.last_active_at,
        us1_0.updated_at,
        us1_0.user_id 
    from
        user_statuses us1_0 
    where
        us1_0.user_id=?
25-04-14 15:26:49.783 [http-nio-8080-exec-1] [32mTRACE[0;39m org.hibernate.orm.jdbc.bind          [ |  | ] - binding parameter (1:UUID) <- [1a064ffe-a25a-4492-9fe0-370528e5279f]
25-04-14 15:26:49.783 [http-nio-8080-exec-1] [32mDEBUG[0;39m org.hibernate.SQL                    [ |  | ] - 
    select
        us1_0.id,
        us1_0.created_at,
        us1_0.last_active_at,
        us1_0.updated_at,
        us1_0.user_id 
    from
        user_statuses us1_0 
    where
        us1_0.user_id=?
25-04-14 15:26:49.783 [http-nio-8080-exec-1] [32mTRACE[0;39m org.hibernate.orm.jdbc.bind          [ |  | ] - binding parameter (1:UUID) <- [962332e6-8cc3-4538-8c64-d2b022e7bf81]
25-04-14 15:26:49.784 [http-nio-8080-exec-1] [32mDEBUG[0;39m org.hibernate.SQL                    [ |  | ] - 
    select
        us1_0.id,
        us1_0.created_at,
        us1_0.last_active_at,
        us1_0.updated_at,
        us1_0.user_id 
    from
        user_statuses us1_0 
    where
        us1_0.user_id=?
25-04-14 15:26:49.784 [http-nio-8080-exec-1] [32mTRACE[0;39m org.hibernate.orm.jdbc.bind          [ |  | ] - binding parameter (1:UUID) <- [1bf3c1d5-ba9e-445c-bb05-e46f4da38b55]
25-04-14 15:26:49.785 [http-nio-8080-exec-1] [32mDEBUG[0;39m org.hibernate.SQL                    [ |  | ] - 
    select
        us1_0.id,
        us1_0.created_at,
        us1_0.last_active_at,
        us1_0.updated_at,
        us1_0.user_id 
    from
        user_statuses us1_0 
    where
        us1_0.user_id=?
25-04-14 15:26:49.785 [http-nio-8080-exec-1] [32mTRACE[0;39m org.hibernate.orm.jdbc.bind          [ |  | ] - binding parameter (1:UUID) <- [406d1ca8-ca14-4cf4-afd7-6d2985bc0d47]
25-04-14 15:26:49.785 [http-nio-8080-exec-1] [32mDEBUG[0;39m org.hibernate.SQL                    [ |  | ] - 
    select
        us1_0.id,
        us1_0.created_at,
        us1_0.last_active_at,
        us1_0.updated_at,
        us1_0.user_id 
    from
        user_statuses us1_0 
    where
        us1_0.user_id=?
25-04-14 15:26:49.785 [http-nio-8080-exec-1] [32mTRACE[0;39m org.hibernate.orm.jdbc.bind          [ |  | ] - binding parameter (1:UUID) <- [b64d0c15-b1fe-46a0-beca-cb61a947228a]
25-04-14 15:26:49.786 [http-nio-8080-exec-1] [32mDEBUG[0;39m org.hibernate.SQL                    [ |  | ] - 
    select
        us1_0.id,
        us1_0.created_at,
        us1_0.last_active_at,
        us1_0.updated_at,
        us1_0.user_id 
    from
        user_statuses us1_0 
    where
        us1_0.user_id=?
25-04-14 15:26:49.786 [http-nio-8080-exec-1] [32mTRACE[0;39m org.hibernate.orm.jdbc.bind          [ |  | ] - binding parameter (1:UUID) <- [48e2f3f6-5bb6-47b6-ad6e-3c1dd8240735]
25-04-14 15:26:49.786 [http-nio-8080-exec-1] [32mDEBUG[0;39m org.hibernate.SQL                    [ |  | ] - 
    select
        us1_0.id,
        us1_0.created_at,
        us1_0.last_active_at,
        us1_0.updated_at,
        us1_0.user_id 
    from
        user_statuses us1_0 
    where
        us1_0.user_id=?
25-04-14 15:26:49.786 [http-nio-8080-exec-1] [32mTRACE[0;39m org.hibernate.orm.jdbc.bind          [ |  | ] - binding parameter (1:UUID) <- [5735c1de-7d10-415d-94fb-b6a471c518a8]
25-04-14 15:26:49.788 [http-nio-8080-exec-1] [32mDEBUG[0;39m org.hibernate.SQL                    [ |  | ] - 
    select
        us1_0.id,
        us1_0.created_at,
        us1_0.last_active_at,
        us1_0.updated_at,
        us1_0.user_id 
    from
        user_statuses us1_0 
    where
        us1_0.user_id=?
25-04-14 15:26:49.788 [http-nio-8080-exec-1] [32mTRACE[0;39m org.hibernate.orm.jdbc.bind          [ |  | ] - binding parameter (1:UUID) <- [d867e1e2-c22c-4201-b137-496edf3adf71]
25-04-14 15:26:49.788 [http-nio-8080-exec-1] [32mDEBUG[0;39m org.hibernate.SQL                    [ |  | ] - 
    select
        us1_0.id,
        us1_0.created_at,
        us1_0.last_active_at,
        us1_0.updated_at,
        us1_0.user_id 
    from
        user_statuses us1_0 
    where
        us1_0.user_id=?
25-04-14 15:26:49.788 [http-nio-8080-exec-1] [32mTRACE[0;39m org.hibernate.orm.jdbc.bind          [ |  | ] - binding parameter (1:UUID) <- [c457048e-c1a2-46c5-8a52-b87738dc89a1]
25-04-14 15:26:49.789 [http-nio-8080-exec-1] [32mDEBUG[0;39m org.hibernate.SQL                    [ |  | ] - 
    select
        us1_0.id,
        us1_0.created_at,
        us1_0.last_active_at,
        us1_0.updated_at,
        us1_0.user_id 
    from
        user_statuses us1_0 
    where
        us1_0.user_id=?
25-04-14 15:26:49.789 [http-nio-8080-exec-1] [32mTRACE[0;39m org.hibernate.orm.jdbc.bind          [ |  | ] - binding parameter (1:UUID) <- [58734365-46e5-427c-aad4-91a591469b01]
25-04-14 15:26:49.790 [http-nio-8080-exec-1] [32mDEBUG[0;39m c.s.m.d.controller.UserController    [ |  | ] - 사용자 목록 조회 응답: count=15
25-04-14 15:27:18.288 [http-nio-8080-exec-3] [32mINFO [0;39m c.s.m.d.controller.AuthControllerV1  [ |  | ] - 로그인 요청: username=1
25-04-14 15:27:18.291 [http-nio-8080-exec-3] [32mDEBUG[0;39m org.hibernate.SQL                    [ |  | ] - 
    select
        u1_0.id,
        u1_0.created_at,
        u1_0.email,
        u1_0.password,
        u1_0.profile_id,
        u1_0.updated_at,
        u1_0.username 
    from
        users u1_0 
    where
        u1_0.username=?
25-04-14 15:27:18.291 [http-nio-8080-exec-3] [32mTRACE[0;39m org.hibernate.orm.jdbc.bind          [ |  | ] - binding parameter (1:VARCHAR) <- [1]
25-04-14 15:27:18.292 [http-nio-8080-exec-3] [32mDEBUG[0;39m org.hibernate.SQL                    [ |  | ] - 
    select
        us1_0.id,
        us1_0.created_at,
        us1_0.last_active_at,
        us1_0.updated_at,
        us1_0.user_id 
    from
        user_statuses us1_0 
    where
        us1_0.user_id=?
25-04-14 15:27:18.292 [http-nio-8080-exec-3] [32mTRACE[0;39m org.hibernate.orm.jdbc.bind          [ |  | ] - binding parameter (1:UUID) <- [b64d0c15-b1fe-46a0-beca-cb61a947228a]
25-04-14 15:27:18.294 [http-nio-8080-exec-3] [32mDEBUG[0;39m org.hibernate.SQL                    [ |  | ] - 
    select
        us1_0.id,
        us1_0.created_at,
        us1_0.last_active_at,
        us1_0.updated_at,
        us1_0.user_id 
    from
        user_statuses us1_0 
    left join
        users u1_0 
            on u1_0.id=us1_0.user_id 
    where
        u1_0.id=?
25-04-14 15:27:18.294 [http-nio-8080-exec-3] [32mTRACE[0;39m org.hibernate.orm.jdbc.bind          [ |  | ] - binding parameter (1:UUID) <- [b64d0c15-b1fe-46a0-beca-cb61a947228a]
25-04-14 15:27:18.295 [http-nio-8080-exec-3] [32mDEBUG[0;39m org.hibernate.SQL                    [ |  | ] - 
    update
        user_statuses 
    set
        created_at=?,
        last_active_at=?,
        updated_at=?,
        user_id=? 
    where
        id=?
25-04-14 15:27:18.295 [http-nio-8080-exec-3] [32mTRACE[0;39m org.hibernate.orm.jdbc.bind          [ |  | ] - binding parameter (1:TIMESTAMP_UTC) <- [2025-03-16T15:46:50.728321Z]
25-04-14 15:27:18.295 [http-nio-8080-exec-3] [32mTRACE[0;39m org.hibernate.orm.jdbc.bind          [ |  | ] - binding parameter (2:TIMESTAMP_UTC) <- [2025-04-14T06:27:18.293330400Z]
25-04-14 15:27:18.296 [http-nio-8080-exec-3] [32mTRACE[0;39m org.hibernate.orm.jdbc.bind          [ |  | ] - binding parameter (3:TIMESTAMP_UTC) <- [null]
25-04-14 15:27:18.296 [http-nio-8080-exec-3] [32mTRACE[0;39m org.hibernate.orm.jdbc.bind          [ |  | ] - binding parameter (4:UUID) <- [b64d0c15-b1fe-46a0-beca-cb61a947228a]
25-04-14 15:27:18.296 [http-nio-8080-exec-3] [32mTRACE[0;39m org.hibernate.orm.jdbc.bind          [ |  | ] - binding parameter (5:UUID) <- [ca41a864-c8c3-4be6-a5fa-20c6078099db]
25-04-14 15:27:18.299 [http-nio-8080-exec-3] [32mDEBUG[0;39m c.s.m.d.controller.AuthControllerV1  [ |  | ] - 로그인 응답: UserDto[userId=b64d0c15-b1fe-46a0-beca-cb61a947228a, createdAt=2025-03-16T15:46:50.717317Z, updatedAt=null, userName=null, email=1@cod2eit.com, profileId=null, isOnline=true]
25-04-14 15:27:18.305 [http-nio-8080-exec-4] [32mINFO [0;39m c.s.m.d.controller.UserController    [ |  | ] - 사용자 목록 조회 요청
25-04-14 15:27:18.306 [http-nio-8080-exec-4] [32mDEBUG[0;39m org.hibernate.SQL                    [ |  | ] - 
    select
        u1_0.id,
        u1_0.created_at,
        u1_0.email,
        u1_0.password,
        u1_0.profile_id,
        u1_0.updated_at,
        u1_0.username 
    from
        users u1_0
25-04-14 15:27:18.308 [http-nio-8080-exec-4] [32mDEBUG[0;39m org.hibernate.SQL                    [ |  | ] - 
    select
        us1_0.id,
        us1_0.created_at,
        us1_0.last_active_at,
        us1_0.updated_at,
        us1_0.user_id 
    from
        user_statuses us1_0 
    where
        us1_0.user_id=?
25-04-14 15:27:18.308 [http-nio-8080-exec-4] [32mTRACE[0;39m org.hibernate.orm.jdbc.bind          [ |  | ] - binding parameter (1:UUID) <- [8eda736a-b140-4189-906e-5da4f22f977d]
25-04-14 15:27:18.309 [http-nio-8080-exec-4] [32mDEBUG[0;39m org.hibernate.SQL                    [ |  | ] - 
    select
        us1_0.id,
        us1_0.created_at,
        us1_0.last_active_at,
        us1_0.updated_at,
        us1_0.user_id 
    from
        user_statuses us1_0 
    where
        us1_0.user_id=?
25-04-14 15:27:18.310 [http-nio-8080-exec-4] [32mTRACE[0;39m org.hibernate.orm.jdbc.bind          [ |  | ] - binding parameter (1:UUID) <- [cb1e48ad-2480-40e8-91b8-f17fb89149ac]
25-04-14 15:27:18.310 [http-nio-8080-exec-4] [32mDEBUG[0;39m org.hibernate.SQL                    [ |  | ] - 
    select
        us1_0.id,
        us1_0.created_at,
        us1_0.last_active_at,
        us1_0.updated_at,
        us1_0.user_id 
    from
        user_statuses us1_0 
    where
        us1_0.user_id=?
25-04-14 15:27:18.311 [http-nio-8080-exec-4] [32mTRACE[0;39m org.hibernate.orm.jdbc.bind          [ |  | ] - binding parameter (1:UUID) <- [e884b46f-a2ab-4996-9a7f-baa7ee41b5fd]
25-04-14 15:27:18.311 [http-nio-8080-exec-4] [32mDEBUG[0;39m org.hibernate.SQL                    [ |  | ] - 
    select
        us1_0.id,
        us1_0.created_at,
        us1_0.last_active_at,
        us1_0.updated_at,
        us1_0.user_id 
    from
        user_statuses us1_0 
    where
        us1_0.user_id=?
25-04-14 15:27:18.311 [http-nio-8080-exec-4] [32mTRACE[0;39m org.hibernate.orm.jdbc.bind          [ |  | ] - binding parameter (1:UUID) <- [6e94cf9c-7085-4e49-9883-260c3c32e68c]
25-04-14 15:27:18.312 [http-nio-8080-exec-4] [32mDEBUG[0;39m org.hibernate.SQL                    [ |  | ] - 
    select
        us1_0.id,
        us1_0.created_at,
        us1_0.last_active_at,
        us1_0.updated_at,
        us1_0.user_id 
    from
        user_statuses us1_0 
    where
        us1_0.user_id=?
25-04-14 15:27:18.312 [http-nio-8080-exec-4] [32mTRACE[0;39m org.hibernate.orm.jdbc.bind          [ |  | ] - binding parameter (1:UUID) <- [d2175aff-c5af-430e-af41-ae472d8642b6]
25-04-14 15:27:18.313 [http-nio-8080-exec-4] [32mDEBUG[0;39m org.hibernate.SQL                    [ |  | ] - 
    select
        us1_0.id,
        us1_0.created_at,
        us1_0.last_active_at,
        us1_0.updated_at,
        us1_0.user_id 
    from
        user_statuses us1_0 
    where
        us1_0.user_id=?
25-04-14 15:27:18.313 [http-nio-8080-exec-4] [32mTRACE[0;39m org.hibernate.orm.jdbc.bind          [ |  | ] - binding parameter (1:UUID) <- [1a064ffe-a25a-4492-9fe0-370528e5279f]
25-04-14 15:27:18.314 [http-nio-8080-exec-4] [32mDEBUG[0;39m org.hibernate.SQL                    [ |  | ] - 
    select
        us1_0.id,
        us1_0.created_at,
        us1_0.last_active_at,
        us1_0.updated_at,
        us1_0.user_id 
    from
        user_statuses us1_0 
    where
        us1_0.user_id=?
25-04-14 15:27:18.314 [http-nio-8080-exec-4] [32mTRACE[0;39m org.hibernate.orm.jdbc.bind          [ |  | ] - binding parameter (1:UUID) <- [962332e6-8cc3-4538-8c64-d2b022e7bf81]
25-04-14 15:27:18.314 [http-nio-8080-exec-4] [32mDEBUG[0;39m org.hibernate.SQL                    [ |  | ] - 
    select
        us1_0.id,
        us1_0.created_at,
        us1_0.last_active_at,
        us1_0.updated_at,
        us1_0.user_id 
    from
        user_statuses us1_0 
    where
        us1_0.user_id=?
25-04-14 15:27:18.314 [http-nio-8080-exec-4] [32mTRACE[0;39m org.hibernate.orm.jdbc.bind          [ |  | ] - binding parameter (1:UUID) <- [1bf3c1d5-ba9e-445c-bb05-e46f4da38b55]
25-04-14 15:27:18.315 [http-nio-8080-exec-4] [32mDEBUG[0;39m org.hibernate.SQL                    [ |  | ] - 
    select
        us1_0.id,
        us1_0.created_at,
        us1_0.last_active_at,
        us1_0.updated_at,
        us1_0.user_id 
    from
        user_statuses us1_0 
    where
        us1_0.user_id=?
25-04-14 15:27:18.315 [http-nio-8080-exec-4] [32mTRACE[0;39m org.hibernate.orm.jdbc.bind          [ |  | ] - binding parameter (1:UUID) <- [406d1ca8-ca14-4cf4-afd7-6d2985bc0d47]
25-04-14 15:27:18.315 [http-nio-8080-exec-4] [32mDEBUG[0;39m org.hibernate.SQL                    [ |  | ] - 
    select
        us1_0.id,
        us1_0.created_at,
        us1_0.last_active_at,
        us1_0.updated_at,
        us1_0.user_id 
    from
        user_statuses us1_0 
    where
        us1_0.user_id=?
25-04-14 15:27:18.315 [http-nio-8080-exec-4] [32mTRACE[0;39m org.hibernate.orm.jdbc.bind          [ |  | ] - binding parameter (1:UUID) <- [b64d0c15-b1fe-46a0-beca-cb61a947228a]
25-04-14 15:27:18.316 [http-nio-8080-exec-4] [32mDEBUG[0;39m org.hibernate.SQL                    [ |  | ] - 
    select
        us1_0.id,
        us1_0.created_at,
        us1_0.last_active_at,
        us1_0.updated_at,
        us1_0.user_id 
    from
        user_statuses us1_0 
    where
        us1_0.user_id=?
25-04-14 15:27:18.316 [http-nio-8080-exec-4] [32mTRACE[0;39m org.hibernate.orm.jdbc.bind          [ |  | ] - binding parameter (1:UUID) <- [48e2f3f6-5bb6-47b6-ad6e-3c1dd8240735]
25-04-14 15:27:18.316 [http-nio-8080-exec-4] [32mDEBUG[0;39m org.hibernate.SQL                    [ |  | ] - 
    select
        us1_0.id,
        us1_0.created_at,
        us1_0.last_active_at,
        us1_0.updated_at,
        us1_0.user_id 
    from
        user_statuses us1_0 
    where
        us1_0.user_id=?
25-04-14 15:27:18.316 [http-nio-8080-exec-4] [32mTRACE[0;39m org.hibernate.orm.jdbc.bind          [ |  | ] - binding parameter (1:UUID) <- [5735c1de-7d10-415d-94fb-b6a471c518a8]
25-04-14 15:27:18.316 [http-nio-8080-exec-4] [32mDEBUG[0;39m org.hibernate.SQL                    [ |  | ] - 
    select
        us1_0.id,
        us1_0.created_at,
        us1_0.last_active_at,
        us1_0.updated_at,
        us1_0.user_id 
    from
        user_statuses us1_0 
    where
        us1_0.user_id=?
25-04-14 15:27:18.316 [http-nio-8080-exec-4] [32mTRACE[0;39m org.hibernate.orm.jdbc.bind          [ |  | ] - binding parameter (1:UUID) <- [d867e1e2-c22c-4201-b137-496edf3adf71]
25-04-14 15:27:18.317 [http-nio-8080-exec-4] [32mDEBUG[0;39m org.hibernate.SQL                    [ |  | ] - 
    select
        us1_0.id,
        us1_0.created_at,
        us1_0.last_active_at,
        us1_0.updated_at,
        us1_0.user_id 
    from
        user_statuses us1_0 
    where
        us1_0.user_id=?
25-04-14 15:27:18.317 [http-nio-8080-exec-4] [32mTRACE[0;39m org.hibernate.orm.jdbc.bind          [ |  | ] - binding parameter (1:UUID) <- [c457048e-c1a2-46c5-8a52-b87738dc89a1]
25-04-14 15:27:18.318 [http-nio-8080-exec-4] [32mDEBUG[0;39m org.hibernate.SQL                    [ |  | ] - 
    select
        us1_0.id,
        us1_0.created_at,
        us1_0.last_active_at,
        us1_0.updated_at,
        us1_0.user_id 
    from
        user_statuses us1_0 
    where
        us1_0.user_id=?
25-04-14 15:27:18.318 [http-nio-8080-exec-4] [32mTRACE[0;39m org.hibernate.orm.jdbc.bind          [ |  | ] - binding parameter (1:UUID) <- [58734365-46e5-427c-aad4-91a591469b01]
25-04-14 15:27:18.319 [http-nio-8080-exec-4] [32mDEBUG[0;39m c.s.m.d.controller.UserController    [ |  | ] - 사용자 목록 조회 응답: count=15
25-04-14 15:30:19.330 [SpringApplicationShutdownHook] [32mINFO [0;39m o.s.b.w.e.tomcat.GracefulShutdown    [ |  | ] - Commencing graceful shutdown. Waiting for active requests to complete
25-04-14 15:30:19.426 [tomcat-shutdown] [32mINFO [0;39m o.s.b.w.e.tomcat.GracefulShutdown    [ |  | ] - Graceful shutdown complete
25-04-14 15:30:19.431 [SpringApplicationShutdownHook] [32mINFO [0;39m o.s.o.j.LocalContainerEntityManagerFactoryBean [ |  | ] - Closing JPA EntityManagerFactory for persistence unit 'default'
25-04-14 15:30:19.432 [SpringApplicationShutdownHook] [32mINFO [0;39m com.zaxxer.hikari.HikariDataSource   [ |  | ] - HikariPool-1 - Shutdown initiated...
25-04-14 15:30:19.434 [SpringApplicationShutdownHook] [32mINFO [0;39m com.zaxxer.hikari.HikariDataSource   [ |  | ] - HikariPool-1 - Shutdown completed.
