2025-03-27 17:35:37.395 [main] INFO  com.sprint.mission.discodeit.DiscodeitApplication -Starting DiscodeitApplication using Java 17.0.12 with PID 12220 (C:\Users\qwert\1-sprint-mission\build\classes\java\main started by qwert in C:\Users\qwert\1-sprint-mission)
2025-03-27 17:35:37.399 [main] INFO  com.sprint.mission.discodeit.DiscodeitApplication -The following 1 profile is active: "local"
2025-03-27 17:35:39.203 [main] INFO  org.springframework.data.repository.config.RepositoryConfigurationDelegate -Bootstrapping Spring Data JPA repositories in DEFAULT mode.
2025-03-27 17:35:39.570 [main] INFO  org.springframework.data.repository.config.RepositoryConfigurationDelegate -Finished Spring Data repository scanning in 353 ms. Found 6 JPA repository interfaces.
2025-03-27 17:35:40.746 [main] INFO  org.springframework.boot.web.embedded.tomcat.TomcatWebServer -Tomcat initialized with port 8080 (http)
2025-03-27 17:35:40.767 [main] INFO  org.apache.coyote.http11.Http11NioProtocol -Initializing ProtocolHandler ["http-nio-8080"]
2025-03-27 17:35:40.771 [main] INFO  org.apache.catalina.core.StandardService -Starting service [Tomcat]
2025-03-27 17:35:40.771 [main] INFO  org.apache.catalina.core.StandardEngine -Starting Servlet engine: [Apache Tomcat/10.1.34]
2025-03-27 17:35:40.933 [main] INFO  org.apache.catalina.core.ContainerBase.[Tomcat].[localhost].[/] -Initializing Spring embedded WebApplicationContext
2025-03-27 17:35:40.934 [main] INFO  org.springframework.boot.web.servlet.context.ServletWebServerApplicationContext -Root WebApplicationContext: initialization completed in 3435 ms
2025-03-27 17:35:41.156 [main] INFO  com.zaxxer.hikari.HikariDataSource   -HikariPool-1 - Starting...
2025-03-27 17:35:41.569 [main] INFO  com.zaxxer.hikari.pool.HikariPool    -HikariPool-1 - Added connection org.postgresql.jdbc.PgConnection@c318864
2025-03-27 17:35:41.573 [main] INFO  com.zaxxer.hikari.HikariDataSource   -HikariPool-1 - Start completed.
2025-03-27 17:35:41.761 [main] INFO  org.hibernate.jpa.internal.util.LogHelper -HHH000204: Processing PersistenceUnitInfo [name: default]
2025-03-27 17:35:41.927 [main] INFO  org.hibernate.Version                -HHH000412: Hibernate ORM core version 6.6.5.Final
2025-03-27 17:35:42.014 [main] INFO  org.hibernate.cache.internal.RegionFactoryInitiator -HHH000026: Second-level cache disabled
2025-03-27 17:35:42.814 [main] INFO  org.springframework.orm.jpa.persistenceunit.SpringPersistenceUnitInfo -No LoadTimeWeaver setup: ignoring JPA class transformer
2025-03-27 17:35:43.040 [main] INFO  org.hibernate.orm.connections.pooling -HHH10001005: Database info:
	Database JDBC URL [Connecting through datasource 'HikariDataSource (HikariPool-1)']
	Database driver: undefined/unknown
	Database version: 17.4
	Autocommit mode: undefined/unknown
	Isolation level: undefined/unknown
	Minimum pool size: undefined/unknown
	Maximum pool size: undefined/unknown
2025-03-27 17:35:45.324 [main] INFO  org.hibernate.engine.transaction.jta.platform.internal.JtaPlatformInitiator -HHH000489: No JTA platform available (set 'hibernate.transaction.jta.platform' to enable JTA platform integration)
2025-03-27 17:35:46.010 [main] INFO  org.springframework.orm.jpa.LocalContainerEntityManagerFactoryBean -Initialized JPA EntityManagerFactory for persistence unit 'default'
2025-03-27 17:35:46.692 [main] INFO  org.springframework.data.jpa.repository.query.QueryEnhancerFactory -Hibernate is in classpath; If applicable, HQL parser will be used.
2025-03-27 17:35:48.021 [main] INFO  org.springframework.boot.autoconfigure.web.servlet.WelcomePageHandlerMapping -Adding welcome page: class path resource [static/index.html]
2025-03-27 17:35:48.091 [main] INFO  org.springframework.validation.beanvalidation.OptionalValidatorFactoryBean -Failed to set up a Bean Validation provider: jakarta.validation.NoProviderFoundException: Unable to create a Configuration, because no Jakarta Bean Validation provider could be found. Add a provider like Hibernate Validator (RI) to your classpath.
2025-03-27 17:35:49.013 [main] INFO  org.apache.coyote.http11.Http11NioProtocol -Starting ProtocolHandler ["http-nio-8080"]
2025-03-27 17:35:49.060 [main] INFO  org.springframework.boot.web.embedded.tomcat.TomcatWebServer -Tomcat started on port 8080 (http) with context path '/'
2025-03-27 17:35:49.083 [main] INFO  com.sprint.mission.discodeit.DiscodeitApplication -Started DiscodeitApplication in 13.866 seconds (process running for 15.321)
2025-03-27 17:35:51.927 [http-nio-8080-exec-1] INFO  org.apache.catalina.core.ContainerBase.[Tomcat].[localhost].[/] -Initializing Spring DispatcherServlet 'dispatcherServlet'
2025-03-27 17:35:51.928 [http-nio-8080-exec-1] INFO  org.springframework.web.servlet.DispatcherServlet -Initializing Servlet 'dispatcherServlet'
2025-03-27 17:35:51.930 [http-nio-8080-exec-1] INFO  org.springframework.web.servlet.DispatcherServlet -Completed initialization in 2 ms
2025-03-27 17:35:52.052 [http-nio-8080-exec-1] WARN  org.hibernate.orm.query              -HHH90003004: firstResult/maxResults specified with collection fetch; applying in memory
2025-03-27 17:35:55.847 [http-nio-8080-exec-2] WARN  org.hibernate.orm.query              -HHH90003004: firstResult/maxResults specified with collection fetch; applying in memory
2025-03-27 17:35:59.848 [http-nio-8080-exec-3] WARN  org.hibernate.orm.query              -HHH90003004: firstResult/maxResults specified with collection fetch; applying in memory
2025-03-27 17:36:03.853 [http-nio-8080-exec-4] WARN  org.hibernate.orm.query              -HHH90003004: firstResult/maxResults specified with collection fetch; applying in memory
2025-03-27 17:36:07.860 [http-nio-8080-exec-5] WARN  org.hibernate.orm.query              -HHH90003004: firstResult/maxResults specified with collection fetch; applying in memory
2025-03-27 17:36:11.848 [http-nio-8080-exec-6] WARN  org.hibernate.orm.query              -HHH90003004: firstResult/maxResults specified with collection fetch; applying in memory
2025-03-27 17:36:15.856 [http-nio-8080-exec-7] WARN  org.hibernate.orm.query              -HHH90003004: firstResult/maxResults specified with collection fetch; applying in memory
2025-03-27 17:36:19.843 [http-nio-8080-exec-8] WARN  org.hibernate.orm.query              -HHH90003004: firstResult/maxResults specified with collection fetch; applying in memory
2025-03-27 17:36:23.855 [http-nio-8080-exec-9] WARN  org.hibernate.orm.query              -HHH90003004: firstResult/maxResults specified with collection fetch; applying in memory
2025-03-27 17:36:27.842 [http-nio-8080-exec-10] WARN  org.hibernate.orm.query              -HHH90003004: firstResult/maxResults specified with collection fetch; applying in memory
2025-03-27 17:36:31.852 [http-nio-8080-exec-1] WARN  org.hibernate.orm.query              -HHH90003004: firstResult/maxResults specified with collection fetch; applying in memory
2025-03-27 17:36:35.048 [http-nio-8080-exec-5] WARN  org.hibernate.orm.query              -HHH90003004: firstResult/maxResults specified with collection fetch; applying in memory
2025-03-27 17:36:35.124 [http-nio-8080-exec-3] INFO  com.sprint.mission.discodeit.service.basic.BasicChannelService -Find all channels by userId: userId=abfbc5ad-b5bc-48c6-b48e-7b25ef412fe0,조회된 채널 수=3
2025-03-27 17:36:35.247 [http-nio-8080-exec-7] INFO  com.sprint.mission.discodeit.service.basic.BasicChannelService -Find all channels by userId: userId=abfbc5ad-b5bc-48c6-b48e-7b25ef412fe0,조회된 채널 수=3
2025-03-27 17:36:36.280 [http-nio-8080-exec-9] INFO  com.sprint.mission.discodeit.service.basic.BasicChannelService -Find all channels by userId: userId=abfbc5ad-b5bc-48c6-b48e-7b25ef412fe0,조회된 채널 수=3
2025-03-27 17:36:36.337 [http-nio-8080-exec-8] INFO  com.sprint.mission.discodeit.service.basic.BasicChannelService -Find all channels by userId: userId=abfbc5ad-b5bc-48c6-b48e-7b25ef412fe0,조회된 채널 수=3
2025-03-27 17:36:39.300 [http-nio-8080-exec-9] INFO  com.sprint.mission.discodeit.service.basic.BasicChannelService -Find all channels by userId: userId=abfbc5ad-b5bc-48c6-b48e-7b25ef412fe0,조회된 채널 수=3
2025-03-27 17:36:41.512 [http-nio-8080-exec-6] WARN  org.hibernate.orm.query              -HHH90003004: firstResult/maxResults specified with collection fetch; applying in memory
2025-03-27 17:36:41.546 [http-nio-8080-exec-4] WARN  org.hibernate.orm.query              -HHH90003004: firstResult/maxResults specified with collection fetch; applying in memory
2025-03-27 17:36:42.090 [http-nio-8080-exec-10] WARN  org.hibernate.orm.query              -HHH90003004: firstResult/maxResults specified with collection fetch; applying in memory
2025-03-27 17:36:42.275 [http-nio-8080-exec-5] INFO  com.sprint.mission.discodeit.service.basic.BasicChannelService -Find all channels by userId: userId=abfbc5ad-b5bc-48c6-b48e-7b25ef412fe0,조회된 채널 수=3
2025-03-27 17:36:42.844 [http-nio-8080-exec-2] WARN  org.hibernate.orm.query              -HHH90003004: firstResult/maxResults specified with collection fetch; applying in memory
2025-03-27 17:36:43.914 [http-nio-8080-exec-1] WARN  org.hibernate.orm.query              -HHH90003004: firstResult/maxResults specified with collection fetch; applying in memory
2025-03-27 17:36:45.281 [http-nio-8080-exec-9] INFO  com.sprint.mission.discodeit.service.basic.BasicChannelService -Find all channels by userId: userId=abfbc5ad-b5bc-48c6-b48e-7b25ef412fe0,조회된 채널 수=3
2025-03-27 17:36:45.499 [http-nio-8080-exec-7] WARN  org.hibernate.orm.query              -HHH90003004: firstResult/maxResults specified with collection fetch; applying in memory
2025-03-27 17:36:47.847 [http-nio-8080-exec-6] WARN  org.hibernate.orm.query              -HHH90003004: firstResult/maxResults specified with collection fetch; applying in memory
2025-03-27 17:36:48.274 [http-nio-8080-exec-4] INFO  com.sprint.mission.discodeit.service.basic.BasicChannelService -Find all channels by userId: userId=abfbc5ad-b5bc-48c6-b48e-7b25ef412fe0,조회된 채널 수=3
2025-03-27 17:36:50.899 [http-nio-8080-exec-5] WARN  org.hibernate.orm.query              -HHH90003004: firstResult/maxResults specified with collection fetch; applying in memory
2025-03-27 17:36:51.277 [http-nio-8080-exec-8] INFO  com.sprint.mission.discodeit.service.basic.BasicChannelService -Find all channels by userId: userId=abfbc5ad-b5bc-48c6-b48e-7b25ef412fe0,조회된 채널 수=3
2025-03-27 17:36:53.951 [http-nio-8080-exec-1] WARN  org.hibernate.orm.query              -HHH90003004: firstResult/maxResults specified with collection fetch; applying in memory
2025-03-27 17:36:54.287 [http-nio-8080-exec-9] INFO  com.sprint.mission.discodeit.service.basic.BasicChannelService -Find all channels by userId: userId=abfbc5ad-b5bc-48c6-b48e-7b25ef412fe0,조회된 채널 수=3
2025-03-27 17:36:57.006 [http-nio-8080-exec-7] WARN  org.hibernate.orm.query              -HHH90003004: firstResult/maxResults specified with collection fetch; applying in memory
2025-03-27 17:36:57.277 [http-nio-8080-exec-6] INFO  com.sprint.mission.discodeit.service.basic.BasicChannelService -Find all channels by userId: userId=abfbc5ad-b5bc-48c6-b48e-7b25ef412fe0,조회된 채널 수=3
2025-03-27 17:36:58.671 [http-nio-8080-exec-5] WARN  org.hibernate.orm.query              -HHH90003004: firstResult/maxResults specified with collection fetch; applying in memory
2025-03-27 17:36:58.679 [http-nio-8080-exec-8] WARN  org.hibernate.orm.query              -HHH90003004: firstResult/maxResults specified with collection fetch; applying in memory
2025-03-27 17:36:59.148 [http-nio-8080-exec-2] WARN  org.hibernate.orm.query              -HHH90003004: firstResult/maxResults specified with collection fetch; applying in memory
2025-03-27 17:36:59.848 [http-nio-8080-exec-1] WARN  org.hibernate.orm.query              -HHH90003004: firstResult/maxResults specified with collection fetch; applying in memory
2025-03-27 17:37:00.290 [http-nio-8080-exec-9] INFO  com.sprint.mission.discodeit.service.basic.BasicChannelService -Find all channels by userId: userId=abfbc5ad-b5bc-48c6-b48e-7b25ef412fe0,조회된 채널 수=3
2025-03-27 17:37:00.661 [http-nio-8080-exec-6] WARN  org.hibernate.orm.query              -HHH90003004: firstResult/maxResults specified with collection fetch; applying in memory
2025-03-27 17:37:00.682 [http-nio-8080-exec-4] WARN  org.hibernate.orm.query              -HHH90003004: firstResult/maxResults specified with collection fetch; applying in memory
2025-03-27 17:37:01.231 [http-nio-8080-exec-10] WARN  org.hibernate.orm.query              -HHH90003004: firstResult/maxResults specified with collection fetch; applying in memory
2025-03-27 17:37:01.967 [http-nio-8080-exec-5] WARN  org.hibernate.orm.query              -HHH90003004: firstResult/maxResults specified with collection fetch; applying in memory
2025-03-27 17:37:03.055 [http-nio-8080-exec-8] WARN  org.hibernate.orm.query              -HHH90003004: firstResult/maxResults specified with collection fetch; applying in memory
2025-03-27 17:37:03.330 [http-nio-8080-exec-2] INFO  com.sprint.mission.discodeit.service.basic.BasicChannelService -Find all channels by userId: userId=abfbc5ad-b5bc-48c6-b48e-7b25ef412fe0,조회된 채널 수=3
2025-03-27 17:37:03.434 [SpringApplicationShutdownHook] INFO  org.springframework.boot.web.embedded.tomcat.GracefulShutdown -Commencing graceful shutdown. Waiting for active requests to complete
2025-03-27 17:37:03.869 [tomcat-shutdown] INFO  org.springframework.boot.web.embedded.tomcat.GracefulShutdown -Graceful shutdown complete
2025-03-27 17:37:03.907 [SpringApplicationShutdownHook] INFO  org.springframework.orm.jpa.LocalContainerEntityManagerFactoryBean -Closing JPA EntityManagerFactory for persistence unit 'default'
2025-03-27 17:37:03.908 [SpringApplicationShutdownHook] INFO  com.zaxxer.hikari.HikariDataSource   -HikariPool-1 - Shutdown initiated...
2025-03-27 17:37:03.919 [SpringApplicationShutdownHook] INFO  com.zaxxer.hikari.HikariDataSource   -HikariPool-1 - Shutdown completed.
