25-04-01 14:22:29.181 [background-preinit] INFO  o.h.validator.internal.util.Version - HV000001: Hibernate Validator 8.0.1.Final
25-04-01 14:22:29.196 [main] INFO  c.s.m.discodeit.DiscodeitApplication - Starting DiscodeitApplication using Java 17.0.13 with PID 35619 (/Users/taesikpark/Documents/CodeIT/_1-sprint-mission/build/classes/java/main started by taesikpark in /Users/taesikpark/Documents/CodeIT/_1-sprint-mission)
25-04-01 14:22:29.196 [main] DEBUG c.s.m.discodeit.DiscodeitApplication - Running with Spring Boot v3.4.0, Spring v6.2.0
25-04-01 14:22:29.196 [main] INFO  c.s.m.discodeit.DiscodeitApplication - The following 1 profile is active: "dev"
25-04-01 14:22:29.432 [main] INFO  o.s.d.r.c.RepositoryConfigurationDelegate - Bootstrapping Spring Data JPA repositories in DEFAULT mode.
25-04-01 14:22:29.460 [main] INFO  o.s.d.r.c.RepositoryConfigurationDelegate - Finished Spring Data repository scanning in 23 ms. Found 6 JPA repository interfaces.
25-04-01 14:22:29.606 [main] INFO  o.s.b.w.e.tomcat.TomcatWebServer - Tomcat initialized with port 8080 (http)
25-04-01 14:22:29.610 [main] INFO  o.a.coyote.http11.Http11NioProtocol - Initializing ProtocolHandler ["http-nio-8080"]
25-04-01 14:22:29.611 [main] INFO  o.a.catalina.core.StandardService - Starting service [Tomcat]
25-04-01 14:22:29.611 [main] INFO  o.a.catalina.core.StandardEngine - Starting Servlet engine: [Apache Tomcat/10.1.33]
25-04-01 14:22:29.626 [main] INFO  o.a.c.c.C.[Tomcat].[localhost].[/] - Initializing Spring embedded WebApplicationContext
25-04-01 14:22:29.627 [main] INFO  o.s.b.w.s.c.ServletWebServerApplicationContext - Root WebApplicationContext: initialization completed in 417 ms
25-04-01 14:22:29.656 [main] INFO  com.zaxxer.hikari.HikariDataSource - HikariPool-1 - Starting...
25-04-01 14:22:29.691 [main] INFO  com.zaxxer.hikari.pool.HikariPool - HikariPool-1 - Added connection org.postgresql.jdbc.PgConnection@11810917
25-04-01 14:22:29.692 [main] INFO  com.zaxxer.hikari.HikariDataSource - HikariPool-1 - Start completed.
25-04-01 14:22:29.717 [main] INFO  o.h.jpa.internal.util.LogHelper - HHH000204: Processing PersistenceUnitInfo [name: default]
25-04-01 14:22:29.732 [main] INFO  org.hibernate.Version - HHH000412: Hibernate ORM core version 6.6.2.Final
25-04-01 14:22:29.740 [main] INFO  o.h.c.i.RegionFactoryInitiator - HHH000026: Second-level cache disabled
25-04-01 14:22:29.813 [main] INFO  o.s.o.j.p.SpringPersistenceUnitInfo - No LoadTimeWeaver setup: ignoring JPA class transformer
25-04-01 14:22:29.833 [main] WARN  org.hibernate.orm.deprecation - HHH90000025: PostgreSQLDialect does not need to be specified explicitly using 'hibernate.dialect' (remove the property setting and it will be selected by default)
25-04-01 14:22:29.837 [main] INFO  o.hibernate.orm.connections.pooling - HHH10001005: Database info:
	Database JDBC URL [Connecting through datasource 'HikariDataSource (HikariPool-1)']
	Database driver: undefined/unknown
	Database version: 14.17
	Autocommit mode: undefined/unknown
	Isolation level: undefined/unknown
	Minimum pool size: undefined/unknown
	Maximum pool size: undefined/unknown
25-04-01 14:22:30.133 [main] INFO  o.h.e.t.j.p.i.JtaPlatformInitiator - HHH000489: No JTA platform available (set 'hibernate.transaction.jta.platform' to enable JTA platform integration)
25-04-01 14:22:30.155 [main] INFO  o.s.o.j.LocalContainerEntityManagerFactoryBean - Initialized JPA EntityManagerFactory for persistence unit 'default'
25-04-01 14:22:30.336 [main] INFO  o.s.b.a.w.s.WelcomePageHandlerMapping - Adding welcome page: class path resource [static/index.html]
25-04-01 14:22:30.446 [main] INFO  o.a.coyote.http11.Http11NioProtocol - Starting ProtocolHandler ["http-nio-8080"]
25-04-01 14:22:30.452 [main] INFO  o.s.b.w.e.tomcat.TomcatWebServer - Tomcat started on port 8080 (http) with context path '/'
25-04-01 14:22:30.456 [main] INFO  c.s.m.discodeit.DiscodeitApplication - Started DiscodeitApplication in 1.427 seconds (process running for 1.59)
25-04-01 14:22:34.868 [http-nio-8080-exec-1] INFO  o.a.c.c.C.[Tomcat].[localhost].[/] - Initializing Spring DispatcherServlet 'dispatcherServlet'
25-04-01 14:22:34.868 [http-nio-8080-exec-1] INFO  o.s.web.servlet.DispatcherServlet - Initializing Servlet 'dispatcherServlet'
25-04-01 14:22:34.869 [http-nio-8080-exec-1] INFO  o.s.web.servlet.DispatcherServlet - Completed initialization in 1 ms
25-04-01 14:22:34.904 [http-nio-8080-exec-1] INFO  c.s.m.d.c.AuthRestController - login request : UserRequest[username=, password=, email=null, phoneNumber=null, profileImageId=null]
25-04-01 14:22:34.934 [http-nio-8080-exec-1] DEBUG org.hibernate.SQL - select u1_0.id,u1_0.created_at,u1_0.email,u1_0.password,u1_0.phone_number,u1_0.profile_image_id,u1_0.updated_at,u1_0.username from users u1_0
25-04-01 14:22:34.955 [http-nio-8080-exec-2] DEBUG org.hibernate.SQL - select u1_0.id,u1_0.created_at,u1_0.email,u1_0.password,u1_0.phone_number,u1_0.profile_image_id,u1_0.updated_at,u1_0.username from users u1_0
25-04-01 14:22:34.970 [http-nio-8080-exec-2] DEBUG org.hibernate.SQL - select us1_0.id,us1_0.created_at,us1_0.last_seen_at,us1_0.updated_at,us1_0.user_id from user_statuses us1_0 where us1_0.user_id=?
25-04-01 14:22:34.970 [http-nio-8080-exec-2] TRACE org.hibernate.orm.jdbc.bind - binding parameter (1:UUID) <- [b803386e-24ff-40df-99fa-684784d1a15c]
25-04-01 14:22:34.973 [http-nio-8080-exec-2] DEBUG org.hibernate.SQL - select us1_0.id,us1_0.created_at,us1_0.last_seen_at,us1_0.updated_at,us1_0.user_id from user_statuses us1_0 where us1_0.user_id=?
25-04-01 14:22:34.973 [http-nio-8080-exec-2] TRACE org.hibernate.orm.jdbc.bind - binding parameter (1:UUID) <- [8841b0ec-d14f-4f2e-9dc3-a42b7fe28a0a]
25-04-01 14:22:34.974 [http-nio-8080-exec-2] DEBUG org.hibernate.SQL - select us1_0.id,us1_0.created_at,us1_0.last_seen_at,us1_0.updated_at,us1_0.user_id from user_statuses us1_0 where us1_0.user_id=?
25-04-01 14:22:34.974 [http-nio-8080-exec-2] TRACE org.hibernate.orm.jdbc.bind - binding parameter (1:UUID) <- [cba9e2aa-94c9-4c21-851e-b2b235b3164f]
25-04-01 14:22:34.975 [http-nio-8080-exec-2] DEBUG org.hibernate.SQL - select us1_0.id,us1_0.created_at,us1_0.last_seen_at,us1_0.updated_at,us1_0.user_id from user_statuses us1_0 where us1_0.user_id=?
25-04-01 14:22:34.975 [http-nio-8080-exec-2] TRACE org.hibernate.orm.jdbc.bind - binding parameter (1:UUID) <- [cb14bf60-4cda-41a6-996b-489975241041]
25-04-01 14:22:34.976 [http-nio-8080-exec-2] DEBUG org.hibernate.SQL - select us1_0.id,us1_0.created_at,us1_0.last_seen_at,us1_0.updated_at,us1_0.user_id from user_statuses us1_0 where us1_0.user_id=?
25-04-01 14:22:34.976 [http-nio-8080-exec-2] TRACE org.hibernate.orm.jdbc.bind - binding parameter (1:UUID) <- [74a507ee-ffb6-4c00-b853-7d9f28c9d870]
25-04-01 14:22:34.977 [http-nio-8080-exec-2] DEBUG org.hibernate.SQL - select us1_0.id,us1_0.created_at,us1_0.last_seen_at,us1_0.updated_at,us1_0.user_id from user_statuses us1_0 where us1_0.user_id=?
25-04-01 14:22:34.977 [http-nio-8080-exec-2] TRACE org.hibernate.orm.jdbc.bind - binding parameter (1:UUID) <- [a38cf3bb-8e0c-4abd-8f4a-a4e1fa8a9a50]
25-04-01 14:22:34.978 [http-nio-8080-exec-2] DEBUG org.hibernate.SQL - select us1_0.id,us1_0.created_at,us1_0.last_seen_at,us1_0.updated_at,us1_0.user_id from user_statuses us1_0 where us1_0.user_id=?
25-04-01 14:22:34.978 [http-nio-8080-exec-2] TRACE org.hibernate.orm.jdbc.bind - binding parameter (1:UUID) <- [70005511-e253-4971-a895-222a7aacbcc0]
25-04-01 14:22:34.978 [http-nio-8080-exec-2] DEBUG org.hibernate.SQL - select us1_0.id,us1_0.created_at,us1_0.last_seen_at,us1_0.updated_at,us1_0.user_id from user_statuses us1_0 where us1_0.user_id=?
25-04-01 14:22:34.978 [http-nio-8080-exec-2] TRACE org.hibernate.orm.jdbc.bind - binding parameter (1:UUID) <- [7fe4cf30-8de7-4ecc-8f76-ad08aad9ed53]
25-04-01 14:30:50.841 [SpringApplicationShutdownHook] INFO  o.s.b.w.e.tomcat.GracefulShutdown - Commencing graceful shutdown. Waiting for active requests to complete
25-04-01 14:30:50.845 [tomcat-shutdown] INFO  o.s.b.w.e.tomcat.GracefulShutdown - Graceful shutdown complete
25-04-01 14:30:50.847 [SpringApplicationShutdownHook] INFO  o.s.o.j.LocalContainerEntityManagerFactoryBean - Closing JPA EntityManagerFactory for persistence unit 'default'
25-04-01 14:30:50.848 [SpringApplicationShutdownHook] INFO  com.zaxxer.hikari.HikariDataSource - HikariPool-1 - Shutdown initiated...
25-04-01 14:30:50.848 [SpringApplicationShutdownHook] INFO  com.zaxxer.hikari.HikariDataSource - HikariPool-1 - Shutdown completed.
