2025-04-11 09:29:19:564 [35m[background-preinit][0;39m [34m[INFO ][0;39m o.h.validator.internal.util.Version - HV000001: Hibernate Validator 8.0.1.Final 
2025-04-11 09:29:19:647 [35m[main][0;39m [34m[INFO ][0;39m c.s.m.discodeit.DiscodeitApplication - Starting DiscodeitApplication using Java 17.0.11 with PID 24396 (C:\Source\1-sprint-mission\build\classes\java\main started by tjdwl in C:\Source\1-sprint-mission) 
2025-04-11 09:29:19:649 [35m[main][0;39m [34m[INFO ][0;39m c.s.m.discodeit.DiscodeitApplication - The following 1 profile is active: "prod" 
2025-04-11 09:29:21:390 [35m[main][0;39m [34m[INFO ][0;39m o.s.d.r.c.RepositoryConfigurationDelegate - Bootstrapping Spring Data JPA repositories in DEFAULT mode. 
2025-04-11 09:29:21:539 [35m[main][0;39m [34m[INFO ][0;39m o.s.d.r.c.RepositoryConfigurationDelegate - Finished Spring Data repository scanning in 136 ms. Found 6 JPA repository interfaces. 
2025-04-11 09:29:22:755 [35m[main][0;39m [34m[INFO ][0;39m o.s.b.w.e.tomcat.TomcatWebServer - Tomcat initialized with port 8080 (http) 
2025-04-11 09:29:22:758 [35m[main][0;39m [34m[INFO ][0;39m o.a.c.core.AprLifecycleListener - Loaded Apache Tomcat Native library [2.0.8] using APR version [1.7.4]. 
2025-04-11 09:29:22:763 [35m[main][0;39m [34m[INFO ][0;39m o.a.c.core.AprLifecycleListener - OpenSSL successfully initialized [OpenSSL 3.0.14 4 Jun 2024] 
2025-04-11 09:29:22:775 [35m[main][0;39m [34m[INFO ][0;39m o.a.coyote.http11.Http11NioProtocol - Initializing ProtocolHandler ["http-nio-8080"] 
2025-04-11 09:29:22:776 [35m[main][0;39m [34m[INFO ][0;39m o.a.catalina.core.StandardService - Starting service [Tomcat] 
2025-04-11 09:29:22:776 [35m[main][0;39m [34m[INFO ][0;39m o.a.catalina.core.StandardEngine - Starting Servlet engine: [Apache Tomcat/10.1.33] 
2025-04-11 09:29:22:890 [35m[main][0;39m [34m[INFO ][0;39m o.a.c.c.C.[Tomcat].[localhost].[/] - Initializing Spring embedded WebApplicationContext 
2025-04-11 09:29:22:892 [35m[main][0;39m [34m[INFO ][0;39m o.s.b.w.s.c.ServletWebServerApplicationContext - Root WebApplicationContext: initialization completed in 3179 ms 
2025-04-11 09:29:23:208 [35m[main][0;39m [34m[INFO ][0;39m com.zaxxer.hikari.HikariDataSource - HikariPool-1 - Starting... 
2025-04-11 09:29:23:547 [35m[main][0;39m [34m[INFO ][0;39m com.zaxxer.hikari.pool.HikariPool - HikariPool-1 - Added connection org.postgresql.jdbc.PgConnection@4ef8090b 
2025-04-11 09:29:23:549 [35m[main][0;39m [34m[INFO ][0;39m com.zaxxer.hikari.HikariDataSource - HikariPool-1 - Start completed. 
2025-04-11 09:29:23:686 [35m[main][0;39m [34m[INFO ][0;39m o.h.jpa.internal.util.LogHelper - HHH000204: Processing PersistenceUnitInfo [name: default] 
2025-04-11 09:29:23:807 [35m[main][0;39m [34m[INFO ][0;39m org.hibernate.Version - HHH000412: Hibernate ORM core version 6.6.2.Final 
2025-04-11 09:29:23:869 [35m[main][0;39m [34m[INFO ][0;39m o.h.c.i.RegionFactoryInitiator - HHH000026: Second-level cache disabled 
2025-04-11 09:29:24:322 [35m[main][0;39m [34m[INFO ][0;39m o.s.o.j.p.SpringPersistenceUnitInfo - No LoadTimeWeaver setup: ignoring JPA class transformer 
2025-04-11 09:29:24:520 [35m[main][0;39m [34m[INFO ][0;39m o.hibernate.orm.connections.pooling - HHH10001005: Database info:
	Database JDBC URL [Connecting through datasource 'HikariDataSource (HikariPool-1)']
	Database driver: undefined/unknown
	Database version: 17.4
	Autocommit mode: undefined/unknown
	Isolation level: undefined/unknown
	Minimum pool size: undefined/unknown
	Maximum pool size: undefined/unknown 
2025-04-11 09:29:26:030 [35m[main][0;39m [34m[INFO ][0;39m o.h.e.t.j.p.i.JtaPlatformInitiator - HHH000489: No JTA platform available (set 'hibernate.transaction.jta.platform' to enable JTA platform integration) 
2025-04-11 09:29:26:214 [35m[main][0;39m [34m[INFO ][0;39m o.s.o.j.LocalContainerEntityManagerFactoryBean - Initialized JPA EntityManagerFactory for persistence unit 'default' 
2025-04-11 09:29:26:737 [35m[main][0;39m [34m[INFO ][0;39m o.s.d.j.r.query.QueryEnhancerFactory - Hibernate is in classpath; If applicable, HQL parser will be used. 
2025-04-11 09:29:27:999 [35m[main][0;39m [34m[INFO ][0;39m o.s.b.a.w.s.WelcomePageHandlerMapping - Adding welcome page: class path resource [static/index.html] 
2025-04-11 09:29:29:185 [35m[main][0;39m [34m[INFO ][0;39m o.s.b.a.e.web.EndpointLinksResolver - Exposing 1 endpoint beneath base path '/actuator' 
2025-04-11 09:29:29:269 [35m[main][0;39m [34m[INFO ][0;39m o.a.coyote.http11.Http11NioProtocol - Starting ProtocolHandler ["http-nio-8080"] 
2025-04-11 09:29:29:292 [35m[main][0;39m [34m[INFO ][0;39m o.s.b.w.e.tomcat.TomcatWebServer - Tomcat started on port 8080 (http) with context path '/' 
2025-04-11 09:29:29:317 [35m[main][0;39m [34m[INFO ][0;39m c.s.m.discodeit.DiscodeitApplication - Started DiscodeitApplication in 10.56 seconds (process running for 11.514) 
2025-04-11 09:29:29:814 [35m[RMI TCP Connection(3)-172.30.1.72][0;39m [34m[INFO ][0;39m o.a.c.c.C.[Tomcat].[localhost].[/] - Initializing Spring DispatcherServlet 'dispatcherServlet' 
2025-04-11 09:29:29:815 [35m[RMI TCP Connection(3)-172.30.1.72][0;39m [34m[INFO ][0;39m o.s.web.servlet.DispatcherServlet - Initializing Servlet 'dispatcherServlet' 
2025-04-11 09:29:29:817 [35m[RMI TCP Connection(3)-172.30.1.72][0;39m [34m[INFO ][0;39m o.s.web.servlet.DispatcherServlet - Completed initialization in 2 ms 
2025-04-11 09:29:59:322 [35m[SpringApplicationShutdownHook][0;39m [34m[INFO ][0;39m o.s.b.w.e.tomcat.GracefulShutdown - Commencing graceful shutdown. Waiting for active requests to complete 
2025-04-11 09:30:00:002 [35m[tomcat-shutdown][0;39m [34m[INFO ][0;39m o.s.b.w.e.tomcat.GracefulShutdown - Graceful shutdown complete 
2025-04-11 09:30:00:010 [35m[SpringApplicationShutdownHook][0;39m [34m[INFO ][0;39m o.s.o.j.LocalContainerEntityManagerFactoryBean - Closing JPA EntityManagerFactory for persistence unit 'default' 
2025-04-11 09:30:00:022 [35m[SpringApplicationShutdownHook][0;39m [34m[INFO ][0;39m com.zaxxer.hikari.HikariDataSource - HikariPool-1 - Shutdown initiated... 
2025-04-11 09:30:00:027 [35m[SpringApplicationShutdownHook][0;39m [34m[INFO ][0;39m com.zaxxer.hikari.HikariDataSource - HikariPool-1 - Shutdown completed. 
2025-04-11 09:30:29:570 [35m[background-preinit][0;39m [34m[INFO ][0;39m o.h.validator.internal.util.Version - HV000001: Hibernate Validator 8.0.1.Final 
2025-04-11 09:30:29:638 [35m[main][0;39m [34m[INFO ][0;39m c.s.m.discodeit.DiscodeitApplication - Starting DiscodeitApplication using Java 17.0.11 with PID 44340 (C:\Source\1-sprint-mission\build\classes\java\main started by tjdwl in C:\Source\1-sprint-mission) 
2025-04-11 09:30:29:639 [35m[main][0;39m [34m[INFO ][0;39m c.s.m.discodeit.DiscodeitApplication - The following 1 profile is active: "prod" 
2025-04-11 09:30:31:088 [35m[main][0;39m [34m[INFO ][0;39m o.s.d.r.c.RepositoryConfigurationDelegate - Bootstrapping Spring Data JPA repositories in DEFAULT mode. 
2025-04-11 09:30:31:229 [35m[main][0;39m [34m[INFO ][0;39m o.s.d.r.c.RepositoryConfigurationDelegate - Finished Spring Data repository scanning in 129 ms. Found 6 JPA repository interfaces. 
2025-04-11 09:30:32:121 [35m[main][0;39m [34m[INFO ][0;39m o.s.b.w.e.tomcat.TomcatWebServer - Tomcat initialized with port 8080 (http) 
2025-04-11 09:30:32:124 [35m[main][0;39m [34m[INFO ][0;39m o.a.c.core.AprLifecycleListener - Loaded Apache Tomcat Native library [2.0.8] using APR version [1.7.4]. 
2025-04-11 09:30:32:129 [35m[main][0;39m [34m[INFO ][0;39m o.a.c.core.AprLifecycleListener - OpenSSL successfully initialized [OpenSSL 3.0.14 4 Jun 2024] 
2025-04-11 09:30:32:140 [35m[main][0;39m [34m[INFO ][0;39m o.a.coyote.http11.Http11NioProtocol - Initializing ProtocolHandler ["http-nio-8080"] 
2025-04-11 09:30:32:144 [35m[main][0;39m [34m[INFO ][0;39m o.a.catalina.core.StandardService - Starting service [Tomcat] 
2025-04-11 09:30:32:144 [35m[main][0;39m [34m[INFO ][0;39m o.a.catalina.core.StandardEngine - Starting Servlet engine: [Apache Tomcat/10.1.33] 
2025-04-11 09:30:32:258 [35m[main][0;39m [34m[INFO ][0;39m o.a.c.c.C.[Tomcat].[localhost].[/] - Initializing Spring embedded WebApplicationContext 
2025-04-11 09:30:32:259 [35m[main][0;39m [34m[INFO ][0;39m o.s.b.w.s.c.ServletWebServerApplicationContext - Root WebApplicationContext: initialization completed in 2565 ms 
2025-04-11 09:30:32:630 [35m[main][0;39m [34m[INFO ][0;39m com.zaxxer.hikari.HikariDataSource - HikariPool-1 - Starting... 
2025-04-11 09:30:32:880 [35m[main][0;39m [34m[INFO ][0;39m com.zaxxer.hikari.pool.HikariPool - HikariPool-1 - Added connection org.postgresql.jdbc.PgConnection@42b43a6 
2025-04-11 09:30:32:881 [35m[main][0;39m [34m[INFO ][0;39m com.zaxxer.hikari.HikariDataSource - HikariPool-1 - Start completed. 
2025-04-11 09:30:33:003 [35m[main][0;39m [34m[INFO ][0;39m o.h.jpa.internal.util.LogHelper - HHH000204: Processing PersistenceUnitInfo [name: default] 
2025-04-11 09:30:33:115 [35m[main][0;39m [34m[INFO ][0;39m org.hibernate.Version - HHH000412: Hibernate ORM core version 6.6.2.Final 
2025-04-11 09:30:33:158 [35m[main][0;39m [34m[INFO ][0;39m o.h.c.i.RegionFactoryInitiator - HHH000026: Second-level cache disabled 
2025-04-11 09:30:33:473 [35m[main][0;39m [34m[INFO ][0;39m o.s.o.j.p.SpringPersistenceUnitInfo - No LoadTimeWeaver setup: ignoring JPA class transformer 
2025-04-11 09:30:33:586 [35m[main][0;39m [34m[INFO ][0;39m o.hibernate.orm.connections.pooling - HHH10001005: Database info:
	Database JDBC URL [Connecting through datasource 'HikariDataSource (HikariPool-1)']
	Database driver: undefined/unknown
	Database version: 17.4
	Autocommit mode: undefined/unknown
	Isolation level: undefined/unknown
	Minimum pool size: undefined/unknown
	Maximum pool size: undefined/unknown 
2025-04-11 09:30:34:928 [35m[main][0;39m [34m[INFO ][0;39m o.h.e.t.j.p.i.JtaPlatformInitiator - HHH000489: No JTA platform available (set 'hibernate.transaction.jta.platform' to enable JTA platform integration) 
2025-04-11 09:30:35:078 [35m[main][0;39m [34m[INFO ][0;39m o.s.o.j.LocalContainerEntityManagerFactoryBean - Initialized JPA EntityManagerFactory for persistence unit 'default' 
2025-04-11 09:30:35:515 [35m[main][0;39m [34m[INFO ][0;39m o.s.d.j.r.query.QueryEnhancerFactory - Hibernate is in classpath; If applicable, HQL parser will be used. 
2025-04-11 09:30:36:691 [35m[main][0;39m [34m[INFO ][0;39m o.s.b.a.w.s.WelcomePageHandlerMapping - Adding welcome page: class path resource [static/index.html] 
2025-04-11 09:30:38:013 [35m[main][0;39m [34m[INFO ][0;39m o.s.b.a.e.web.EndpointLinksResolver - Exposing 1 endpoint beneath base path '/actuator' 
2025-04-11 09:30:38:122 [35m[main][0;39m [34m[INFO ][0;39m o.a.coyote.http11.Http11NioProtocol - Starting ProtocolHandler ["http-nio-8080"] 
2025-04-11 09:30:38:157 [35m[main][0;39m [34m[INFO ][0;39m o.s.b.w.e.tomcat.TomcatWebServer - Tomcat started on port 8080 (http) with context path '/' 
2025-04-11 09:30:38:182 [35m[main][0;39m [34m[INFO ][0;39m c.s.m.discodeit.DiscodeitApplication - Started DiscodeitApplication in 9.385 seconds (process running for 10.38) 
2025-04-11 09:30:38:883 [35m[RMI TCP Connection(1)-172.30.1.72][0;39m [34m[INFO ][0;39m o.a.c.c.C.[Tomcat].[localhost].[/] - Initializing Spring DispatcherServlet 'dispatcherServlet' 
2025-04-11 09:30:38:884 [35m[RMI TCP Connection(1)-172.30.1.72][0;39m [34m[INFO ][0;39m o.s.web.servlet.DispatcherServlet - Initializing Servlet 'dispatcherServlet' 
2025-04-11 09:30:38:886 [35m[RMI TCP Connection(1)-172.30.1.72][0;39m [34m[INFO ][0;39m o.s.web.servlet.DispatcherServlet - Completed initialization in 2 ms 
2025-04-11 09:30:45:719 [35m[http-nio-8080-exec-5][0;39m [31m[WARN ][0;39m o.s.w.s.m.m.a.ExceptionHandlerExceptionResolver - Failure in @ExceptionHandler com.sprint.mission.discodeit.exception.GlobalExceptionHandler#handleUserNotFoundException(UserNotFoundException) 
java.lang.NullPointerException: null
	at java.base/java.util.Objects.requireNonNull(Objects.java:209)
	at java.base/java.util.ImmutableCollections$Map1.<init>(ImmutableCollections.java:1105)
	at java.base/java.util.Map.of(Map.java:1353)
	at com.sprint.mission.discodeit.exception.GlobalExceptionHandler.handleUserNotFoundException(GlobalExceptionHandler.java:60)
	at java.base/jdk.internal.reflect.NativeMethodAccessorImpl.invoke0(Native Method)
	at java.base/jdk.internal.reflect.NativeMethodAccessorImpl.invoke(NativeMethodAccessorImpl.java:77)
	at java.base/jdk.internal.reflect.DelegatingMethodAccessorImpl.invoke(DelegatingMethodAccessorImpl.java:43)
	at java.base/java.lang.reflect.Method.invoke(Method.java:568)
	at org.springframework.web.method.support.InvocableHandlerMethod.doInvoke(InvocableHandlerMethod.java:255)
	at org.springframework.web.method.support.InvocableHandlerMethod.invokeForRequest(InvocableHandlerMethod.java:188)
	at org.springframework.web.servlet.mvc.method.annotation.ServletInvocableHandlerMethod.invokeAndHandle(ServletInvocableHandlerMethod.java:118)
	at org.springframework.web.servlet.mvc.method.annotation.ExceptionHandlerExceptionResolver.doResolveHandlerMethodException(ExceptionHandlerExceptionResolver.java:471)
	at org.springframework.web.servlet.handler.AbstractHandlerMethodExceptionResolver.doResolveException(AbstractHandlerMethodExceptionResolver.java:73)
	at org.springframework.web.servlet.handler.AbstractHandlerExceptionResolver.resolveException(AbstractHandlerExceptionResolver.java:182)
	at org.springframework.web.servlet.handler.HandlerExceptionResolverComposite.resolveException(HandlerExceptionResolverComposite.java:80)
	at org.springframework.web.servlet.DispatcherServlet.processHandlerException(DispatcherServlet.java:1357)
	at org.springframework.web.servlet.DispatcherServlet.processDispatchResult(DispatcherServlet.java:1160)
	at org.springframework.web.servlet.DispatcherServlet.doDispatch(DispatcherServlet.java:1105)
	at org.springframework.web.servlet.DispatcherServlet.doService(DispatcherServlet.java:978)
	at org.springframework.web.servlet.FrameworkServlet.processRequest(FrameworkServlet.java:1014)
	at org.springframework.web.servlet.FrameworkServlet.doPost(FrameworkServlet.java:914)
	at jakarta.servlet.http.HttpServlet.service(HttpServlet.java:590)
	at org.springframework.web.servlet.FrameworkServlet.service(FrameworkServlet.java:885)
	at jakarta.servlet.http.HttpServlet.service(HttpServlet.java:658)
	at org.apache.catalina.core.ApplicationFilterChain.internalDoFilter(ApplicationFilterChain.java:195)
	at org.apache.catalina.core.ApplicationFilterChain.doFilter(ApplicationFilterChain.java:140)
	at org.apache.tomcat.websocket.server.WsFilter.doFilter(WsFilter.java:51)
	at org.apache.catalina.core.ApplicationFilterChain.internalDoFilter(ApplicationFilterChain.java:164)
	at org.apache.catalina.core.ApplicationFilterChain.doFilter(ApplicationFilterChain.java:140)
	at org.springframework.web.filter.RequestContextFilter.doFilterInternal(RequestContextFilter.java:100)
	at org.springframework.web.filter.OncePerRequestFilter.doFilter(OncePerRequestFilter.java:116)
	at org.apache.catalina.core.ApplicationFilterChain.internalDoFilter(ApplicationFilterChain.java:164)
	at org.apache.catalina.core.ApplicationFilterChain.doFilter(ApplicationFilterChain.java:140)
	at org.springframework.web.filter.FormContentFilter.doFilterInternal(FormContentFilter.java:93)
	at org.springframework.web.filter.OncePerRequestFilter.doFilter(OncePerRequestFilter.java:116)
	at org.apache.catalina.core.ApplicationFilterChain.internalDoFilter(ApplicationFilterChain.java:164)
	at org.apache.catalina.core.ApplicationFilterChain.doFilter(ApplicationFilterChain.java:140)
	at org.springframework.web.filter.ServerHttpObservationFilter.doFilterInternal(ServerHttpObservationFilter.java:114)
	at org.springframework.web.filter.OncePerRequestFilter.doFilter(OncePerRequestFilter.java:116)
	at org.apache.catalina.core.ApplicationFilterChain.internalDoFilter(ApplicationFilterChain.java:164)
	at org.apache.catalina.core.ApplicationFilterChain.doFilter(ApplicationFilterChain.java:140)
	at org.springframework.web.filter.CharacterEncodingFilter.doFilterInternal(CharacterEncodingFilter.java:201)
	at org.springframework.web.filter.OncePerRequestFilter.doFilter(OncePerRequestFilter.java:116)
	at org.apache.catalina.core.ApplicationFilterChain.internalDoFilter(ApplicationFilterChain.java:164)
	at org.apache.catalina.core.ApplicationFilterChain.doFilter(ApplicationFilterChain.java:140)
	at org.apache.catalina.core.StandardWrapperValve.invoke(StandardWrapperValve.java:167)
	at org.apache.catalina.core.StandardContextValve.invoke(StandardContextValve.java:90)
	at org.apache.catalina.authenticator.AuthenticatorBase.invoke(AuthenticatorBase.java:483)
	at org.apache.catalina.core.StandardHostValve.invoke(StandardHostValve.java:115)
	at org.apache.catalina.valves.ErrorReportValve.invoke(ErrorReportValve.java:93)
	at org.apache.catalina.core.StandardEngineValve.invoke(StandardEngineValve.java:74)
	at org.apache.catalina.connector.CoyoteAdapter.service(CoyoteAdapter.java:344)
	at org.apache.coyote.http11.Http11Processor.service(Http11Processor.java:397)
	at org.apache.coyote.AbstractProcessorLight.process(AbstractProcessorLight.java:63)
	at org.apache.coyote.AbstractProtocol$ConnectionHandler.process(AbstractProtocol.java:905)
	at org.apache.tomcat.util.net.NioEndpoint$SocketProcessor.doRun(NioEndpoint.java:1741)
	at org.apache.tomcat.util.net.SocketProcessorBase.run(SocketProcessorBase.java:52)
	at org.apache.tomcat.util.threads.ThreadPoolExecutor.runWorker(ThreadPoolExecutor.java:1190)
	at org.apache.tomcat.util.threads.ThreadPoolExecutor$Worker.run(ThreadPoolExecutor.java:659)
	at org.apache.tomcat.util.threads.TaskThread$WrappingRunnable.run(TaskThread.java:63)
	at java.base/java.lang.Thread.run(Thread.java:840)
2025-04-11 09:30:45:727 [35m[http-nio-8080-exec-5][0;39m [1;31m[ERROR][0;39m o.a.c.c.C.[.[.[.[dispatcherServlet] - Servlet.service() for servlet [dispatcherServlet] in context with path [] threw exception [Request processing failed: com.sprint.mission.discodeit.exception.user.UserNotFoundException] with root cause 
com.sprint.mission.discodeit.exception.user.UserNotFoundException: null
	at com.sprint.mission.discodeit.service.basic.BasicAuthService.lambda$login$0(BasicAuthService.java:35)
	at java.base/java.util.Optional.orElseThrow(Optional.java:403)
	at com.sprint.mission.discodeit.service.basic.BasicAuthService.login(BasicAuthService.java:35)
	at java.base/jdk.internal.reflect.NativeMethodAccessorImpl.invoke0(Native Method)
	at java.base/jdk.internal.reflect.NativeMethodAccessorImpl.invoke(NativeMethodAccessorImpl.java:77)
	at java.base/jdk.internal.reflect.DelegatingMethodAccessorImpl.invoke(DelegatingMethodAccessorImpl.java:43)
	at java.base/java.lang.reflect.Method.invoke(Method.java:568)
	at org.springframework.aop.support.AopUtils.invokeJoinpointUsingReflection(AopUtils.java:359)
	at org.springframework.aop.framework.ReflectiveMethodInvocation.invokeJoinpoint(ReflectiveMethodInvocation.java:196)
	at org.springframework.aop.framework.ReflectiveMethodInvocation.proceed(ReflectiveMethodInvocation.java:163)
	at org.springframework.transaction.interceptor.TransactionAspectSupport.invokeWithinTransaction(TransactionAspectSupport.java:380)
	at org.springframework.transaction.interceptor.TransactionInterceptor.invoke(TransactionInterceptor.java:119)
	at org.springframework.aop.framework.ReflectiveMethodInvocation.proceed(ReflectiveMethodInvocation.java:184)
	at org.springframework.aop.framework.CglibAopProxy$DynamicAdvisedInterceptor.intercept(CglibAopProxy.java:727)
	at com.sprint.mission.discodeit.service.basic.BasicAuthService$$SpringCGLIB$$0.login(<generated>)
	at com.sprint.mission.discodeit.controller.AuthController.login(AuthController.java:27)
	at java.base/jdk.internal.reflect.NativeMethodAccessorImpl.invoke0(Native Method)
	at java.base/jdk.internal.reflect.NativeMethodAccessorImpl.invoke(NativeMethodAccessorImpl.java:77)
	at java.base/jdk.internal.reflect.DelegatingMethodAccessorImpl.invoke(DelegatingMethodAccessorImpl.java:43)
	at java.base/java.lang.reflect.Method.invoke(Method.java:568)
	at org.springframework.web.method.support.InvocableHandlerMethod.doInvoke(InvocableHandlerMethod.java:255)
	at org.springframework.web.method.support.InvocableHandlerMethod.invokeForRequest(InvocableHandlerMethod.java:188)
	at org.springframework.web.servlet.mvc.method.annotation.ServletInvocableHandlerMethod.invokeAndHandle(ServletInvocableHandlerMethod.java:118)
	at org.springframework.web.servlet.mvc.method.annotation.RequestMappingHandlerAdapter.invokeHandlerMethod(RequestMappingHandlerAdapter.java:986)
	at org.springframework.web.servlet.mvc.method.annotation.RequestMappingHandlerAdapter.handleInternal(RequestMappingHandlerAdapter.java:891)
	at org.springframework.web.servlet.mvc.method.AbstractHandlerMethodAdapter.handle(AbstractHandlerMethodAdapter.java:87)
	at org.springframework.web.servlet.DispatcherServlet.doDispatch(DispatcherServlet.java:1088)
	at org.springframework.web.servlet.DispatcherServlet.doService(DispatcherServlet.java:978)
	at org.springframework.web.servlet.FrameworkServlet.processRequest(FrameworkServlet.java:1014)
	at org.springframework.web.servlet.FrameworkServlet.doPost(FrameworkServlet.java:914)
	at jakarta.servlet.http.HttpServlet.service(HttpServlet.java:590)
	at org.springframework.web.servlet.FrameworkServlet.service(FrameworkServlet.java:885)
	at jakarta.servlet.http.HttpServlet.service(HttpServlet.java:658)
	at org.apache.catalina.core.ApplicationFilterChain.internalDoFilter(ApplicationFilterChain.java:195)
	at org.apache.catalina.core.ApplicationFilterChain.doFilter(ApplicationFilterChain.java:140)
	at org.apache.tomcat.websocket.server.WsFilter.doFilter(WsFilter.java:51)
	at org.apache.catalina.core.ApplicationFilterChain.internalDoFilter(ApplicationFilterChain.java:164)
	at org.apache.catalina.core.ApplicationFilterChain.doFilter(ApplicationFilterChain.java:140)
	at org.springframework.web.filter.RequestContextFilter.doFilterInternal(RequestContextFilter.java:100)
	at org.springframework.web.filter.OncePerRequestFilter.doFilter(OncePerRequestFilter.java:116)
	at org.apache.catalina.core.ApplicationFilterChain.internalDoFilter(ApplicationFilterChain.java:164)
	at org.apache.catalina.core.ApplicationFilterChain.doFilter(ApplicationFilterChain.java:140)
	at org.springframework.web.filter.FormContentFilter.doFilterInternal(FormContentFilter.java:93)
	at org.springframework.web.filter.OncePerRequestFilter.doFilter(OncePerRequestFilter.java:116)
	at org.apache.catalina.core.ApplicationFilterChain.internalDoFilter(ApplicationFilterChain.java:164)
	at org.apache.catalina.core.ApplicationFilterChain.doFilter(ApplicationFilterChain.java:140)
	at org.springframework.web.filter.ServerHttpObservationFilter.doFilterInternal(ServerHttpObservationFilter.java:114)
	at org.springframework.web.filter.OncePerRequestFilter.doFilter(OncePerRequestFilter.java:116)
	at org.apache.catalina.core.ApplicationFilterChain.internalDoFilter(ApplicationFilterChain.java:164)
	at org.apache.catalina.core.ApplicationFilterChain.doFilter(ApplicationFilterChain.java:140)
	at org.springframework.web.filter.CharacterEncodingFilter.doFilterInternal(CharacterEncodingFilter.java:201)
	at org.springframework.web.filter.OncePerRequestFilter.doFilter(OncePerRequestFilter.java:116)
	at org.apache.catalina.core.ApplicationFilterChain.internalDoFilter(ApplicationFilterChain.java:164)
	at org.apache.catalina.core.ApplicationFilterChain.doFilter(ApplicationFilterChain.java:140)
	at org.apache.catalina.core.StandardWrapperValve.invoke(StandardWrapperValve.java:167)
	at org.apache.catalina.core.StandardContextValve.invoke(StandardContextValve.java:90)
	at org.apache.catalina.authenticator.AuthenticatorBase.invoke(AuthenticatorBase.java:483)
	at org.apache.catalina.core.StandardHostValve.invoke(StandardHostValve.java:115)
	at org.apache.catalina.valves.ErrorReportValve.invoke(ErrorReportValve.java:93)
	at org.apache.catalina.core.StandardEngineValve.invoke(StandardEngineValve.java:74)
	at org.apache.catalina.connector.CoyoteAdapter.service(CoyoteAdapter.java:344)
	at org.apache.coyote.http11.Http11Processor.service(Http11Processor.java:397)
	at org.apache.coyote.AbstractProcessorLight.process(AbstractProcessorLight.java:63)
	at org.apache.coyote.AbstractProtocol$ConnectionHandler.process(AbstractProtocol.java:905)
	at org.apache.tomcat.util.net.NioEndpoint$SocketProcessor.doRun(NioEndpoint.java:1741)
	at org.apache.tomcat.util.net.SocketProcessorBase.run(SocketProcessorBase.java:52)
	at org.apache.tomcat.util.threads.ThreadPoolExecutor.runWorker(ThreadPoolExecutor.java:1190)
	at org.apache.tomcat.util.threads.ThreadPoolExecutor$Worker.run(ThreadPoolExecutor.java:659)
	at org.apache.tomcat.util.threads.TaskThread$WrappingRunnable.run(TaskThread.java:63)
	at java.base/java.lang.Thread.run(Thread.java:840)
2025-04-11 09:32:40:139 [35m[http-nio-8080-exec-10][0;39m [34m[INFO ][0;39m c.s.m.d.s.basic.BasicUserService - 모든 User 조회 완료: 총 0명 
2025-04-11 09:33:30:861 [35m[SpringApplicationShutdownHook][0;39m [34m[INFO ][0;39m o.s.b.w.e.tomcat.GracefulShutdown - Commencing graceful shutdown. Waiting for active requests to complete 
2025-04-11 09:33:32:187 [35m[tomcat-shutdown][0;39m [34m[INFO ][0;39m o.s.b.w.e.tomcat.GracefulShutdown - Graceful shutdown complete 
2025-04-11 09:33:32:203 [35m[SpringApplicationShutdownHook][0;39m [34m[INFO ][0;39m o.s.o.j.LocalContainerEntityManagerFactoryBean - Closing JPA EntityManagerFactory for persistence unit 'default' 
2025-04-11 09:33:32:208 [35m[SpringApplicationShutdownHook][0;39m [34m[INFO ][0;39m com.zaxxer.hikari.HikariDataSource - HikariPool-1 - Shutdown initiated... 
2025-04-11 09:33:32:223 [35m[SpringApplicationShutdownHook][0;39m [34m[INFO ][0;39m com.zaxxer.hikari.HikariDataSource - HikariPool-1 - Shutdown completed. 
2025-04-11 09:36:03:804 [35m[background-preinit][0;39m [34m[INFO ][0;39m o.h.validator.internal.util.Version - HV000001: Hibernate Validator 8.0.1.Final 
2025-04-11 09:36:03:875 [35m[main][0;39m [34m[INFO ][0;39m c.s.m.discodeit.DiscodeitApplication - Starting DiscodeitApplication using Java 17.0.11 with PID 50328 (C:\Source\1-sprint-mission\build\classes\java\main started by tjdwl in C:\Source\1-sprint-mission) 
2025-04-11 09:36:03:877 [35m[main][0;39m [34m[INFO ][0;39m c.s.m.discodeit.DiscodeitApplication - The following 1 profile is active: "prod" 
2025-04-11 09:36:05:612 [35m[main][0;39m [34m[INFO ][0;39m o.s.d.r.c.RepositoryConfigurationDelegate - Bootstrapping Spring Data JPA repositories in DEFAULT mode. 
2025-04-11 09:36:05:760 [35m[main][0;39m [34m[INFO ][0;39m o.s.d.r.c.RepositoryConfigurationDelegate - Finished Spring Data repository scanning in 136 ms. Found 6 JPA repository interfaces. 
2025-04-11 09:36:06:952 [35m[main][0;39m [34m[INFO ][0;39m o.s.b.w.e.tomcat.TomcatWebServer - Tomcat initialized with port 8080 (http) 
2025-04-11 09:36:06:956 [35m[main][0;39m [34m[INFO ][0;39m o.a.c.core.AprLifecycleListener - Loaded Apache Tomcat Native library [2.0.8] using APR version [1.7.4]. 
2025-04-11 09:36:06:964 [35m[main][0;39m [34m[INFO ][0;39m o.a.c.core.AprLifecycleListener - OpenSSL successfully initialized [OpenSSL 3.0.14 4 Jun 2024] 
2025-04-11 09:36:06:978 [35m[main][0;39m [34m[INFO ][0;39m o.a.coyote.http11.Http11NioProtocol - Initializing ProtocolHandler ["http-nio-8080"] 
2025-04-11 09:36:06:982 [35m[main][0;39m [34m[INFO ][0;39m o.a.catalina.core.StandardService - Starting service [Tomcat] 
2025-04-11 09:36:06:982 [35m[main][0;39m [34m[INFO ][0;39m o.a.catalina.core.StandardEngine - Starting Servlet engine: [Apache Tomcat/10.1.33] 
2025-04-11 09:36:07:120 [35m[main][0;39m [34m[INFO ][0;39m o.a.c.c.C.[Tomcat].[localhost].[/] - Initializing Spring embedded WebApplicationContext 
2025-04-11 09:36:07:121 [35m[main][0;39m [34m[INFO ][0;39m o.s.b.w.s.c.ServletWebServerApplicationContext - Root WebApplicationContext: initialization completed in 3181 ms 
2025-04-11 09:36:07:533 [35m[main][0;39m [34m[INFO ][0;39m com.zaxxer.hikari.HikariDataSource - HikariPool-1 - Starting... 
2025-04-11 09:36:07:922 [35m[main][0;39m [34m[INFO ][0;39m com.zaxxer.hikari.pool.HikariPool - HikariPool-1 - Added connection org.postgresql.jdbc.PgConnection@78f5cbc5 
2025-04-11 09:36:07:925 [35m[main][0;39m [34m[INFO ][0;39m com.zaxxer.hikari.HikariDataSource - HikariPool-1 - Start completed. 
2025-04-11 09:36:08:059 [35m[main][0;39m [34m[INFO ][0;39m o.h.jpa.internal.util.LogHelper - HHH000204: Processing PersistenceUnitInfo [name: default] 
2025-04-11 09:36:08:161 [35m[main][0;39m [34m[INFO ][0;39m org.hibernate.Version - HHH000412: Hibernate ORM core version 6.6.2.Final 
2025-04-11 09:36:08:204 [35m[main][0;39m [34m[INFO ][0;39m o.h.c.i.RegionFactoryInitiator - HHH000026: Second-level cache disabled 
2025-04-11 09:36:08:503 [35m[main][0;39m [34m[INFO ][0;39m o.s.o.j.p.SpringPersistenceUnitInfo - No LoadTimeWeaver setup: ignoring JPA class transformer 
2025-04-11 09:36:08:603 [35m[main][0;39m [34m[INFO ][0;39m o.hibernate.orm.connections.pooling - HHH10001005: Database info:
	Database JDBC URL [Connecting through datasource 'HikariDataSource (HikariPool-1)']
	Database driver: undefined/unknown
	Database version: 17.4
	Autocommit mode: undefined/unknown
	Isolation level: undefined/unknown
	Minimum pool size: undefined/unknown
	Maximum pool size: undefined/unknown 
2025-04-11 09:36:09:912 [35m[main][0;39m [34m[INFO ][0;39m o.h.e.t.j.p.i.JtaPlatformInitiator - HHH000489: No JTA platform available (set 'hibernate.transaction.jta.platform' to enable JTA platform integration) 
2025-04-11 09:36:10:045 [35m[main][0;39m [34m[INFO ][0;39m o.s.o.j.LocalContainerEntityManagerFactoryBean - Initialized JPA EntityManagerFactory for persistence unit 'default' 
2025-04-11 09:36:10:382 [35m[main][0;39m [34m[INFO ][0;39m o.s.d.j.r.query.QueryEnhancerFactory - Hibernate is in classpath; If applicable, HQL parser will be used. 
2025-04-11 09:36:11:546 [35m[main][0;39m [34m[INFO ][0;39m o.s.b.a.w.s.WelcomePageHandlerMapping - Adding welcome page: class path resource [static/index.html] 
2025-04-11 09:36:12:725 [35m[main][0;39m [34m[INFO ][0;39m o.s.b.a.e.web.EndpointLinksResolver - Exposing 1 endpoint beneath base path '/actuator' 
2025-04-11 09:36:12:816 [35m[main][0;39m [34m[INFO ][0;39m o.a.coyote.http11.Http11NioProtocol - Starting ProtocolHandler ["http-nio-8080"] 
2025-04-11 09:36:12:853 [35m[main][0;39m [34m[INFO ][0;39m o.s.b.w.e.tomcat.TomcatWebServer - Tomcat started on port 8080 (http) with context path '/' 
2025-04-11 09:36:12:874 [35m[main][0;39m [34m[INFO ][0;39m c.s.m.discodeit.DiscodeitApplication - Started DiscodeitApplication in 9.731 seconds (process running for 10.623) 
2025-04-11 09:36:13:324 [35m[RMI TCP Connection(1)-172.30.1.72][0;39m [34m[INFO ][0;39m o.a.c.c.C.[Tomcat].[localhost].[/] - Initializing Spring DispatcherServlet 'dispatcherServlet' 
2025-04-11 09:36:13:324 [35m[RMI TCP Connection(1)-172.30.1.72][0;39m [34m[INFO ][0;39m o.s.web.servlet.DispatcherServlet - Initializing Servlet 'dispatcherServlet' 
2025-04-11 09:36:13:327 [35m[RMI TCP Connection(1)-172.30.1.72][0;39m [34m[INFO ][0;39m o.s.web.servlet.DispatcherServlet - Completed initialization in 3 ms 
2025-04-11 09:37:22:662 [35m[SpringApplicationShutdownHook][0;39m [34m[INFO ][0;39m o.s.b.w.e.tomcat.GracefulShutdown - Commencing graceful shutdown. Waiting for active requests to complete 
2025-04-11 09:37:23:296 [35m[tomcat-shutdown][0;39m [34m[INFO ][0;39m o.s.b.w.e.tomcat.GracefulShutdown - Graceful shutdown complete 
2025-04-11 09:37:23:304 [35m[SpringApplicationShutdownHook][0;39m [34m[INFO ][0;39m o.s.o.j.LocalContainerEntityManagerFactoryBean - Closing JPA EntityManagerFactory for persistence unit 'default' 
2025-04-11 09:37:23:306 [35m[SpringApplicationShutdownHook][0;39m [34m[INFO ][0;39m com.zaxxer.hikari.HikariDataSource - HikariPool-1 - Shutdown initiated... 
2025-04-11 09:37:23:311 [35m[SpringApplicationShutdownHook][0;39m [34m[INFO ][0;39m com.zaxxer.hikari.HikariDataSource - HikariPool-1 - Shutdown completed. 
2025-04-11 09:38:03:128 [35m[background-preinit][0;39m [34m[INFO ][0;39m o.h.validator.internal.util.Version - HV000001: Hibernate Validator 8.0.1.Final 
2025-04-11 09:38:03:182 [35m[main][0;39m [34m[INFO ][0;39m c.s.m.discodeit.DiscodeitApplication - Starting DiscodeitApplication using Java 17.0.11 with PID 32748 (C:\Source\1-sprint-mission\build\classes\java\main started by tjdwl in C:\Source\1-sprint-mission) 
2025-04-11 09:38:03:183 [35m[main][0;39m [34m[INFO ][0;39m c.s.m.discodeit.DiscodeitApplication - The following 1 profile is active: "prod" 
2025-04-11 09:38:04:439 [35m[main][0;39m [34m[INFO ][0;39m o.s.d.r.c.RepositoryConfigurationDelegate - Bootstrapping Spring Data JPA repositories in DEFAULT mode. 
2025-04-11 09:38:04:576 [35m[main][0;39m [34m[INFO ][0;39m o.s.d.r.c.RepositoryConfigurationDelegate - Finished Spring Data repository scanning in 124 ms. Found 6 JPA repository interfaces. 
2025-04-11 09:38:05:402 [35m[main][0;39m [34m[INFO ][0;39m o.s.b.w.e.tomcat.TomcatWebServer - Tomcat initialized with port 8080 (http) 
2025-04-11 09:38:05:405 [35m[main][0;39m [34m[INFO ][0;39m o.a.c.core.AprLifecycleListener - Loaded Apache Tomcat Native library [2.0.8] using APR version [1.7.4]. 
2025-04-11 09:38:05:410 [35m[main][0;39m [34m[INFO ][0;39m o.a.c.core.AprLifecycleListener - OpenSSL successfully initialized [OpenSSL 3.0.14 4 Jun 2024] 
2025-04-11 09:38:05:420 [35m[main][0;39m [34m[INFO ][0;39m o.a.coyote.http11.Http11NioProtocol - Initializing ProtocolHandler ["http-nio-8080"] 
2025-04-11 09:38:05:423 [35m[main][0;39m [34m[INFO ][0;39m o.a.catalina.core.StandardService - Starting service [Tomcat] 
2025-04-11 09:38:05:423 [35m[main][0;39m [34m[INFO ][0;39m o.a.catalina.core.StandardEngine - Starting Servlet engine: [Apache Tomcat/10.1.33] 
2025-04-11 09:38:05:509 [35m[main][0;39m [34m[INFO ][0;39m o.a.c.c.C.[Tomcat].[localhost].[/] - Initializing Spring embedded WebApplicationContext 
2025-04-11 09:38:05:510 [35m[main][0;39m [34m[INFO ][0;39m o.s.b.w.s.c.ServletWebServerApplicationContext - Root WebApplicationContext: initialization completed in 2276 ms 
2025-04-11 09:38:05:764 [35m[main][0;39m [34m[INFO ][0;39m com.zaxxer.hikari.HikariDataSource - HikariPool-1 - Starting... 
2025-04-11 09:38:06:054 [35m[main][0;39m [34m[INFO ][0;39m com.zaxxer.hikari.pool.HikariPool - HikariPool-1 - Added connection org.postgresql.jdbc.PgConnection@1b25d695 
2025-04-11 09:38:06:056 [35m[main][0;39m [34m[INFO ][0;39m com.zaxxer.hikari.HikariDataSource - HikariPool-1 - Start completed. 
2025-04-11 09:38:06:162 [35m[main][0;39m [34m[INFO ][0;39m o.h.jpa.internal.util.LogHelper - HHH000204: Processing PersistenceUnitInfo [name: default] 
2025-04-11 09:38:06:226 [35m[main][0;39m [34m[INFO ][0;39m org.hibernate.Version - HHH000412: Hibernate ORM core version 6.6.2.Final 
2025-04-11 09:38:06:269 [35m[main][0;39m [34m[INFO ][0;39m o.h.c.i.RegionFactoryInitiator - HHH000026: Second-level cache disabled 
2025-04-11 09:38:06:585 [35m[main][0;39m [34m[INFO ][0;39m o.s.o.j.p.SpringPersistenceUnitInfo - No LoadTimeWeaver setup: ignoring JPA class transformer 
2025-04-11 09:38:06:700 [35m[main][0;39m [34m[INFO ][0;39m o.hibernate.orm.connections.pooling - HHH10001005: Database info:
	Database JDBC URL [Connecting through datasource 'HikariDataSource (HikariPool-1)']
	Database driver: undefined/unknown
	Database version: 17.4
	Autocommit mode: undefined/unknown
	Isolation level: undefined/unknown
	Minimum pool size: undefined/unknown
	Maximum pool size: undefined/unknown 
2025-04-11 09:38:07:900 [35m[main][0;39m [34m[INFO ][0;39m o.h.e.t.j.p.i.JtaPlatformInitiator - HHH000489: No JTA platform available (set 'hibernate.transaction.jta.platform' to enable JTA platform integration) 
2025-04-11 09:38:08:053 [35m[main][0;39m [34m[INFO ][0;39m o.s.o.j.LocalContainerEntityManagerFactoryBean - Initialized JPA EntityManagerFactory for persistence unit 'default' 
2025-04-11 09:38:08:441 [35m[main][0;39m [34m[INFO ][0;39m o.s.d.j.r.query.QueryEnhancerFactory - Hibernate is in classpath; If applicable, HQL parser will be used. 
2025-04-11 09:38:09:512 [35m[main][0;39m [34m[INFO ][0;39m o.s.b.a.w.s.WelcomePageHandlerMapping - Adding welcome page: class path resource [static/index.html] 
2025-04-11 09:38:10:629 [35m[main][0;39m [34m[INFO ][0;39m o.s.b.a.e.web.EndpointLinksResolver - Exposing 1 endpoint beneath base path '/actuator' 
2025-04-11 09:38:10:730 [35m[main][0;39m [34m[INFO ][0;39m o.a.coyote.http11.Http11NioProtocol - Starting ProtocolHandler ["http-nio-8080"] 
2025-04-11 09:38:10:749 [35m[main][0;39m [34m[INFO ][0;39m o.s.b.w.e.tomcat.TomcatWebServer - Tomcat started on port 8080 (http) with context path '/' 
2025-04-11 09:38:10:771 [35m[main][0;39m [34m[INFO ][0;39m c.s.m.discodeit.DiscodeitApplication - Started DiscodeitApplication in 8.334 seconds (process running for 9.008) 
2025-04-11 09:38:11:291 [35m[RMI TCP Connection(3)-172.30.1.72][0;39m [34m[INFO ][0;39m o.a.c.c.C.[Tomcat].[localhost].[/] - Initializing Spring DispatcherServlet 'dispatcherServlet' 
2025-04-11 09:38:11:292 [35m[RMI TCP Connection(3)-172.30.1.72][0;39m [34m[INFO ][0;39m o.s.web.servlet.DispatcherServlet - Initializing Servlet 'dispatcherServlet' 
2025-04-11 09:38:11:294 [35m[RMI TCP Connection(3)-172.30.1.72][0;39m [34m[INFO ][0;39m o.s.web.servlet.DispatcherServlet - Completed initialization in 2 ms 
2025-04-11 09:39:23:047 [35m[http-nio-8080-exec-3][0;39m [34m[INFO ][0;39m c.s.m.d.s.basic.BasicUserService - 모든 User 조회 완료: 총 0명 
2025-04-11 09:42:33:879 [35m[SpringApplicationShutdownHook][0;39m [34m[INFO ][0;39m o.s.b.w.e.tomcat.GracefulShutdown - Commencing graceful shutdown. Waiting for active requests to complete 
2025-04-11 09:42:35:198 [35m[tomcat-shutdown][0;39m [34m[INFO ][0;39m o.s.b.w.e.tomcat.GracefulShutdown - Graceful shutdown complete 
2025-04-11 09:42:35:214 [35m[SpringApplicationShutdownHook][0;39m [34m[INFO ][0;39m o.s.o.j.LocalContainerEntityManagerFactoryBean - Closing JPA EntityManagerFactory for persistence unit 'default' 
2025-04-11 09:42:35:214 [35m[SpringApplicationShutdownHook][0;39m [34m[INFO ][0;39m com.zaxxer.hikari.HikariDataSource - HikariPool-1 - Shutdown initiated... 
2025-04-11 09:42:35:239 [35m[SpringApplicationShutdownHook][0;39m [34m[INFO ][0;39m com.zaxxer.hikari.HikariDataSource - HikariPool-1 - Shutdown completed. 
2025-04-11 09:43:37:924 [35m[background-preinit][0;39m [34m[INFO ][0;39m o.h.validator.internal.util.Version - HV000001: Hibernate Validator 8.0.1.Final 
2025-04-11 09:43:37:979 [35m[main][0;39m [34m[INFO ][0;39m c.s.m.discodeit.DiscodeitApplication - Starting DiscodeitApplication using Java 17.0.11 with PID 43324 (C:\Source\1-sprint-mission\build\classes\java\main started by tjdwl in C:\Source\1-sprint-mission) 
2025-04-11 09:43:37:980 [35m[main][0;39m [34m[INFO ][0;39m c.s.m.discodeit.DiscodeitApplication - The following 1 profile is active: "prod" 
2025-04-11 09:43:39:228 [35m[main][0;39m [34m[INFO ][0;39m o.s.d.r.c.RepositoryConfigurationDelegate - Bootstrapping Spring Data JPA repositories in DEFAULT mode. 
2025-04-11 09:43:39:334 [35m[main][0;39m [34m[INFO ][0;39m o.s.d.r.c.RepositoryConfigurationDelegate - Finished Spring Data repository scanning in 98 ms. Found 6 JPA repository interfaces. 
2025-04-11 09:43:40:127 [35m[main][0;39m [34m[INFO ][0;39m o.s.b.w.e.tomcat.TomcatWebServer - Tomcat initialized with port 8080 (http) 
2025-04-11 09:43:40:131 [35m[main][0;39m [34m[INFO ][0;39m o.a.c.core.AprLifecycleListener - Loaded Apache Tomcat Native library [2.0.8] using APR version [1.7.4]. 
2025-04-11 09:43:40:135 [35m[main][0;39m [34m[INFO ][0;39m o.a.c.core.AprLifecycleListener - OpenSSL successfully initialized [OpenSSL 3.0.14 4 Jun 2024] 
2025-04-11 09:43:40:144 [35m[main][0;39m [34m[INFO ][0;39m o.a.coyote.http11.Http11NioProtocol - Initializing ProtocolHandler ["http-nio-8080"] 
2025-04-11 09:43:40:145 [35m[main][0;39m [34m[INFO ][0;39m o.a.catalina.core.StandardService - Starting service [Tomcat] 
2025-04-11 09:43:40:146 [35m[main][0;39m [34m[INFO ][0;39m o.a.catalina.core.StandardEngine - Starting Servlet engine: [Apache Tomcat/10.1.33] 
2025-04-11 09:43:40:229 [35m[main][0;39m [34m[INFO ][0;39m o.a.c.c.C.[Tomcat].[localhost].[/] - Initializing Spring embedded WebApplicationContext 
2025-04-11 09:43:40:230 [35m[main][0;39m [34m[INFO ][0;39m o.s.b.w.s.c.ServletWebServerApplicationContext - Root WebApplicationContext: initialization completed in 2202 ms 
2025-04-11 09:43:40:506 [35m[main][0;39m [34m[INFO ][0;39m com.zaxxer.hikari.HikariDataSource - HikariPool-1 - Starting... 
2025-04-11 09:43:40:766 [35m[main][0;39m [34m[INFO ][0;39m com.zaxxer.hikari.pool.HikariPool - HikariPool-1 - Added connection org.postgresql.jdbc.PgConnection@537b3be1 
2025-04-11 09:43:40:769 [35m[main][0;39m [34m[INFO ][0;39m com.zaxxer.hikari.HikariDataSource - HikariPool-1 - Start completed. 
2025-04-11 09:43:40:889 [35m[main][0;39m [34m[INFO ][0;39m o.h.jpa.internal.util.LogHelper - HHH000204: Processing PersistenceUnitInfo [name: default] 
2025-04-11 09:43:40:958 [35m[main][0;39m [34m[INFO ][0;39m org.hibernate.Version - HHH000412: Hibernate ORM core version 6.6.2.Final 
2025-04-11 09:43:41:001 [35m[main][0;39m [34m[INFO ][0;39m o.h.c.i.RegionFactoryInitiator - HHH000026: Second-level cache disabled 
2025-04-11 09:43:41:310 [35m[main][0;39m [34m[INFO ][0;39m o.s.o.j.p.SpringPersistenceUnitInfo - No LoadTimeWeaver setup: ignoring JPA class transformer 
2025-04-11 09:43:41:427 [35m[main][0;39m [34m[INFO ][0;39m o.hibernate.orm.connections.pooling - HHH10001005: Database info:
	Database JDBC URL [Connecting through datasource 'HikariDataSource (HikariPool-1)']
	Database driver: undefined/unknown
	Database version: 17.4
	Autocommit mode: undefined/unknown
	Isolation level: undefined/unknown
	Minimum pool size: undefined/unknown
	Maximum pool size: undefined/unknown 
2025-04-11 09:43:42:590 [35m[main][0;39m [34m[INFO ][0;39m o.h.e.t.j.p.i.JtaPlatformInitiator - HHH000489: No JTA platform available (set 'hibernate.transaction.jta.platform' to enable JTA platform integration) 
2025-04-11 09:43:42:695 [35m[main][0;39m [34m[INFO ][0;39m o.s.o.j.LocalContainerEntityManagerFactoryBean - Initialized JPA EntityManagerFactory for persistence unit 'default' 
2025-04-11 09:43:43:034 [35m[main][0;39m [34m[INFO ][0;39m o.s.d.j.r.query.QueryEnhancerFactory - Hibernate is in classpath; If applicable, HQL parser will be used. 
2025-04-11 09:43:44:697 [35m[main][0;39m [34m[INFO ][0;39m o.s.b.a.e.web.EndpointLinksResolver - Exposing 1 endpoint beneath base path '/actuator' 
2025-04-11 09:43:44:772 [35m[main][0;39m [34m[INFO ][0;39m o.a.coyote.http11.Http11NioProtocol - Starting ProtocolHandler ["http-nio-8080"] 
2025-04-11 09:43:44:793 [35m[main][0;39m [34m[INFO ][0;39m o.s.b.w.e.tomcat.TomcatWebServer - Tomcat started on port 8080 (http) with context path '/' 
2025-04-11 09:43:44:810 [35m[main][0;39m [34m[INFO ][0;39m c.s.m.discodeit.DiscodeitApplication - Started DiscodeitApplication in 7.59 seconds (process running for 8.237) 
2025-04-11 09:43:45:069 [35m[RMI TCP Connection(2)-172.30.1.72][0;39m [34m[INFO ][0;39m o.a.c.c.C.[Tomcat].[localhost].[/] - Initializing Spring DispatcherServlet 'dispatcherServlet' 
2025-04-11 09:43:45:071 [35m[RMI TCP Connection(2)-172.30.1.72][0;39m [34m[INFO ][0;39m o.s.web.servlet.DispatcherServlet - Initializing Servlet 'dispatcherServlet' 
2025-04-11 09:43:45:073 [35m[RMI TCP Connection(2)-172.30.1.72][0;39m [34m[INFO ][0;39m o.s.web.servlet.DispatcherServlet - Completed initialization in 2 ms 
2025-04-11 09:44:24:458 [35m[SpringApplicationShutdownHook][0;39m [34m[INFO ][0;39m o.s.b.w.e.tomcat.GracefulShutdown - Commencing graceful shutdown. Waiting for active requests to complete 
2025-04-11 09:44:25:075 [35m[tomcat-shutdown][0;39m [34m[INFO ][0;39m o.s.b.w.e.tomcat.GracefulShutdown - Graceful shutdown complete 
2025-04-11 09:44:25:083 [35m[SpringApplicationShutdownHook][0;39m [34m[INFO ][0;39m o.s.o.j.LocalContainerEntityManagerFactoryBean - Closing JPA EntityManagerFactory for persistence unit 'default' 
2025-04-11 09:44:25:085 [35m[SpringApplicationShutdownHook][0;39m [34m[INFO ][0;39m com.zaxxer.hikari.HikariDataSource - HikariPool-1 - Shutdown initiated... 
2025-04-11 09:44:25:091 [35m[SpringApplicationShutdownHook][0;39m [34m[INFO ][0;39m com.zaxxer.hikari.HikariDataSource - HikariPool-1 - Shutdown completed. 
