16:51:59.740 INFO  [main] c.s.m.discodeit.DiscodeitApplication - Starting DiscodeitApplication using Java 17.0.12 with PID 6836 (C:\Users\tjf78\Github\1-sprint-mission\build\classes\java\main started by tjf78 in C:\Users\tjf78\Github\1-sprint-mission)
16:51:59.741 INFO  [main] c.s.m.discodeit.DiscodeitApplication - The following 1 profile is active: "prod"
16:52:00.338 INFO  [main] o.s.d.r.c.RepositoryConfigurationDelegate - Bootstrapping Spring Data JPA repositories in DEFAULT mode.
16:52:00.406 INFO  [main] o.s.d.r.c.RepositoryConfigurationDelegate - Finished Spring Data repository scanning in 61 ms. Found 6 JPA repository interfaces.
16:52:00.786 INFO  [main] o.s.b.w.e.tomcat.TomcatWebServer - Tomcat initialized with port 8080 (http)
16:52:00.789 INFO  [main] o.a.c.core.AprLifecycleListener - Loaded Apache Tomcat Native library [2.0.8] using APR version [1.7.4].
16:52:00.791 INFO  [main] o.a.c.core.AprLifecycleListener - OpenSSL successfully initialized [OpenSSL 3.0.14 4 Jun 2024]
16:52:00.797 INFO  [main] o.a.coyote.http11.Http11NioProtocol - Initializing ProtocolHandler ["http-nio-8080"]
16:52:00.798 INFO  [main] o.a.catalina.core.StandardService - Starting service [Tomcat]
16:52:00.798 INFO  [main] o.a.catalina.core.StandardEngine - Starting Servlet engine: [Apache Tomcat/10.1.33]
16:52:00.841 INFO  [main] o.a.c.c.C.[Tomcat].[localhost].[/] - Initializing Spring embedded WebApplicationContext
16:52:00.841 INFO  [main] o.s.b.w.s.c.ServletWebServerApplicationContext - Root WebApplicationContext: initialization completed in 1065 ms
16:52:00.902 INFO  [main] com.zaxxer.hikari.HikariDataSource - HikariPool-1 - Starting...
16:52:01.034 INFO  [main] com.zaxxer.hikari.pool.HikariPool - HikariPool-1 - Added connection org.postgresql.jdbc.PgConnection@22da200e
16:52:01.035 INFO  [main] com.zaxxer.hikari.HikariDataSource - HikariPool-1 - Start completed.
16:52:01.093 INFO  [main] o.h.jpa.internal.util.LogHelper - HHH000204: Processing PersistenceUnitInfo [name: default]
16:52:01.132 INFO  [main] org.hibernate.Version - HHH000412: Hibernate ORM core version 6.6.2.Final
16:52:01.157 INFO  [main] o.h.c.i.RegionFactoryInitiator - HHH000026: Second-level cache disabled
16:52:01.366 INFO  [main] o.s.o.j.p.SpringPersistenceUnitInfo - No LoadTimeWeaver setup: ignoring JPA class transformer
16:52:01.430 INFO  [main] o.hibernate.orm.connections.pooling - HHH10001005: Database info:
	Database JDBC URL [Connecting through datasource 'HikariDataSource (HikariPool-1)']
	Database driver: undefined/unknown
	Database version: 17.4
	Autocommit mode: undefined/unknown
	Isolation level: undefined/unknown
	Minimum pool size: undefined/unknown
	Maximum pool size: undefined/unknown
16:52:02.139 INFO  [main] o.h.e.t.j.p.i.JtaPlatformInitiator - HHH000489: No JTA platform available (set 'hibernate.transaction.jta.platform' to enable JTA platform integration)
16:52:02.182 INFO  [main] o.s.o.j.LocalContainerEntityManagerFactoryBean - Initialized JPA EntityManagerFactory for persistence unit 'default'
16:52:02.375 INFO  [main] o.s.d.j.r.query.QueryEnhancerFactory - Hibernate is in classpath; If applicable, HQL parser will be used.
16:52:02.829 INFO  [main] o.s.b.a.w.s.WelcomePageHandlerMapping - Adding welcome page: class path resource [static/index.html]
16:52:03.103 INFO  [main] o.a.coyote.http11.Http11NioProtocol - Starting ProtocolHandler ["http-nio-8080"]
16:52:03.115 INFO  [main] o.s.b.w.e.tomcat.TomcatWebServer - Tomcat started on port 8080 (http) with context path '/'
16:52:03.123 INFO  [main] c.s.m.discodeit.DiscodeitApplication - Started DiscodeitApplication in 3.796 seconds (process running for 4.201)
16:52:40.690 INFO  [http-nio-8080-exec-1] o.a.c.c.C.[Tomcat].[localhost].[/] - Initializing Spring DispatcherServlet 'dispatcherServlet'
16:52:40.690 INFO  [http-nio-8080-exec-1] o.s.web.servlet.DispatcherServlet - Initializing Servlet 'dispatcherServlet'
16:52:40.691 INFO  [http-nio-8080-exec-1] o.s.web.servlet.DispatcherServlet - Completed initialization in 1 ms
16:52:52.475 INFO  [http-nio-8080-exec-3] c.s.m.d.controller.UserController - [UserController] 사용자 생성 요청: username: asdas, 프로필 파일 여부 : 프로필 없음
16:52:52.481 INFO  [http-nio-8080-exec-3] c.s.m.d.s.basic.BasicUserService - [UserService] 사용자 생성 시작 name: asdas, 프로필 이미지: 프로필 없음 
16:52:52.529 DEBUG [http-nio-8080-exec-3] org.hibernate.SQL - 
    select
        u1_0.id 
    from
        users u1_0 
    where
        u1_0.email=? 
    fetch
        first ? rows only
16:52:52.530 TRACE [http-nio-8080-exec-3] org.hibernate.orm.jdbc.bind - binding parameter (1:VARCHAR) <- [asda@sadas.com]
16:52:52.530 TRACE [http-nio-8080-exec-3] org.hibernate.orm.jdbc.bind - binding parameter (2:INTEGER) <- [1]
16:52:52.543 DEBUG [http-nio-8080-exec-3] org.hibernate.SQL - 
    select
        u1_0.id 
    from
        users u1_0 
    where
        u1_0.username=? 
    fetch
        first ? rows only
16:52:52.544 TRACE [http-nio-8080-exec-3] org.hibernate.orm.jdbc.bind - binding parameter (1:VARCHAR) <- [asdas]
16:52:52.544 TRACE [http-nio-8080-exec-3] org.hibernate.orm.jdbc.bind - binding parameter (2:INTEGER) <- [1]
16:52:52.545 INFO  [http-nio-8080-exec-3] c.s.m.d.s.basic.BasicUserService - [UserService] userStatus 생성 시작: name: asdas
16:52:52.545 INFO  [http-nio-8080-exec-3] c.s.m.d.s.basic.BasicUserService - [UserService] userStatus 생성 성공 userName: asdas,userStatusId: null
16:52:52.577 INFO  [http-nio-8080-exec-3] c.s.m.d.s.basic.BasicUserService - [UserService] 사용자 생성 성공 userName: asdas,userId: a04b793d-34a3-420b-a1c0-17a92a038125
16:52:52.587 DEBUG [http-nio-8080-exec-3] org.hibernate.SQL - 
    insert 
    into
        users
        (created_at, email, password, profile_id, updated_at, username, id) 
    values
        (?, ?, ?, ?, ?, ?, ?)
16:52:52.588 TRACE [http-nio-8080-exec-3] org.hibernate.orm.jdbc.bind - binding parameter (1:TIMESTAMP_UTC) <- [2025-03-28T07:52:52.559263800Z]
16:52:52.588 TRACE [http-nio-8080-exec-3] org.hibernate.orm.jdbc.bind - binding parameter (2:VARCHAR) <- [asda@sadas.com]
16:52:52.588 TRACE [http-nio-8080-exec-3] org.hibernate.orm.jdbc.bind - binding parameter (3:VARCHAR) <- [asdasd]
16:52:52.588 TRACE [http-nio-8080-exec-3] org.hibernate.orm.jdbc.bind - binding parameter (4:UUID) <- [null]
16:52:52.588 TRACE [http-nio-8080-exec-3] org.hibernate.orm.jdbc.bind - binding parameter (5:TIMESTAMP_UTC) <- [2025-03-28T07:52:52.559263800Z]
16:52:52.588 TRACE [http-nio-8080-exec-3] org.hibernate.orm.jdbc.bind - binding parameter (6:VARCHAR) <- [asdas]
16:52:52.588 TRACE [http-nio-8080-exec-3] org.hibernate.orm.jdbc.bind - binding parameter (7:UUID) <- [a04b793d-34a3-420b-a1c0-17a92a038125]
16:52:52.591 DEBUG [http-nio-8080-exec-3] org.hibernate.SQL - 
    insert 
    into
        user_statuses
        (created_at, last_active_at, updated_at, user_id, id) 
    values
        (?, ?, ?, ?, ?)
16:52:52.591 TRACE [http-nio-8080-exec-3] org.hibernate.orm.jdbc.bind - binding parameter (1:TIMESTAMP_UTC) <- [2025-03-28T07:52:52.575512700Z]
16:52:52.591 TRACE [http-nio-8080-exec-3] org.hibernate.orm.jdbc.bind - binding parameter (2:TIMESTAMP_UTC) <- [2025-03-28T07:52:52.545144700Z]
16:52:52.591 TRACE [http-nio-8080-exec-3] org.hibernate.orm.jdbc.bind - binding parameter (3:TIMESTAMP_UTC) <- [2025-03-28T07:52:52.575512700Z]
16:52:52.591 TRACE [http-nio-8080-exec-3] org.hibernate.orm.jdbc.bind - binding parameter (4:UUID) <- [a04b793d-34a3-420b-a1c0-17a92a038125]
16:52:52.591 TRACE [http-nio-8080-exec-3] org.hibernate.orm.jdbc.bind - binding parameter (5:UUID) <- [fc34fc75-0913-48ab-bf41-c3d8c2068b83]
16:52:52.595 INFO  [http-nio-8080-exec-3] c.s.m.d.controller.UserController - [UserController] 사용자 생성 요청 성공 id: a04b793d-34a3-420b-a1c0-17a92a038125, name: asdas
16:52:52.631 DEBUG [http-nio-8080-exec-5] org.hibernate.SQL - 
    select
        us1_0.id,
        us1_0.created_at,
        us1_0.last_active_at,
        us1_0.updated_at,
        us1_0.user_id 
    from
        user_statuses us1_0 
    where
        us1_0.user_id=?
16:52:52.631 DEBUG [http-nio-8080-exec-4] org.hibernate.SQL - 
    select
        us1_0.id,
        us1_0.created_at,
        us1_0.last_active_at,
        us1_0.updated_at,
        us1_0.user_id 
    from
        user_statuses us1_0 
    where
        us1_0.user_id=?
16:52:52.631 TRACE [http-nio-8080-exec-5] org.hibernate.orm.jdbc.bind - binding parameter (1:UUID) <- [a04b793d-34a3-420b-a1c0-17a92a038125]
16:52:52.631 TRACE [http-nio-8080-exec-4] org.hibernate.orm.jdbc.bind - binding parameter (1:UUID) <- [a04b793d-34a3-420b-a1c0-17a92a038125]
16:52:52.651 DEBUG [http-nio-8080-exec-4] org.hibernate.SQL - 
    update
        user_statuses 
    set
        last_active_at=?,
        updated_at=?,
        user_id=? 
    where
        id=?
16:52:52.651 DEBUG [http-nio-8080-exec-5] org.hibernate.SQL - 
    update
        user_statuses 
    set
        last_active_at=?,
        updated_at=?,
        user_id=? 
    where
        id=?
16:52:52.651 TRACE [http-nio-8080-exec-5] org.hibernate.orm.jdbc.bind - binding parameter (1:TIMESTAMP_UTC) <- [2025-03-28T07:52:52.619Z]
16:52:52.651 TRACE [http-nio-8080-exec-4] org.hibernate.orm.jdbc.bind - binding parameter (1:TIMESTAMP_UTC) <- [2025-03-28T07:52:52.619Z]
16:52:52.651 TRACE [http-nio-8080-exec-5] org.hibernate.orm.jdbc.bind - binding parameter (2:TIMESTAMP_UTC) <- [2025-03-28T07:52:52.646637600Z]
16:52:52.651 TRACE [http-nio-8080-exec-4] org.hibernate.orm.jdbc.bind - binding parameter (2:TIMESTAMP_UTC) <- [2025-03-28T07:52:52.646637600Z]
16:52:52.651 TRACE [http-nio-8080-exec-4] org.hibernate.orm.jdbc.bind - binding parameter (3:UUID) <- [a04b793d-34a3-420b-a1c0-17a92a038125]
16:52:52.651 TRACE [http-nio-8080-exec-5] org.hibernate.orm.jdbc.bind - binding parameter (3:UUID) <- [a04b793d-34a3-420b-a1c0-17a92a038125]
16:52:52.651 TRACE [http-nio-8080-exec-4] org.hibernate.orm.jdbc.bind - binding parameter (4:UUID) <- [fc34fc75-0913-48ab-bf41-c3d8c2068b83]
16:52:52.651 TRACE [http-nio-8080-exec-5] org.hibernate.orm.jdbc.bind - binding parameter (4:UUID) <- [fc34fc75-0913-48ab-bf41-c3d8c2068b83]
16:52:52.683 DEBUG [http-nio-8080-exec-6] org.hibernate.SQL - 
    select
        u1_0.id,
        u1_0.created_at,
        u1_0.email,
        u1_0.password,
        p1_0.id,
        p1_0.content_type,
        p1_0.created_at,
        p1_0.file_name,
        p1_0.size,
        s1_0.id,
        s1_0.created_at,
        s1_0.last_active_at,
        s1_0.updated_at,
        s1_0.user_id,
        u1_0.updated_at,
        u1_0.username 
    from
        users u1_0 
    left join
        binary_contents p1_0 
            on p1_0.id=u1_0.profile_id 
    join
        user_statuses s1_0 
            on u1_0.id=s1_0.user_id
16:52:52.708 DEBUG [http-nio-8080-exec-9] org.hibernate.SQL - 
    select
        u1_0.id,
        u1_0.created_at,
        u1_0.email,
        u1_0.password,
        p1_0.id,
        p1_0.content_type,
        p1_0.created_at,
        p1_0.file_name,
        p1_0.size,
        s1_0.id,
        s1_0.created_at,
        s1_0.last_active_at,
        s1_0.updated_at,
        s1_0.user_id,
        u1_0.updated_at,
        u1_0.username 
    from
        users u1_0 
    left join
        binary_contents p1_0 
            on p1_0.id=u1_0.profile_id 
    join
        user_statuses s1_0 
            on u1_0.id=s1_0.user_id
16:52:52.709 DEBUG [http-nio-8080-exec-7] org.hibernate.SQL - 
    select
        rs1_0.id,
        rs1_0.channel_id,
        rs1_0.created_at,
        rs1_0.last_read_at,
        rs1_0.updated_at,
        rs1_0.user_id 
    from
        read_statuses rs1_0 
    where
        rs1_0.user_id=?
16:52:52.709 DEBUG [http-nio-8080-exec-10] org.hibernate.SQL - 
    select
        rs1_0.id,
        rs1_0.channel_id,
        rs1_0.created_at,
        rs1_0.last_read_at,
        rs1_0.updated_at,
        rs1_0.user_id 
    from
        read_statuses rs1_0 
    where
        rs1_0.user_id=?
16:52:52.709 TRACE [http-nio-8080-exec-7] org.hibernate.orm.jdbc.bind - binding parameter (1:UUID) <- [a04b793d-34a3-420b-a1c0-17a92a038125]
16:52:52.710 TRACE [http-nio-8080-exec-10] org.hibernate.orm.jdbc.bind - binding parameter (1:UUID) <- [a04b793d-34a3-420b-a1c0-17a92a038125]
16:52:52.717 DEBUG [http-nio-8080-exec-7] org.hibernate.SQL - 
    select
        c1_0.id,
        c1_0.created_at,
        c1_0.description,
        c1_0.name,
        c1_0.type,
        c1_0.updated_at 
    from
        channels c1_0 
    where
        c1_0.type=? 
        or c1_0.id in (?)
16:52:52.717 TRACE [http-nio-8080-exec-7] org.hibernate.orm.jdbc.bind - binding parameter (1:VARCHAR) <- [PUBLIC]
16:52:52.717 TRACE [http-nio-8080-exec-7] org.hibernate.orm.jdbc.bind - binding parameter (2:UUID) <- [null]
16:52:52.727 DEBUG [http-nio-8080-exec-8] org.hibernate.SQL - 
    select
        rs1_0.id,
        rs1_0.channel_id,
        rs1_0.created_at,
        rs1_0.last_read_at,
        rs1_0.updated_at,
        rs1_0.user_id 
    from
        read_statuses rs1_0 
    where
        rs1_0.user_id=?
16:52:52.727 DEBUG [http-nio-8080-exec-1] org.hibernate.SQL - 
    select
        rs1_0.id,
        rs1_0.channel_id,
        rs1_0.created_at,
        rs1_0.last_read_at,
        rs1_0.updated_at,
        rs1_0.user_id 
    from
        read_statuses rs1_0 
    where
        rs1_0.user_id=?
16:52:52.728 TRACE [http-nio-8080-exec-8] org.hibernate.orm.jdbc.bind - binding parameter (1:UUID) <- [a04b793d-34a3-420b-a1c0-17a92a038125]
16:52:52.728 TRACE [http-nio-8080-exec-1] org.hibernate.orm.jdbc.bind - binding parameter (1:UUID) <- [a04b793d-34a3-420b-a1c0-17a92a038125]
16:52:52.730 DEBUG [http-nio-8080-exec-8] org.hibernate.SQL - 
    select
        c1_0.id,
        c1_0.created_at,
        c1_0.description,
        c1_0.name,
        c1_0.type,
        c1_0.updated_at 
    from
        channels c1_0 
    where
        c1_0.type=? 
        or c1_0.id in (?)
16:52:52.730 TRACE [http-nio-8080-exec-8] org.hibernate.orm.jdbc.bind - binding parameter (1:VARCHAR) <- [PUBLIC]
16:52:52.730 TRACE [http-nio-8080-exec-8] org.hibernate.orm.jdbc.bind - binding parameter (2:UUID) <- [null]
16:52:52.734 DEBUG [http-nio-8080-exec-2] org.hibernate.SQL - 
    select
        rs1_0.id,
        rs1_0.channel_id,
        rs1_0.created_at,
        rs1_0.last_read_at,
        rs1_0.updated_at,
        rs1_0.user_id 
    from
        read_statuses rs1_0 
    where
        rs1_0.user_id=?
16:52:52.734 TRACE [http-nio-8080-exec-2] org.hibernate.orm.jdbc.bind - binding parameter (1:UUID) <- [a04b793d-34a3-420b-a1c0-17a92a038125]
16:52:52.739 DEBUG [http-nio-8080-exec-3] org.hibernate.SQL - 
    select
        rs1_0.id,
        rs1_0.channel_id,
        rs1_0.created_at,
        rs1_0.last_read_at,
        rs1_0.updated_at,
        rs1_0.user_id 
    from
        read_statuses rs1_0 
    where
        rs1_0.user_id=?
16:52:52.739 TRACE [http-nio-8080-exec-3] org.hibernate.orm.jdbc.bind - binding parameter (1:UUID) <- [a04b793d-34a3-420b-a1c0-17a92a038125]
16:52:55.730 DEBUG [http-nio-8080-exec-4] org.hibernate.SQL - 
    select
        rs1_0.id,
        rs1_0.channel_id,
        rs1_0.created_at,
        rs1_0.last_read_at,
        rs1_0.updated_at,
        rs1_0.user_id 
    from
        read_statuses rs1_0 
    where
        rs1_0.user_id=?
16:52:55.730 TRACE [http-nio-8080-exec-4] org.hibernate.orm.jdbc.bind - binding parameter (1:UUID) <- [a04b793d-34a3-420b-a1c0-17a92a038125]
16:52:55.732 DEBUG [http-nio-8080-exec-4] org.hibernate.SQL - 
    select
        c1_0.id,
        c1_0.created_at,
        c1_0.description,
        c1_0.name,
        c1_0.type,
        c1_0.updated_at 
    from
        channels c1_0 
    where
        c1_0.type=? 
        or c1_0.id in (?)
16:52:55.732 TRACE [http-nio-8080-exec-4] org.hibernate.orm.jdbc.bind - binding parameter (1:VARCHAR) <- [PUBLIC]
16:52:55.732 TRACE [http-nio-8080-exec-4] org.hibernate.orm.jdbc.bind - binding parameter (2:UUID) <- [null]
16:52:55.738 DEBUG [http-nio-8080-exec-5] org.hibernate.SQL - 
    select
        rs1_0.id,
        rs1_0.channel_id,
        rs1_0.created_at,
        rs1_0.last_read_at,
        rs1_0.updated_at,
        rs1_0.user_id 
    from
        read_statuses rs1_0 
    where
        rs1_0.user_id=?
16:52:55.738 TRACE [http-nio-8080-exec-5] org.hibernate.orm.jdbc.bind - binding parameter (1:UUID) <- [a04b793d-34a3-420b-a1c0-17a92a038125]
16:52:59.315 DEBUG [http-nio-8080-exec-6] org.hibernate.SQL - 
    select
        rs1_0.id,
        rs1_0.channel_id,
        rs1_0.created_at,
        rs1_0.last_read_at,
        rs1_0.updated_at,
        rs1_0.user_id 
    from
        read_statuses rs1_0 
    where
        rs1_0.user_id=?
16:52:59.315 TRACE [http-nio-8080-exec-6] org.hibernate.orm.jdbc.bind - binding parameter (1:UUID) <- [a04b793d-34a3-420b-a1c0-17a92a038125]
16:52:59.317 DEBUG [http-nio-8080-exec-6] org.hibernate.SQL - 
    select
        c1_0.id,
        c1_0.created_at,
        c1_0.description,
        c1_0.name,
        c1_0.type,
        c1_0.updated_at 
    from
        channels c1_0 
    where
        c1_0.type=? 
        or c1_0.id in (?)
16:52:59.317 TRACE [http-nio-8080-exec-6] org.hibernate.orm.jdbc.bind - binding parameter (1:VARCHAR) <- [PUBLIC]
16:52:59.317 TRACE [http-nio-8080-exec-6] org.hibernate.orm.jdbc.bind - binding parameter (2:UUID) <- [null]
16:52:59.323 DEBUG [http-nio-8080-exec-9] org.hibernate.SQL - 
    select
        rs1_0.id,
        rs1_0.channel_id,
        rs1_0.created_at,
        rs1_0.last_read_at,
        rs1_0.updated_at,
        rs1_0.user_id 
    from
        read_statuses rs1_0 
    where
        rs1_0.user_id=?
16:52:59.324 TRACE [http-nio-8080-exec-9] org.hibernate.orm.jdbc.bind - binding parameter (1:UUID) <- [a04b793d-34a3-420b-a1c0-17a92a038125]
16:53:02.318 DEBUG [http-nio-8080-exec-10] org.hibernate.SQL - 
    select
        rs1_0.id,
        rs1_0.channel_id,
        rs1_0.created_at,
        rs1_0.last_read_at,
        rs1_0.updated_at,
        rs1_0.user_id 
    from
        read_statuses rs1_0 
    where
        rs1_0.user_id=?
16:53:02.318 TRACE [http-nio-8080-exec-10] org.hibernate.orm.jdbc.bind - binding parameter (1:UUID) <- [a04b793d-34a3-420b-a1c0-17a92a038125]
16:53:02.320 DEBUG [http-nio-8080-exec-10] org.hibernate.SQL - 
    select
        c1_0.id,
        c1_0.created_at,
        c1_0.description,
        c1_0.name,
        c1_0.type,
        c1_0.updated_at 
    from
        channels c1_0 
    where
        c1_0.type=? 
        or c1_0.id in (?)
16:53:02.320 TRACE [http-nio-8080-exec-10] org.hibernate.orm.jdbc.bind - binding parameter (1:VARCHAR) <- [PUBLIC]
16:53:02.320 TRACE [http-nio-8080-exec-10] org.hibernate.orm.jdbc.bind - binding parameter (2:UUID) <- [null]
16:53:02.326 DEBUG [http-nio-8080-exec-7] org.hibernate.SQL - 
    select
        rs1_0.id,
        rs1_0.channel_id,
        rs1_0.created_at,
        rs1_0.last_read_at,
        rs1_0.updated_at,
        rs1_0.user_id 
    from
        read_statuses rs1_0 
    where
        rs1_0.user_id=?
16:53:02.327 TRACE [http-nio-8080-exec-7] org.hibernate.orm.jdbc.bind - binding parameter (1:UUID) <- [a04b793d-34a3-420b-a1c0-17a92a038125]
16:53:05.328 DEBUG [http-nio-8080-exec-1] org.hibernate.SQL - 
    select
        rs1_0.id,
        rs1_0.channel_id,
        rs1_0.created_at,
        rs1_0.last_read_at,
        rs1_0.updated_at,
        rs1_0.user_id 
    from
        read_statuses rs1_0 
    where
        rs1_0.user_id=?
16:53:05.328 TRACE [http-nio-8080-exec-1] org.hibernate.orm.jdbc.bind - binding parameter (1:UUID) <- [a04b793d-34a3-420b-a1c0-17a92a038125]
16:53:05.329 DEBUG [http-nio-8080-exec-1] org.hibernate.SQL - 
    select
        c1_0.id,
        c1_0.created_at,
        c1_0.description,
        c1_0.name,
        c1_0.type,
        c1_0.updated_at 
    from
        channels c1_0 
    where
        c1_0.type=? 
        or c1_0.id in (?)
16:53:05.329 TRACE [http-nio-8080-exec-1] org.hibernate.orm.jdbc.bind - binding parameter (1:VARCHAR) <- [PUBLIC]
16:53:05.329 TRACE [http-nio-8080-exec-1] org.hibernate.orm.jdbc.bind - binding parameter (2:UUID) <- [null]
16:53:05.336 DEBUG [http-nio-8080-exec-8] org.hibernate.SQL - 
    select
        rs1_0.id,
        rs1_0.channel_id,
        rs1_0.created_at,
        rs1_0.last_read_at,
        rs1_0.updated_at,
        rs1_0.user_id 
    from
        read_statuses rs1_0 
    where
        rs1_0.user_id=?
16:53:05.336 TRACE [http-nio-8080-exec-8] org.hibernate.orm.jdbc.bind - binding parameter (1:UUID) <- [a04b793d-34a3-420b-a1c0-17a92a038125]
16:53:08.317 DEBUG [http-nio-8080-exec-2] org.hibernate.SQL - 
    select
        rs1_0.id,
        rs1_0.channel_id,
        rs1_0.created_at,
        rs1_0.last_read_at,
        rs1_0.updated_at,
        rs1_0.user_id 
    from
        read_statuses rs1_0 
    where
        rs1_0.user_id=?
16:53:08.317 TRACE [http-nio-8080-exec-2] org.hibernate.orm.jdbc.bind - binding parameter (1:UUID) <- [a04b793d-34a3-420b-a1c0-17a92a038125]
16:53:08.319 DEBUG [http-nio-8080-exec-2] org.hibernate.SQL - 
    select
        c1_0.id,
        c1_0.created_at,
        c1_0.description,
        c1_0.name,
        c1_0.type,
        c1_0.updated_at 
    from
        channels c1_0 
    where
        c1_0.type=? 
        or c1_0.id in (?)
16:53:08.319 TRACE [http-nio-8080-exec-2] org.hibernate.orm.jdbc.bind - binding parameter (1:VARCHAR) <- [PUBLIC]
16:53:08.319 TRACE [http-nio-8080-exec-2] org.hibernate.orm.jdbc.bind - binding parameter (2:UUID) <- [null]
16:53:08.325 DEBUG [http-nio-8080-exec-3] org.hibernate.SQL - 
    select
        rs1_0.id,
        rs1_0.channel_id,
        rs1_0.created_at,
        rs1_0.last_read_at,
        rs1_0.updated_at,
        rs1_0.user_id 
    from
        read_statuses rs1_0 
    where
        rs1_0.user_id=?
16:53:08.325 TRACE [http-nio-8080-exec-3] org.hibernate.orm.jdbc.bind - binding parameter (1:UUID) <- [a04b793d-34a3-420b-a1c0-17a92a038125]
16:53:11.321 DEBUG [http-nio-8080-exec-4] org.hibernate.SQL - 
    select
        rs1_0.id,
        rs1_0.channel_id,
        rs1_0.created_at,
        rs1_0.last_read_at,
        rs1_0.updated_at,
        rs1_0.user_id 
    from
        read_statuses rs1_0 
    where
        rs1_0.user_id=?
16:53:11.321 TRACE [http-nio-8080-exec-4] org.hibernate.orm.jdbc.bind - binding parameter (1:UUID) <- [a04b793d-34a3-420b-a1c0-17a92a038125]
16:53:11.323 DEBUG [http-nio-8080-exec-4] org.hibernate.SQL - 
    select
        c1_0.id,
        c1_0.created_at,
        c1_0.description,
        c1_0.name,
        c1_0.type,
        c1_0.updated_at 
    from
        channels c1_0 
    where
        c1_0.type=? 
        or c1_0.id in (?)
16:53:11.323 TRACE [http-nio-8080-exec-4] org.hibernate.orm.jdbc.bind - binding parameter (1:VARCHAR) <- [PUBLIC]
16:53:11.323 TRACE [http-nio-8080-exec-4] org.hibernate.orm.jdbc.bind - binding parameter (2:UUID) <- [null]
16:53:11.329 DEBUG [http-nio-8080-exec-5] org.hibernate.SQL - 
    select
        rs1_0.id,
        rs1_0.channel_id,
        rs1_0.created_at,
        rs1_0.last_read_at,
        rs1_0.updated_at,
        rs1_0.user_id 
    from
        read_statuses rs1_0 
    where
        rs1_0.user_id=?
16:53:11.330 TRACE [http-nio-8080-exec-5] org.hibernate.orm.jdbc.bind - binding parameter (1:UUID) <- [a04b793d-34a3-420b-a1c0-17a92a038125]
16:53:14.319 DEBUG [http-nio-8080-exec-6] org.hibernate.SQL - 
    select
        rs1_0.id,
        rs1_0.channel_id,
        rs1_0.created_at,
        rs1_0.last_read_at,
        rs1_0.updated_at,
        rs1_0.user_id 
    from
        read_statuses rs1_0 
    where
        rs1_0.user_id=?
16:53:14.319 TRACE [http-nio-8080-exec-6] org.hibernate.orm.jdbc.bind - binding parameter (1:UUID) <- [a04b793d-34a3-420b-a1c0-17a92a038125]
16:53:14.321 DEBUG [http-nio-8080-exec-6] org.hibernate.SQL - 
    select
        c1_0.id,
        c1_0.created_at,
        c1_0.description,
        c1_0.name,
        c1_0.type,
        c1_0.updated_at 
    from
        channels c1_0 
    where
        c1_0.type=? 
        or c1_0.id in (?)
16:53:14.321 TRACE [http-nio-8080-exec-6] org.hibernate.orm.jdbc.bind - binding parameter (1:VARCHAR) <- [PUBLIC]
16:53:14.321 TRACE [http-nio-8080-exec-6] org.hibernate.orm.jdbc.bind - binding parameter (2:UUID) <- [null]
16:53:14.325 DEBUG [http-nio-8080-exec-9] org.hibernate.SQL - 
    select
        rs1_0.id,
        rs1_0.channel_id,
        rs1_0.created_at,
        rs1_0.last_read_at,
        rs1_0.updated_at,
        rs1_0.user_id 
    from
        read_statuses rs1_0 
    where
        rs1_0.user_id=?
16:53:14.325 TRACE [http-nio-8080-exec-9] org.hibernate.orm.jdbc.bind - binding parameter (1:UUID) <- [a04b793d-34a3-420b-a1c0-17a92a038125]
16:53:17.327 DEBUG [http-nio-8080-exec-10] org.hibernate.SQL - 
    select
        rs1_0.id,
        rs1_0.channel_id,
        rs1_0.created_at,
        rs1_0.last_read_at,
        rs1_0.updated_at,
        rs1_0.user_id 
    from
        read_statuses rs1_0 
    where
        rs1_0.user_id=?
16:53:17.327 TRACE [http-nio-8080-exec-10] org.hibernate.orm.jdbc.bind - binding parameter (1:UUID) <- [a04b793d-34a3-420b-a1c0-17a92a038125]
16:53:17.329 DEBUG [http-nio-8080-exec-10] org.hibernate.SQL - 
    select
        c1_0.id,
        c1_0.created_at,
        c1_0.description,
        c1_0.name,
        c1_0.type,
        c1_0.updated_at 
    from
        channels c1_0 
    where
        c1_0.type=? 
        or c1_0.id in (?)
16:53:17.329 TRACE [http-nio-8080-exec-10] org.hibernate.orm.jdbc.bind - binding parameter (1:VARCHAR) <- [PUBLIC]
16:53:17.329 TRACE [http-nio-8080-exec-10] org.hibernate.orm.jdbc.bind - binding parameter (2:UUID) <- [null]
16:53:17.334 DEBUG [http-nio-8080-exec-7] org.hibernate.SQL - 
    select
        rs1_0.id,
        rs1_0.channel_id,
        rs1_0.created_at,
        rs1_0.last_read_at,
        rs1_0.updated_at,
        rs1_0.user_id 
    from
        read_statuses rs1_0 
    where
        rs1_0.user_id=?
16:53:17.335 TRACE [http-nio-8080-exec-7] org.hibernate.orm.jdbc.bind - binding parameter (1:UUID) <- [a04b793d-34a3-420b-a1c0-17a92a038125]
16:53:20.321 DEBUG [http-nio-8080-exec-1] org.hibernate.SQL - 
    select
        rs1_0.id,
        rs1_0.channel_id,
        rs1_0.created_at,
        rs1_0.last_read_at,
        rs1_0.updated_at,
        rs1_0.user_id 
    from
        read_statuses rs1_0 
    where
        rs1_0.user_id=?
16:53:20.322 TRACE [http-nio-8080-exec-1] org.hibernate.orm.jdbc.bind - binding parameter (1:UUID) <- [a04b793d-34a3-420b-a1c0-17a92a038125]
16:53:20.323 DEBUG [http-nio-8080-exec-1] org.hibernate.SQL - 
    select
        c1_0.id,
        c1_0.created_at,
        c1_0.description,
        c1_0.name,
        c1_0.type,
        c1_0.updated_at 
    from
        channels c1_0 
    where
        c1_0.type=? 
        or c1_0.id in (?)
16:53:20.324 TRACE [http-nio-8080-exec-1] org.hibernate.orm.jdbc.bind - binding parameter (1:VARCHAR) <- [PUBLIC]
16:53:20.324 TRACE [http-nio-8080-exec-1] org.hibernate.orm.jdbc.bind - binding parameter (2:UUID) <- [null]
16:53:20.329 DEBUG [http-nio-8080-exec-8] org.hibernate.SQL - 
    select
        rs1_0.id,
        rs1_0.channel_id,
        rs1_0.created_at,
        rs1_0.last_read_at,
        rs1_0.updated_at,
        rs1_0.user_id 
    from
        read_statuses rs1_0 
    where
        rs1_0.user_id=?
16:53:20.330 TRACE [http-nio-8080-exec-8] org.hibernate.orm.jdbc.bind - binding parameter (1:UUID) <- [a04b793d-34a3-420b-a1c0-17a92a038125]
16:53:23.320 DEBUG [http-nio-8080-exec-3] org.hibernate.SQL - 
    select
        rs1_0.id,
        rs1_0.channel_id,
        rs1_0.created_at,
        rs1_0.last_read_at,
        rs1_0.updated_at,
        rs1_0.user_id 
    from
        read_statuses rs1_0 
    where
        rs1_0.user_id=?
16:53:23.320 DEBUG [http-nio-8080-exec-2] org.hibernate.SQL - 
    select
        us1_0.id,
        us1_0.created_at,
        us1_0.last_active_at,
        us1_0.updated_at,
        us1_0.user_id 
    from
        user_statuses us1_0 
    where
        us1_0.user_id=?
16:53:23.320 TRACE [http-nio-8080-exec-3] org.hibernate.orm.jdbc.bind - binding parameter (1:UUID) <- [a04b793d-34a3-420b-a1c0-17a92a038125]
16:53:23.320 TRACE [http-nio-8080-exec-2] org.hibernate.orm.jdbc.bind - binding parameter (1:UUID) <- [a04b793d-34a3-420b-a1c0-17a92a038125]
16:53:23.321 DEBUG [http-nio-8080-exec-3] org.hibernate.SQL - 
    select
        c1_0.id,
        c1_0.created_at,
        c1_0.description,
        c1_0.name,
        c1_0.type,
        c1_0.updated_at 
    from
        channels c1_0 
    where
        c1_0.type=? 
        or c1_0.id in (?)
16:53:23.321 TRACE [http-nio-8080-exec-3] org.hibernate.orm.jdbc.bind - binding parameter (1:VARCHAR) <- [PUBLIC]
16:53:23.321 TRACE [http-nio-8080-exec-3] org.hibernate.orm.jdbc.bind - binding parameter (2:UUID) <- [null]
16:53:23.321 DEBUG [http-nio-8080-exec-2] org.hibernate.SQL - 
    update
        user_statuses 
    set
        last_active_at=?,
        updated_at=?,
        user_id=? 
    where
        id=?
16:53:23.321 TRACE [http-nio-8080-exec-2] org.hibernate.orm.jdbc.bind - binding parameter (1:TIMESTAMP_UTC) <- [2025-03-28T07:53:23.315Z]
16:53:23.322 TRACE [http-nio-8080-exec-2] org.hibernate.orm.jdbc.bind - binding parameter (2:TIMESTAMP_UTC) <- [2025-03-28T07:53:23.321667900Z]
16:53:23.322 TRACE [http-nio-8080-exec-2] org.hibernate.orm.jdbc.bind - binding parameter (3:UUID) <- [a04b793d-34a3-420b-a1c0-17a92a038125]
16:53:23.322 TRACE [http-nio-8080-exec-2] org.hibernate.orm.jdbc.bind - binding parameter (4:UUID) <- [fc34fc75-0913-48ab-bf41-c3d8c2068b83]
16:53:23.327 DEBUG [http-nio-8080-exec-4] org.hibernate.SQL - 
    select
        rs1_0.id,
        rs1_0.channel_id,
        rs1_0.created_at,
        rs1_0.last_read_at,
        rs1_0.updated_at,
        rs1_0.user_id 
    from
        read_statuses rs1_0 
    where
        rs1_0.user_id=?
16:53:23.327 TRACE [http-nio-8080-exec-4] org.hibernate.orm.jdbc.bind - binding parameter (1:UUID) <- [a04b793d-34a3-420b-a1c0-17a92a038125]
16:53:26.319 DEBUG [http-nio-8080-exec-5] org.hibernate.SQL - 
    select
        rs1_0.id,
        rs1_0.channel_id,
        rs1_0.created_at,
        rs1_0.last_read_at,
        rs1_0.updated_at,
        rs1_0.user_id 
    from
        read_statuses rs1_0 
    where
        rs1_0.user_id=?
16:53:26.319 TRACE [http-nio-8080-exec-5] org.hibernate.orm.jdbc.bind - binding parameter (1:UUID) <- [a04b793d-34a3-420b-a1c0-17a92a038125]
16:53:26.320 DEBUG [http-nio-8080-exec-5] org.hibernate.SQL - 
    select
        c1_0.id,
        c1_0.created_at,
        c1_0.description,
        c1_0.name,
        c1_0.type,
        c1_0.updated_at 
    from
        channels c1_0 
    where
        c1_0.type=? 
        or c1_0.id in (?)
16:53:26.320 TRACE [http-nio-8080-exec-5] org.hibernate.orm.jdbc.bind - binding parameter (1:VARCHAR) <- [PUBLIC]
16:53:26.320 TRACE [http-nio-8080-exec-5] org.hibernate.orm.jdbc.bind - binding parameter (2:UUID) <- [null]
16:53:26.324 DEBUG [http-nio-8080-exec-6] org.hibernate.SQL - 
    select
        rs1_0.id,
        rs1_0.channel_id,
        rs1_0.created_at,
        rs1_0.last_read_at,
        rs1_0.updated_at,
        rs1_0.user_id 
    from
        read_statuses rs1_0 
    where
        rs1_0.user_id=?
16:53:26.325 TRACE [http-nio-8080-exec-6] org.hibernate.orm.jdbc.bind - binding parameter (1:UUID) <- [a04b793d-34a3-420b-a1c0-17a92a038125]
16:53:29.325 DEBUG [http-nio-8080-exec-9] org.hibernate.SQL - 
    select
        rs1_0.id,
        rs1_0.channel_id,
        rs1_0.created_at,
        rs1_0.last_read_at,
        rs1_0.updated_at,
        rs1_0.user_id 
    from
        read_statuses rs1_0 
    where
        rs1_0.user_id=?
16:53:29.326 TRACE [http-nio-8080-exec-9] org.hibernate.orm.jdbc.bind - binding parameter (1:UUID) <- [a04b793d-34a3-420b-a1c0-17a92a038125]
16:53:29.327 DEBUG [http-nio-8080-exec-9] org.hibernate.SQL - 
    select
        c1_0.id,
        c1_0.created_at,
        c1_0.description,
        c1_0.name,
        c1_0.type,
        c1_0.updated_at 
    from
        channels c1_0 
    where
        c1_0.type=? 
        or c1_0.id in (?)
16:53:29.327 TRACE [http-nio-8080-exec-9] org.hibernate.orm.jdbc.bind - binding parameter (1:VARCHAR) <- [PUBLIC]
16:53:29.327 TRACE [http-nio-8080-exec-9] org.hibernate.orm.jdbc.bind - binding parameter (2:UUID) <- [null]
16:53:29.332 DEBUG [http-nio-8080-exec-10] org.hibernate.SQL - 
    select
        rs1_0.id,
        rs1_0.channel_id,
        rs1_0.created_at,
        rs1_0.last_read_at,
        rs1_0.updated_at,
        rs1_0.user_id 
    from
        read_statuses rs1_0 
    where
        rs1_0.user_id=?
16:53:29.332 TRACE [http-nio-8080-exec-10] org.hibernate.orm.jdbc.bind - binding parameter (1:UUID) <- [a04b793d-34a3-420b-a1c0-17a92a038125]
16:53:32.321 DEBUG [http-nio-8080-exec-7] org.hibernate.SQL - 
    select
        rs1_0.id,
        rs1_0.channel_id,
        rs1_0.created_at,
        rs1_0.last_read_at,
        rs1_0.updated_at,
        rs1_0.user_id 
    from
        read_statuses rs1_0 
    where
        rs1_0.user_id=?
16:53:32.322 TRACE [http-nio-8080-exec-7] org.hibernate.orm.jdbc.bind - binding parameter (1:UUID) <- [a04b793d-34a3-420b-a1c0-17a92a038125]
16:53:32.323 DEBUG [http-nio-8080-exec-7] org.hibernate.SQL - 
    select
        c1_0.id,
        c1_0.created_at,
        c1_0.description,
        c1_0.name,
        c1_0.type,
        c1_0.updated_at 
    from
        channels c1_0 
    where
        c1_0.type=? 
        or c1_0.id in (?)
16:53:32.323 TRACE [http-nio-8080-exec-7] org.hibernate.orm.jdbc.bind - binding parameter (1:VARCHAR) <- [PUBLIC]
16:53:32.323 TRACE [http-nio-8080-exec-7] org.hibernate.orm.jdbc.bind - binding parameter (2:UUID) <- [null]
16:53:32.329 DEBUG [http-nio-8080-exec-1] org.hibernate.SQL - 
    select
        rs1_0.id,
        rs1_0.channel_id,
        rs1_0.created_at,
        rs1_0.last_read_at,
        rs1_0.updated_at,
        rs1_0.user_id 
    from
        read_statuses rs1_0 
    where
        rs1_0.user_id=?
16:53:32.329 TRACE [http-nio-8080-exec-1] org.hibernate.orm.jdbc.bind - binding parameter (1:UUID) <- [a04b793d-34a3-420b-a1c0-17a92a038125]
16:53:35.325 DEBUG [http-nio-8080-exec-8] org.hibernate.SQL - 
    select
        rs1_0.id,
        rs1_0.channel_id,
        rs1_0.created_at,
        rs1_0.last_read_at,
        rs1_0.updated_at,
        rs1_0.user_id 
    from
        read_statuses rs1_0 
    where
        rs1_0.user_id=?
16:53:35.325 TRACE [http-nio-8080-exec-8] org.hibernate.orm.jdbc.bind - binding parameter (1:UUID) <- [a04b793d-34a3-420b-a1c0-17a92a038125]
16:53:35.326 DEBUG [http-nio-8080-exec-8] org.hibernate.SQL - 
    select
        c1_0.id,
        c1_0.created_at,
        c1_0.description,
        c1_0.name,
        c1_0.type,
        c1_0.updated_at 
    from
        channels c1_0 
    where
        c1_0.type=? 
        or c1_0.id in (?)
16:53:35.326 TRACE [http-nio-8080-exec-8] org.hibernate.orm.jdbc.bind - binding parameter (1:VARCHAR) <- [PUBLIC]
16:53:35.326 TRACE [http-nio-8080-exec-8] org.hibernate.orm.jdbc.bind - binding parameter (2:UUID) <- [null]
16:53:35.331 DEBUG [http-nio-8080-exec-3] org.hibernate.SQL - 
    select
        rs1_0.id,
        rs1_0.channel_id,
        rs1_0.created_at,
        rs1_0.last_read_at,
        rs1_0.updated_at,
        rs1_0.user_id 
    from
        read_statuses rs1_0 
    where
        rs1_0.user_id=?
16:53:35.331 TRACE [http-nio-8080-exec-3] org.hibernate.orm.jdbc.bind - binding parameter (1:UUID) <- [a04b793d-34a3-420b-a1c0-17a92a038125]
16:53:38.323 DEBUG [http-nio-8080-exec-2] org.hibernate.SQL - 
    select
        rs1_0.id,
        rs1_0.channel_id,
        rs1_0.created_at,
        rs1_0.last_read_at,
        rs1_0.updated_at,
        rs1_0.user_id 
    from
        read_statuses rs1_0 
    where
        rs1_0.user_id=?
16:53:38.323 TRACE [http-nio-8080-exec-2] org.hibernate.orm.jdbc.bind - binding parameter (1:UUID) <- [a04b793d-34a3-420b-a1c0-17a92a038125]
16:53:38.324 DEBUG [http-nio-8080-exec-2] org.hibernate.SQL - 
    select
        c1_0.id,
        c1_0.created_at,
        c1_0.description,
        c1_0.name,
        c1_0.type,
        c1_0.updated_at 
    from
        channels c1_0 
    where
        c1_0.type=? 
        or c1_0.id in (?)
16:53:38.324 TRACE [http-nio-8080-exec-2] org.hibernate.orm.jdbc.bind - binding parameter (1:VARCHAR) <- [PUBLIC]
16:53:38.325 TRACE [http-nio-8080-exec-2] org.hibernate.orm.jdbc.bind - binding parameter (2:UUID) <- [null]
16:53:38.329 DEBUG [http-nio-8080-exec-4] org.hibernate.SQL - 
    select
        rs1_0.id,
        rs1_0.channel_id,
        rs1_0.created_at,
        rs1_0.last_read_at,
        rs1_0.updated_at,
        rs1_0.user_id 
    from
        read_statuses rs1_0 
    where
        rs1_0.user_id=?
16:53:38.330 TRACE [http-nio-8080-exec-4] org.hibernate.orm.jdbc.bind - binding parameter (1:UUID) <- [a04b793d-34a3-420b-a1c0-17a92a038125]
16:53:41.326 DEBUG [http-nio-8080-exec-5] org.hibernate.SQL - 
    select
        rs1_0.id,
        rs1_0.channel_id,
        rs1_0.created_at,
        rs1_0.last_read_at,
        rs1_0.updated_at,
        rs1_0.user_id 
    from
        read_statuses rs1_0 
    where
        rs1_0.user_id=?
16:53:41.326 TRACE [http-nio-8080-exec-5] org.hibernate.orm.jdbc.bind - binding parameter (1:UUID) <- [a04b793d-34a3-420b-a1c0-17a92a038125]
16:53:41.327 DEBUG [http-nio-8080-exec-5] org.hibernate.SQL - 
    select
        c1_0.id,
        c1_0.created_at,
        c1_0.description,
        c1_0.name,
        c1_0.type,
        c1_0.updated_at 
    from
        channels c1_0 
    where
        c1_0.type=? 
        or c1_0.id in (?)
16:53:41.328 TRACE [http-nio-8080-exec-5] org.hibernate.orm.jdbc.bind - binding parameter (1:VARCHAR) <- [PUBLIC]
16:53:41.328 TRACE [http-nio-8080-exec-5] org.hibernate.orm.jdbc.bind - binding parameter (2:UUID) <- [null]
16:53:41.333 DEBUG [http-nio-8080-exec-6] org.hibernate.SQL - 
    select
        rs1_0.id,
        rs1_0.channel_id,
        rs1_0.created_at,
        rs1_0.last_read_at,
        rs1_0.updated_at,
        rs1_0.user_id 
    from
        read_statuses rs1_0 
    where
        rs1_0.user_id=?
16:53:41.333 TRACE [http-nio-8080-exec-6] org.hibernate.orm.jdbc.bind - binding parameter (1:UUID) <- [a04b793d-34a3-420b-a1c0-17a92a038125]
16:53:44.316 DEBUG [http-nio-8080-exec-9] org.hibernate.SQL - 
    select
        rs1_0.id,
        rs1_0.channel_id,
        rs1_0.created_at,
        rs1_0.last_read_at,
        rs1_0.updated_at,
        rs1_0.user_id 
    from
        read_statuses rs1_0 
    where
        rs1_0.user_id=?
16:53:44.316 TRACE [http-nio-8080-exec-9] org.hibernate.orm.jdbc.bind - binding parameter (1:UUID) <- [a04b793d-34a3-420b-a1c0-17a92a038125]
16:53:44.316 DEBUG [http-nio-8080-exec-9] org.hibernate.SQL - 
    select
        c1_0.id,
        c1_0.created_at,
        c1_0.description,
        c1_0.name,
        c1_0.type,
        c1_0.updated_at 
    from
        channels c1_0 
    where
        c1_0.type=? 
        or c1_0.id in (?)
16:53:44.316 TRACE [http-nio-8080-exec-9] org.hibernate.orm.jdbc.bind - binding parameter (1:VARCHAR) <- [PUBLIC]
16:53:44.316 TRACE [http-nio-8080-exec-9] org.hibernate.orm.jdbc.bind - binding parameter (2:UUID) <- [null]
16:53:44.322 DEBUG [http-nio-8080-exec-10] org.hibernate.SQL - 
    select
        rs1_0.id,
        rs1_0.channel_id,
        rs1_0.created_at,
        rs1_0.last_read_at,
        rs1_0.updated_at,
        rs1_0.user_id 
    from
        read_statuses rs1_0 
    where
        rs1_0.user_id=?
16:53:44.322 TRACE [http-nio-8080-exec-10] org.hibernate.orm.jdbc.bind - binding parameter (1:UUID) <- [a04b793d-34a3-420b-a1c0-17a92a038125]
16:53:47.324 DEBUG [http-nio-8080-exec-7] org.hibernate.SQL - 
    select
        rs1_0.id,
        rs1_0.channel_id,
        rs1_0.created_at,
        rs1_0.last_read_at,
        rs1_0.updated_at,
        rs1_0.user_id 
    from
        read_statuses rs1_0 
    where
        rs1_0.user_id=?
16:53:47.324 TRACE [http-nio-8080-exec-7] org.hibernate.orm.jdbc.bind - binding parameter (1:UUID) <- [a04b793d-34a3-420b-a1c0-17a92a038125]
16:53:47.325 DEBUG [http-nio-8080-exec-7] org.hibernate.SQL - 
    select
        c1_0.id,
        c1_0.created_at,
        c1_0.description,
        c1_0.name,
        c1_0.type,
        c1_0.updated_at 
    from
        channels c1_0 
    where
        c1_0.type=? 
        or c1_0.id in (?)
16:53:47.325 TRACE [http-nio-8080-exec-7] org.hibernate.orm.jdbc.bind - binding parameter (1:VARCHAR) <- [PUBLIC]
16:53:47.326 TRACE [http-nio-8080-exec-7] org.hibernate.orm.jdbc.bind - binding parameter (2:UUID) <- [null]
16:53:47.332 DEBUG [http-nio-8080-exec-1] org.hibernate.SQL - 
    select
        rs1_0.id,
        rs1_0.channel_id,
        rs1_0.created_at,
        rs1_0.last_read_at,
        rs1_0.updated_at,
        rs1_0.user_id 
    from
        read_statuses rs1_0 
    where
        rs1_0.user_id=?
16:53:47.332 TRACE [http-nio-8080-exec-1] org.hibernate.orm.jdbc.bind - binding parameter (1:UUID) <- [a04b793d-34a3-420b-a1c0-17a92a038125]
16:53:50.315 DEBUG [http-nio-8080-exec-8] org.hibernate.SQL - 
    select
        rs1_0.id,
        rs1_0.channel_id,
        rs1_0.created_at,
        rs1_0.last_read_at,
        rs1_0.updated_at,
        rs1_0.user_id 
    from
        read_statuses rs1_0 
    where
        rs1_0.user_id=?
16:53:50.315 TRACE [http-nio-8080-exec-8] org.hibernate.orm.jdbc.bind - binding parameter (1:UUID) <- [a04b793d-34a3-420b-a1c0-17a92a038125]
16:53:50.316 DEBUG [http-nio-8080-exec-8] org.hibernate.SQL - 
    select
        c1_0.id,
        c1_0.created_at,
        c1_0.description,
        c1_0.name,
        c1_0.type,
        c1_0.updated_at 
    from
        channels c1_0 
    where
        c1_0.type=? 
        or c1_0.id in (?)
16:53:50.316 TRACE [http-nio-8080-exec-8] org.hibernate.orm.jdbc.bind - binding parameter (1:VARCHAR) <- [PUBLIC]
16:53:50.316 TRACE [http-nio-8080-exec-8] org.hibernate.orm.jdbc.bind - binding parameter (2:UUID) <- [null]
16:53:50.321 DEBUG [http-nio-8080-exec-3] org.hibernate.SQL - 
    select
        rs1_0.id,
        rs1_0.channel_id,
        rs1_0.created_at,
        rs1_0.last_read_at,
        rs1_0.updated_at,
        rs1_0.user_id 
    from
        read_statuses rs1_0 
    where
        rs1_0.user_id=?
16:53:50.322 TRACE [http-nio-8080-exec-3] org.hibernate.orm.jdbc.bind - binding parameter (1:UUID) <- [a04b793d-34a3-420b-a1c0-17a92a038125]
16:53:53.318 DEBUG [http-nio-8080-exec-4] org.hibernate.SQL - 
    select
        u1_0.id,
        u1_0.created_at,
        u1_0.email,
        u1_0.password,
        p1_0.id,
        p1_0.content_type,
        p1_0.created_at,
        p1_0.file_name,
        p1_0.size,
        s1_0.id,
        s1_0.created_at,
        s1_0.last_active_at,
        s1_0.updated_at,
        s1_0.user_id,
        u1_0.updated_at,
        u1_0.username 
    from
        users u1_0 
    left join
        binary_contents p1_0 
            on p1_0.id=u1_0.profile_id 
    join
        user_statuses s1_0 
            on u1_0.id=s1_0.user_id
16:53:53.320 DEBUG [http-nio-8080-exec-2] org.hibernate.SQL - 
    select
        us1_0.id,
        us1_0.created_at,
        us1_0.last_active_at,
        us1_0.updated_at,
        us1_0.user_id 
    from
        user_statuses us1_0 
    where
        us1_0.user_id=?
16:53:53.320 DEBUG [http-nio-8080-exec-5] org.hibernate.SQL - 
    select
        rs1_0.id,
        rs1_0.channel_id,
        rs1_0.created_at,
        rs1_0.last_read_at,
        rs1_0.updated_at,
        rs1_0.user_id 
    from
        read_statuses rs1_0 
    where
        rs1_0.user_id=?
16:53:53.320 TRACE [http-nio-8080-exec-5] org.hibernate.orm.jdbc.bind - binding parameter (1:UUID) <- [a04b793d-34a3-420b-a1c0-17a92a038125]
16:53:53.320 TRACE [http-nio-8080-exec-2] org.hibernate.orm.jdbc.bind - binding parameter (1:UUID) <- [a04b793d-34a3-420b-a1c0-17a92a038125]
16:53:53.321 DEBUG [http-nio-8080-exec-5] org.hibernate.SQL - 
    select
        c1_0.id,
        c1_0.created_at,
        c1_0.description,
        c1_0.name,
        c1_0.type,
        c1_0.updated_at 
    from
        channels c1_0 
    where
        c1_0.type=? 
        or c1_0.id in (?)
16:53:53.322 TRACE [http-nio-8080-exec-5] org.hibernate.orm.jdbc.bind - binding parameter (1:VARCHAR) <- [PUBLIC]
16:53:53.322 TRACE [http-nio-8080-exec-5] org.hibernate.orm.jdbc.bind - binding parameter (2:UUID) <- [null]
16:53:53.323 DEBUG [http-nio-8080-exec-2] org.hibernate.SQL - 
    update
        user_statuses 
    set
        last_active_at=?,
        updated_at=?,
        user_id=? 
    where
        id=?
16:53:53.323 TRACE [http-nio-8080-exec-2] org.hibernate.orm.jdbc.bind - binding parameter (1:TIMESTAMP_UTC) <- [2025-03-28T07:53:53.315Z]
16:53:53.323 TRACE [http-nio-8080-exec-2] org.hibernate.orm.jdbc.bind - binding parameter (2:TIMESTAMP_UTC) <- [2025-03-28T07:53:53.323195700Z]
16:53:53.323 TRACE [http-nio-8080-exec-2] org.hibernate.orm.jdbc.bind - binding parameter (3:UUID) <- [a04b793d-34a3-420b-a1c0-17a92a038125]
16:53:53.323 TRACE [http-nio-8080-exec-2] org.hibernate.orm.jdbc.bind - binding parameter (4:UUID) <- [fc34fc75-0913-48ab-bf41-c3d8c2068b83]
16:53:53.327 DEBUG [http-nio-8080-exec-6] org.hibernate.SQL - 
    select
        rs1_0.id,
        rs1_0.channel_id,
        rs1_0.created_at,
        rs1_0.last_read_at,
        rs1_0.updated_at,
        rs1_0.user_id 
    from
        read_statuses rs1_0 
    where
        rs1_0.user_id=?
16:53:53.327 TRACE [http-nio-8080-exec-6] org.hibernate.orm.jdbc.bind - binding parameter (1:UUID) <- [a04b793d-34a3-420b-a1c0-17a92a038125]
16:53:53.328 DEBUG [http-nio-8080-exec-9] org.hibernate.SQL - 
    select
        rs1_0.id,
        rs1_0.channel_id,
        rs1_0.created_at,
        rs1_0.last_read_at,
        rs1_0.updated_at,
        rs1_0.user_id 
    from
        read_statuses rs1_0 
    where
        rs1_0.user_id=?
16:53:53.328 TRACE [http-nio-8080-exec-9] org.hibernate.orm.jdbc.bind - binding parameter (1:UUID) <- [a04b793d-34a3-420b-a1c0-17a92a038125]
16:53:53.329 DEBUG [http-nio-8080-exec-9] org.hibernate.SQL - 
    select
        c1_0.id,
        c1_0.created_at,
        c1_0.description,
        c1_0.name,
        c1_0.type,
        c1_0.updated_at 
    from
        channels c1_0 
    where
        c1_0.type=? 
        or c1_0.id in (?)
16:53:53.329 TRACE [http-nio-8080-exec-9] org.hibernate.orm.jdbc.bind - binding parameter (1:VARCHAR) <- [PUBLIC]
16:53:53.329 TRACE [http-nio-8080-exec-9] org.hibernate.orm.jdbc.bind - binding parameter (2:UUID) <- [null]
16:53:53.330 DEBUG [http-nio-8080-exec-10] org.hibernate.SQL - 
    select
        rs1_0.id,
        rs1_0.channel_id,
        rs1_0.created_at,
        rs1_0.last_read_at,
        rs1_0.updated_at,
        rs1_0.user_id 
    from
        read_statuses rs1_0 
    where
        rs1_0.user_id=?
16:53:53.330 TRACE [http-nio-8080-exec-10] org.hibernate.orm.jdbc.bind - binding parameter (1:UUID) <- [a04b793d-34a3-420b-a1c0-17a92a038125]
16:53:53.333 DEBUG [http-nio-8080-exec-7] org.hibernate.SQL - 
    select
        rs1_0.id,
        rs1_0.channel_id,
        rs1_0.created_at,
        rs1_0.last_read_at,
        rs1_0.updated_at,
        rs1_0.user_id 
    from
        read_statuses rs1_0 
    where
        rs1_0.user_id=?
16:53:53.333 TRACE [http-nio-8080-exec-7] org.hibernate.orm.jdbc.bind - binding parameter (1:UUID) <- [a04b793d-34a3-420b-a1c0-17a92a038125]
16:53:57.315 DEBUG [http-nio-8080-exec-1] org.hibernate.SQL - 
    select
        rs1_0.id,
        rs1_0.channel_id,
        rs1_0.created_at,
        rs1_0.last_read_at,
        rs1_0.updated_at,
        rs1_0.user_id 
    from
        read_statuses rs1_0 
    where
        rs1_0.user_id=?
16:53:57.315 TRACE [http-nio-8080-exec-1] org.hibernate.orm.jdbc.bind - binding parameter (1:UUID) <- [a04b793d-34a3-420b-a1c0-17a92a038125]
16:53:57.317 DEBUG [http-nio-8080-exec-1] org.hibernate.SQL - 
    select
        c1_0.id,
        c1_0.created_at,
        c1_0.description,
        c1_0.name,
        c1_0.type,
        c1_0.updated_at 
    from
        channels c1_0 
    where
        c1_0.type=? 
        or c1_0.id in (?)
16:53:57.317 TRACE [http-nio-8080-exec-1] org.hibernate.orm.jdbc.bind - binding parameter (1:VARCHAR) <- [PUBLIC]
16:53:57.317 TRACE [http-nio-8080-exec-1] org.hibernate.orm.jdbc.bind - binding parameter (2:UUID) <- [null]
16:53:57.322 DEBUG [http-nio-8080-exec-8] org.hibernate.SQL - 
    select
        rs1_0.id,
        rs1_0.channel_id,
        rs1_0.created_at,
        rs1_0.last_read_at,
        rs1_0.updated_at,
        rs1_0.user_id 
    from
        read_statuses rs1_0 
    where
        rs1_0.user_id=?
16:53:57.323 TRACE [http-nio-8080-exec-8] org.hibernate.orm.jdbc.bind - binding parameter (1:UUID) <- [a04b793d-34a3-420b-a1c0-17a92a038125]
16:54:00.327 DEBUG [http-nio-8080-exec-3] org.hibernate.SQL - 
    select
        rs1_0.id,
        rs1_0.channel_id,
        rs1_0.created_at,
        rs1_0.last_read_at,
        rs1_0.updated_at,
        rs1_0.user_id 
    from
        read_statuses rs1_0 
    where
        rs1_0.user_id=?
16:54:00.327 TRACE [http-nio-8080-exec-3] org.hibernate.orm.jdbc.bind - binding parameter (1:UUID) <- [a04b793d-34a3-420b-a1c0-17a92a038125]
16:54:00.328 DEBUG [http-nio-8080-exec-3] org.hibernate.SQL - 
    select
        c1_0.id,
        c1_0.created_at,
        c1_0.description,
        c1_0.name,
        c1_0.type,
        c1_0.updated_at 
    from
        channels c1_0 
    where
        c1_0.type=? 
        or c1_0.id in (?)
16:54:00.328 TRACE [http-nio-8080-exec-3] org.hibernate.orm.jdbc.bind - binding parameter (1:VARCHAR) <- [PUBLIC]
16:54:00.328 TRACE [http-nio-8080-exec-3] org.hibernate.orm.jdbc.bind - binding parameter (2:UUID) <- [null]
16:54:00.333 DEBUG [http-nio-8080-exec-5] org.hibernate.SQL - 
    select
        rs1_0.id,
        rs1_0.channel_id,
        rs1_0.created_at,
        rs1_0.last_read_at,
        rs1_0.updated_at,
        rs1_0.user_id 
    from
        read_statuses rs1_0 
    where
        rs1_0.user_id=?
16:54:00.334 TRACE [http-nio-8080-exec-5] org.hibernate.orm.jdbc.bind - binding parameter (1:UUID) <- [a04b793d-34a3-420b-a1c0-17a92a038125]
16:54:03.324 DEBUG [http-nio-8080-exec-4] org.hibernate.SQL - 
    select
        rs1_0.id,
        rs1_0.channel_id,
        rs1_0.created_at,
        rs1_0.last_read_at,
        rs1_0.updated_at,
        rs1_0.user_id 
    from
        read_statuses rs1_0 
    where
        rs1_0.user_id=?
16:54:03.324 TRACE [http-nio-8080-exec-4] org.hibernate.orm.jdbc.bind - binding parameter (1:UUID) <- [a04b793d-34a3-420b-a1c0-17a92a038125]
16:54:03.325 DEBUG [http-nio-8080-exec-4] org.hibernate.SQL - 
    select
        c1_0.id,
        c1_0.created_at,
        c1_0.description,
        c1_0.name,
        c1_0.type,
        c1_0.updated_at 
    from
        channels c1_0 
    where
        c1_0.type=? 
        or c1_0.id in (?)
16:54:03.325 TRACE [http-nio-8080-exec-4] org.hibernate.orm.jdbc.bind - binding parameter (1:VARCHAR) <- [PUBLIC]
16:54:03.325 TRACE [http-nio-8080-exec-4] org.hibernate.orm.jdbc.bind - binding parameter (2:UUID) <- [null]
16:54:03.329 DEBUG [http-nio-8080-exec-2] org.hibernate.SQL - 
    select
        rs1_0.id,
        rs1_0.channel_id,
        rs1_0.created_at,
        rs1_0.last_read_at,
        rs1_0.updated_at,
        rs1_0.user_id 
    from
        read_statuses rs1_0 
    where
        rs1_0.user_id=?
16:54:03.329 TRACE [http-nio-8080-exec-2] org.hibernate.orm.jdbc.bind - binding parameter (1:UUID) <- [a04b793d-34a3-420b-a1c0-17a92a038125]
16:54:06.323 DEBUG [http-nio-8080-exec-6] org.hibernate.SQL - 
    select
        rs1_0.id,
        rs1_0.channel_id,
        rs1_0.created_at,
        rs1_0.last_read_at,
        rs1_0.updated_at,
        rs1_0.user_id 
    from
        read_statuses rs1_0 
    where
        rs1_0.user_id=?
16:54:06.324 TRACE [http-nio-8080-exec-6] org.hibernate.orm.jdbc.bind - binding parameter (1:UUID) <- [a04b793d-34a3-420b-a1c0-17a92a038125]
16:54:06.324 DEBUG [http-nio-8080-exec-6] org.hibernate.SQL - 
    select
        c1_0.id,
        c1_0.created_at,
        c1_0.description,
        c1_0.name,
        c1_0.type,
        c1_0.updated_at 
    from
        channels c1_0 
    where
        c1_0.type=? 
        or c1_0.id in (?)
16:54:06.325 TRACE [http-nio-8080-exec-6] org.hibernate.orm.jdbc.bind - binding parameter (1:VARCHAR) <- [PUBLIC]
16:54:06.325 TRACE [http-nio-8080-exec-6] org.hibernate.orm.jdbc.bind - binding parameter (2:UUID) <- [null]
16:54:06.331 DEBUG [http-nio-8080-exec-9] org.hibernate.SQL - 
    select
        rs1_0.id,
        rs1_0.channel_id,
        rs1_0.created_at,
        rs1_0.last_read_at,
        rs1_0.updated_at,
        rs1_0.user_id 
    from
        read_statuses rs1_0 
    where
        rs1_0.user_id=?
16:54:06.331 TRACE [http-nio-8080-exec-9] org.hibernate.orm.jdbc.bind - binding parameter (1:UUID) <- [a04b793d-34a3-420b-a1c0-17a92a038125]
16:54:09.315 DEBUG [http-nio-8080-exec-10] org.hibernate.SQL - 
    select
        rs1_0.id,
        rs1_0.channel_id,
        rs1_0.created_at,
        rs1_0.last_read_at,
        rs1_0.updated_at,
        rs1_0.user_id 
    from
        read_statuses rs1_0 
    where
        rs1_0.user_id=?
16:54:09.315 TRACE [http-nio-8080-exec-10] org.hibernate.orm.jdbc.bind - binding parameter (1:UUID) <- [a04b793d-34a3-420b-a1c0-17a92a038125]
16:54:09.316 DEBUG [http-nio-8080-exec-10] org.hibernate.SQL - 
    select
        c1_0.id,
        c1_0.created_at,
        c1_0.description,
        c1_0.name,
        c1_0.type,
        c1_0.updated_at 
    from
        channels c1_0 
    where
        c1_0.type=? 
        or c1_0.id in (?)
16:54:09.316 TRACE [http-nio-8080-exec-10] org.hibernate.orm.jdbc.bind - binding parameter (1:VARCHAR) <- [PUBLIC]
16:54:09.316 TRACE [http-nio-8080-exec-10] org.hibernate.orm.jdbc.bind - binding parameter (2:UUID) <- [null]
16:54:09.321 DEBUG [http-nio-8080-exec-7] org.hibernate.SQL - 
    select
        rs1_0.id,
        rs1_0.channel_id,
        rs1_0.created_at,
        rs1_0.last_read_at,
        rs1_0.updated_at,
        rs1_0.user_id 
    from
        read_statuses rs1_0 
    where
        rs1_0.user_id=?
16:54:09.322 TRACE [http-nio-8080-exec-7] org.hibernate.orm.jdbc.bind - binding parameter (1:UUID) <- [a04b793d-34a3-420b-a1c0-17a92a038125]
16:54:12.317 DEBUG [http-nio-8080-exec-1] org.hibernate.SQL - 
    select
        rs1_0.id,
        rs1_0.channel_id,
        rs1_0.created_at,
        rs1_0.last_read_at,
        rs1_0.updated_at,
        rs1_0.user_id 
    from
        read_statuses rs1_0 
    where
        rs1_0.user_id=?
16:54:12.317 TRACE [http-nio-8080-exec-1] org.hibernate.orm.jdbc.bind - binding parameter (1:UUID) <- [a04b793d-34a3-420b-a1c0-17a92a038125]
16:54:12.318 DEBUG [http-nio-8080-exec-1] org.hibernate.SQL - 
    select
        c1_0.id,
        c1_0.created_at,
        c1_0.description,
        c1_0.name,
        c1_0.type,
        c1_0.updated_at 
    from
        channels c1_0 
    where
        c1_0.type=? 
        or c1_0.id in (?)
16:54:12.318 TRACE [http-nio-8080-exec-1] org.hibernate.orm.jdbc.bind - binding parameter (1:VARCHAR) <- [PUBLIC]
16:54:12.318 TRACE [http-nio-8080-exec-1] org.hibernate.orm.jdbc.bind - binding parameter (2:UUID) <- [null]
16:54:12.322 DEBUG [http-nio-8080-exec-8] org.hibernate.SQL - 
    select
        rs1_0.id,
        rs1_0.channel_id,
        rs1_0.created_at,
        rs1_0.last_read_at,
        rs1_0.updated_at,
        rs1_0.user_id 
    from
        read_statuses rs1_0 
    where
        rs1_0.user_id=?
16:54:12.323 TRACE [http-nio-8080-exec-8] org.hibernate.orm.jdbc.bind - binding parameter (1:UUID) <- [a04b793d-34a3-420b-a1c0-17a92a038125]
16:54:15.316 DEBUG [http-nio-8080-exec-3] org.hibernate.SQL - 
    select
        rs1_0.id,
        rs1_0.channel_id,
        rs1_0.created_at,
        rs1_0.last_read_at,
        rs1_0.updated_at,
        rs1_0.user_id 
    from
        read_statuses rs1_0 
    where
        rs1_0.user_id=?
16:54:15.316 TRACE [http-nio-8080-exec-3] org.hibernate.orm.jdbc.bind - binding parameter (1:UUID) <- [a04b793d-34a3-420b-a1c0-17a92a038125]
16:54:15.317 DEBUG [http-nio-8080-exec-3] org.hibernate.SQL - 
    select
        c1_0.id,
        c1_0.created_at,
        c1_0.description,
        c1_0.name,
        c1_0.type,
        c1_0.updated_at 
    from
        channels c1_0 
    where
        c1_0.type=? 
        or c1_0.id in (?)
16:54:15.317 TRACE [http-nio-8080-exec-3] org.hibernate.orm.jdbc.bind - binding parameter (1:VARCHAR) <- [PUBLIC]
16:54:15.317 TRACE [http-nio-8080-exec-3] org.hibernate.orm.jdbc.bind - binding parameter (2:UUID) <- [null]
16:54:15.322 DEBUG [http-nio-8080-exec-5] org.hibernate.SQL - 
    select
        rs1_0.id,
        rs1_0.channel_id,
        rs1_0.created_at,
        rs1_0.last_read_at,
        rs1_0.updated_at,
        rs1_0.user_id 
    from
        read_statuses rs1_0 
    where
        rs1_0.user_id=?
16:54:15.322 TRACE [http-nio-8080-exec-5] org.hibernate.orm.jdbc.bind - binding parameter (1:UUID) <- [a04b793d-34a3-420b-a1c0-17a92a038125]
16:54:18.317 DEBUG [http-nio-8080-exec-4] org.hibernate.SQL - 
    select
        rs1_0.id,
        rs1_0.channel_id,
        rs1_0.created_at,
        rs1_0.last_read_at,
        rs1_0.updated_at,
        rs1_0.user_id 
    from
        read_statuses rs1_0 
    where
        rs1_0.user_id=?
16:54:18.317 TRACE [http-nio-8080-exec-4] org.hibernate.orm.jdbc.bind - binding parameter (1:UUID) <- [a04b793d-34a3-420b-a1c0-17a92a038125]
16:54:18.318 DEBUG [http-nio-8080-exec-4] org.hibernate.SQL - 
    select
        c1_0.id,
        c1_0.created_at,
        c1_0.description,
        c1_0.name,
        c1_0.type,
        c1_0.updated_at 
    from
        channels c1_0 
    where
        c1_0.type=? 
        or c1_0.id in (?)
16:54:18.318 TRACE [http-nio-8080-exec-4] org.hibernate.orm.jdbc.bind - binding parameter (1:VARCHAR) <- [PUBLIC]
16:54:18.318 TRACE [http-nio-8080-exec-4] org.hibernate.orm.jdbc.bind - binding parameter (2:UUID) <- [null]
16:54:18.324 DEBUG [http-nio-8080-exec-2] org.hibernate.SQL - 
    select
        rs1_0.id,
        rs1_0.channel_id,
        rs1_0.created_at,
        rs1_0.last_read_at,
        rs1_0.updated_at,
        rs1_0.user_id 
    from
        read_statuses rs1_0 
    where
        rs1_0.user_id=?
16:54:18.324 TRACE [http-nio-8080-exec-2] org.hibernate.orm.jdbc.bind - binding parameter (1:UUID) <- [a04b793d-34a3-420b-a1c0-17a92a038125]
16:54:21.316 DEBUG [http-nio-8080-exec-6] org.hibernate.SQL - 
    select
        rs1_0.id,
        rs1_0.channel_id,
        rs1_0.created_at,
        rs1_0.last_read_at,
        rs1_0.updated_at,
        rs1_0.user_id 
    from
        read_statuses rs1_0 
    where
        rs1_0.user_id=?
16:54:21.316 TRACE [http-nio-8080-exec-6] org.hibernate.orm.jdbc.bind - binding parameter (1:UUID) <- [a04b793d-34a3-420b-a1c0-17a92a038125]
16:54:21.317 DEBUG [http-nio-8080-exec-6] org.hibernate.SQL - 
    select
        c1_0.id,
        c1_0.created_at,
        c1_0.description,
        c1_0.name,
        c1_0.type,
        c1_0.updated_at 
    from
        channels c1_0 
    where
        c1_0.type=? 
        or c1_0.id in (?)
16:54:21.317 TRACE [http-nio-8080-exec-6] org.hibernate.orm.jdbc.bind - binding parameter (1:VARCHAR) <- [PUBLIC]
16:54:21.317 TRACE [http-nio-8080-exec-6] org.hibernate.orm.jdbc.bind - binding parameter (2:UUID) <- [null]
16:54:21.323 DEBUG [http-nio-8080-exec-9] org.hibernate.SQL - 
    select
        rs1_0.id,
        rs1_0.channel_id,
        rs1_0.created_at,
        rs1_0.last_read_at,
        rs1_0.updated_at,
        rs1_0.user_id 
    from
        read_statuses rs1_0 
    where
        rs1_0.user_id=?
16:54:21.323 TRACE [http-nio-8080-exec-9] org.hibernate.orm.jdbc.bind - binding parameter (1:UUID) <- [a04b793d-34a3-420b-a1c0-17a92a038125]
16:54:23.320 DEBUG [http-nio-8080-exec-10] org.hibernate.SQL - 
    select
        us1_0.id,
        us1_0.created_at,
        us1_0.last_active_at,
        us1_0.updated_at,
        us1_0.user_id 
    from
        user_statuses us1_0 
    where
        us1_0.user_id=?
16:54:23.321 TRACE [http-nio-8080-exec-10] org.hibernate.orm.jdbc.bind - binding parameter (1:UUID) <- [a04b793d-34a3-420b-a1c0-17a92a038125]
16:54:23.322 DEBUG [http-nio-8080-exec-10] org.hibernate.SQL - 
    update
        user_statuses 
    set
        last_active_at=?,
        updated_at=?,
        user_id=? 
    where
        id=?
16:54:23.322 TRACE [http-nio-8080-exec-10] org.hibernate.orm.jdbc.bind - binding parameter (1:TIMESTAMP_UTC) <- [2025-03-28T07:54:23.315Z]
16:54:23.322 TRACE [http-nio-8080-exec-10] org.hibernate.orm.jdbc.bind - binding parameter (2:TIMESTAMP_UTC) <- [2025-03-28T07:54:23.322108Z]
16:54:23.322 TRACE [http-nio-8080-exec-10] org.hibernate.orm.jdbc.bind - binding parameter (3:UUID) <- [a04b793d-34a3-420b-a1c0-17a92a038125]
16:54:23.322 TRACE [http-nio-8080-exec-10] org.hibernate.orm.jdbc.bind - binding parameter (4:UUID) <- [fc34fc75-0913-48ab-bf41-c3d8c2068b83]
16:54:24.312 DEBUG [http-nio-8080-exec-7] org.hibernate.SQL - 
    select
        rs1_0.id,
        rs1_0.channel_id,
        rs1_0.created_at,
        rs1_0.last_read_at,
        rs1_0.updated_at,
        rs1_0.user_id 
    from
        read_statuses rs1_0 
    where
        rs1_0.user_id=?
16:54:24.313 TRACE [http-nio-8080-exec-7] org.hibernate.orm.jdbc.bind - binding parameter (1:UUID) <- [a04b793d-34a3-420b-a1c0-17a92a038125]
16:54:24.314 DEBUG [http-nio-8080-exec-7] org.hibernate.SQL - 
    select
        c1_0.id,
        c1_0.created_at,
        c1_0.description,
        c1_0.name,
        c1_0.type,
        c1_0.updated_at 
    from
        channels c1_0 
    where
        c1_0.type=? 
        or c1_0.id in (?)
16:54:24.314 TRACE [http-nio-8080-exec-7] org.hibernate.orm.jdbc.bind - binding parameter (1:VARCHAR) <- [PUBLIC]
16:54:24.314 TRACE [http-nio-8080-exec-7] org.hibernate.orm.jdbc.bind - binding parameter (2:UUID) <- [null]
16:54:24.319 DEBUG [http-nio-8080-exec-1] org.hibernate.SQL - 
    select
        rs1_0.id,
        rs1_0.channel_id,
        rs1_0.created_at,
        rs1_0.last_read_at,
        rs1_0.updated_at,
        rs1_0.user_id 
    from
        read_statuses rs1_0 
    where
        rs1_0.user_id=?
16:54:24.319 TRACE [http-nio-8080-exec-1] org.hibernate.orm.jdbc.bind - binding parameter (1:UUID) <- [a04b793d-34a3-420b-a1c0-17a92a038125]
16:54:27.326 DEBUG [http-nio-8080-exec-8] org.hibernate.SQL - 
    select
        rs1_0.id,
        rs1_0.channel_id,
        rs1_0.created_at,
        rs1_0.last_read_at,
        rs1_0.updated_at,
        rs1_0.user_id 
    from
        read_statuses rs1_0 
    where
        rs1_0.user_id=?
16:54:27.326 TRACE [http-nio-8080-exec-8] org.hibernate.orm.jdbc.bind - binding parameter (1:UUID) <- [a04b793d-34a3-420b-a1c0-17a92a038125]
16:54:27.327 DEBUG [http-nio-8080-exec-8] org.hibernate.SQL - 
    select
        c1_0.id,
        c1_0.created_at,
        c1_0.description,
        c1_0.name,
        c1_0.type,
        c1_0.updated_at 
    from
        channels c1_0 
    where
        c1_0.type=? 
        or c1_0.id in (?)
16:54:27.327 TRACE [http-nio-8080-exec-8] org.hibernate.orm.jdbc.bind - binding parameter (1:VARCHAR) <- [PUBLIC]
16:54:27.327 TRACE [http-nio-8080-exec-8] org.hibernate.orm.jdbc.bind - binding parameter (2:UUID) <- [null]
16:54:27.331 DEBUG [http-nio-8080-exec-3] org.hibernate.SQL - 
    select
        rs1_0.id,
        rs1_0.channel_id,
        rs1_0.created_at,
        rs1_0.last_read_at,
        rs1_0.updated_at,
        rs1_0.user_id 
    from
        read_statuses rs1_0 
    where
        rs1_0.user_id=?
16:54:27.331 TRACE [http-nio-8080-exec-3] org.hibernate.orm.jdbc.bind - binding parameter (1:UUID) <- [a04b793d-34a3-420b-a1c0-17a92a038125]
16:54:44.329 DEBUG [http-nio-8080-exec-5] org.hibernate.SQL - 
    select
        rs1_0.id,
        rs1_0.channel_id,
        rs1_0.created_at,
        rs1_0.last_read_at,
        rs1_0.updated_at,
        rs1_0.user_id 
    from
        read_statuses rs1_0 
    where
        rs1_0.user_id=?
16:54:44.329 TRACE [http-nio-8080-exec-5] org.hibernate.orm.jdbc.bind - binding parameter (1:UUID) <- [a04b793d-34a3-420b-a1c0-17a92a038125]
16:54:44.330 DEBUG [http-nio-8080-exec-5] org.hibernate.SQL - 
    select
        c1_0.id,
        c1_0.created_at,
        c1_0.description,
        c1_0.name,
        c1_0.type,
        c1_0.updated_at 
    from
        channels c1_0 
    where
        c1_0.type=? 
        or c1_0.id in (?)
16:54:44.330 TRACE [http-nio-8080-exec-5] org.hibernate.orm.jdbc.bind - binding parameter (1:VARCHAR) <- [PUBLIC]
16:54:44.330 TRACE [http-nio-8080-exec-5] org.hibernate.orm.jdbc.bind - binding parameter (2:UUID) <- [null]
16:54:44.336 DEBUG [http-nio-8080-exec-4] org.hibernate.SQL - 
    select
        rs1_0.id,
        rs1_0.channel_id,
        rs1_0.created_at,
        rs1_0.last_read_at,
        rs1_0.updated_at,
        rs1_0.user_id 
    from
        read_statuses rs1_0 
    where
        rs1_0.user_id=?
16:54:44.336 TRACE [http-nio-8080-exec-4] org.hibernate.orm.jdbc.bind - binding parameter (1:UUID) <- [a04b793d-34a3-420b-a1c0-17a92a038125]
16:54:53.322 DEBUG [http-nio-8080-exec-6] org.hibernate.SQL - 
    select
        u1_0.id,
        u1_0.created_at,
        u1_0.email,
        u1_0.password,
        p1_0.id,
        p1_0.content_type,
        p1_0.created_at,
        p1_0.file_name,
        p1_0.size,
        s1_0.id,
        s1_0.created_at,
        s1_0.last_active_at,
        s1_0.updated_at,
        s1_0.user_id,
        u1_0.updated_at,
        u1_0.username 
    from
        users u1_0 
    left join
        binary_contents p1_0 
            on p1_0.id=u1_0.profile_id 
    join
        user_statuses s1_0 
            on u1_0.id=s1_0.user_id
16:54:53.324 DEBUG [http-nio-8080-exec-2] org.hibernate.SQL - 
    select
        us1_0.id,
        us1_0.created_at,
        us1_0.last_active_at,
        us1_0.updated_at,
        us1_0.user_id 
    from
        user_statuses us1_0 
    where
        us1_0.user_id=?
16:54:53.324 TRACE [http-nio-8080-exec-2] org.hibernate.orm.jdbc.bind - binding parameter (1:UUID) <- [a04b793d-34a3-420b-a1c0-17a92a038125]
16:54:53.325 DEBUG [http-nio-8080-exec-2] org.hibernate.SQL - 
    update
        user_statuses 
    set
        last_active_at=?,
        updated_at=?,
        user_id=? 
    where
        id=?
16:54:53.325 TRACE [http-nio-8080-exec-2] org.hibernate.orm.jdbc.bind - binding parameter (1:TIMESTAMP_UTC) <- [2025-03-28T07:54:53.319Z]
16:54:53.325 TRACE [http-nio-8080-exec-2] org.hibernate.orm.jdbc.bind - binding parameter (2:TIMESTAMP_UTC) <- [2025-03-28T07:54:53.325483300Z]
16:54:53.325 TRACE [http-nio-8080-exec-2] org.hibernate.orm.jdbc.bind - binding parameter (3:UUID) <- [a04b793d-34a3-420b-a1c0-17a92a038125]
16:54:53.325 TRACE [http-nio-8080-exec-2] org.hibernate.orm.jdbc.bind - binding parameter (4:UUID) <- [fc34fc75-0913-48ab-bf41-c3d8c2068b83]
16:54:53.330 DEBUG [http-nio-8080-exec-10] org.hibernate.SQL - 
    select
        rs1_0.id,
        rs1_0.channel_id,
        rs1_0.created_at,
        rs1_0.last_read_at,
        rs1_0.updated_at,
        rs1_0.user_id 
    from
        read_statuses rs1_0 
    where
        rs1_0.user_id=?
16:54:53.330 DEBUG [http-nio-8080-exec-9] org.hibernate.SQL - 
    select
        rs1_0.id,
        rs1_0.channel_id,
        rs1_0.created_at,
        rs1_0.last_read_at,
        rs1_0.updated_at,
        rs1_0.user_id 
    from
        read_statuses rs1_0 
    where
        rs1_0.user_id=?
16:54:53.330 TRACE [http-nio-8080-exec-10] org.hibernate.orm.jdbc.bind - binding parameter (1:UUID) <- [a04b793d-34a3-420b-a1c0-17a92a038125]
16:54:53.330 TRACE [http-nio-8080-exec-9] org.hibernate.orm.jdbc.bind - binding parameter (1:UUID) <- [a04b793d-34a3-420b-a1c0-17a92a038125]
16:54:53.331 DEBUG [http-nio-8080-exec-9] org.hibernate.SQL - 
    select
        c1_0.id,
        c1_0.created_at,
        c1_0.description,
        c1_0.name,
        c1_0.type,
        c1_0.updated_at 
    from
        channels c1_0 
    where
        c1_0.type=? 
        or c1_0.id in (?)
16:54:53.331 TRACE [http-nio-8080-exec-9] org.hibernate.orm.jdbc.bind - binding parameter (1:VARCHAR) <- [PUBLIC]
16:54:53.331 TRACE [http-nio-8080-exec-9] org.hibernate.orm.jdbc.bind - binding parameter (2:UUID) <- [null]
16:54:53.337 DEBUG [http-nio-8080-exec-7] org.hibernate.SQL - 
    select
        rs1_0.id,
        rs1_0.channel_id,
        rs1_0.created_at,
        rs1_0.last_read_at,
        rs1_0.updated_at,
        rs1_0.user_id 
    from
        read_statuses rs1_0 
    where
        rs1_0.user_id=?
16:54:53.337 TRACE [http-nio-8080-exec-7] org.hibernate.orm.jdbc.bind - binding parameter (1:UUID) <- [a04b793d-34a3-420b-a1c0-17a92a038125]
16:54:57.326 DEBUG [http-nio-8080-exec-8] org.hibernate.SQL - 
    select
        rs1_0.id,
        rs1_0.channel_id,
        rs1_0.created_at,
        rs1_0.last_read_at,
        rs1_0.updated_at,
        rs1_0.user_id 
    from
        read_statuses rs1_0 
    where
        rs1_0.user_id=?
16:54:57.326 TRACE [http-nio-8080-exec-8] org.hibernate.orm.jdbc.bind - binding parameter (1:UUID) <- [a04b793d-34a3-420b-a1c0-17a92a038125]
16:54:57.327 DEBUG [http-nio-8080-exec-8] org.hibernate.SQL - 
    select
        c1_0.id,
        c1_0.created_at,
        c1_0.description,
        c1_0.name,
        c1_0.type,
        c1_0.updated_at 
    from
        channels c1_0 
    where
        c1_0.type=? 
        or c1_0.id in (?)
16:54:57.327 TRACE [http-nio-8080-exec-8] org.hibernate.orm.jdbc.bind - binding parameter (1:VARCHAR) <- [PUBLIC]
16:54:57.327 TRACE [http-nio-8080-exec-8] org.hibernate.orm.jdbc.bind - binding parameter (2:UUID) <- [null]
16:54:57.333 DEBUG [http-nio-8080-exec-3] org.hibernate.SQL - 
    select
        rs1_0.id,
        rs1_0.channel_id,
        rs1_0.created_at,
        rs1_0.last_read_at,
        rs1_0.updated_at,
        rs1_0.user_id 
    from
        read_statuses rs1_0 
    where
        rs1_0.user_id=?
16:54:57.333 TRACE [http-nio-8080-exec-3] org.hibernate.orm.jdbc.bind - binding parameter (1:UUID) <- [a04b793d-34a3-420b-a1c0-17a92a038125]
16:55:00.327 DEBUG [http-nio-8080-exec-5] org.hibernate.SQL - 
    select
        rs1_0.id,
        rs1_0.channel_id,
        rs1_0.created_at,
        rs1_0.last_read_at,
        rs1_0.updated_at,
        rs1_0.user_id 
    from
        read_statuses rs1_0 
    where
        rs1_0.user_id=?
16:55:00.327 TRACE [http-nio-8080-exec-5] org.hibernate.orm.jdbc.bind - binding parameter (1:UUID) <- [a04b793d-34a3-420b-a1c0-17a92a038125]
16:55:00.328 DEBUG [http-nio-8080-exec-5] org.hibernate.SQL - 
    select
        c1_0.id,
        c1_0.created_at,
        c1_0.description,
        c1_0.name,
        c1_0.type,
        c1_0.updated_at 
    from
        channels c1_0 
    where
        c1_0.type=? 
        or c1_0.id in (?)
16:55:00.328 TRACE [http-nio-8080-exec-5] org.hibernate.orm.jdbc.bind - binding parameter (1:VARCHAR) <- [PUBLIC]
16:55:00.328 TRACE [http-nio-8080-exec-5] org.hibernate.orm.jdbc.bind - binding parameter (2:UUID) <- [null]
16:55:00.332 DEBUG [http-nio-8080-exec-4] org.hibernate.SQL - 
    select
        rs1_0.id,
        rs1_0.channel_id,
        rs1_0.created_at,
        rs1_0.last_read_at,
        rs1_0.updated_at,
        rs1_0.user_id 
    from
        read_statuses rs1_0 
    where
        rs1_0.user_id=?
16:55:00.333 TRACE [http-nio-8080-exec-4] org.hibernate.orm.jdbc.bind - binding parameter (1:UUID) <- [a04b793d-34a3-420b-a1c0-17a92a038125]
16:55:03.326 DEBUG [http-nio-8080-exec-6] org.hibernate.SQL - 
    select
        rs1_0.id,
        rs1_0.channel_id,
        rs1_0.created_at,
        rs1_0.last_read_at,
        rs1_0.updated_at,
        rs1_0.user_id 
    from
        read_statuses rs1_0 
    where
        rs1_0.user_id=?
16:55:03.326 TRACE [http-nio-8080-exec-6] org.hibernate.orm.jdbc.bind - binding parameter (1:UUID) <- [a04b793d-34a3-420b-a1c0-17a92a038125]
16:55:03.327 DEBUG [http-nio-8080-exec-6] org.hibernate.SQL - 
    select
        c1_0.id,
        c1_0.created_at,
        c1_0.description,
        c1_0.name,
        c1_0.type,
        c1_0.updated_at 
    from
        channels c1_0 
    where
        c1_0.type=? 
        or c1_0.id in (?)
16:55:03.328 TRACE [http-nio-8080-exec-6] org.hibernate.orm.jdbc.bind - binding parameter (1:VARCHAR) <- [PUBLIC]
16:55:03.328 TRACE [http-nio-8080-exec-6] org.hibernate.orm.jdbc.bind - binding parameter (2:UUID) <- [null]
16:55:03.333 DEBUG [http-nio-8080-exec-2] org.hibernate.SQL - 
    select
        rs1_0.id,
        rs1_0.channel_id,
        rs1_0.created_at,
        rs1_0.last_read_at,
        rs1_0.updated_at,
        rs1_0.user_id 
    from
        read_statuses rs1_0 
    where
        rs1_0.user_id=?
16:55:03.333 TRACE [http-nio-8080-exec-2] org.hibernate.orm.jdbc.bind - binding parameter (1:UUID) <- [a04b793d-34a3-420b-a1c0-17a92a038125]
16:55:06.322 DEBUG [http-nio-8080-exec-10] org.hibernate.SQL - 
    select
        rs1_0.id,
        rs1_0.channel_id,
        rs1_0.created_at,
        rs1_0.last_read_at,
        rs1_0.updated_at,
        rs1_0.user_id 
    from
        read_statuses rs1_0 
    where
        rs1_0.user_id=?
16:55:06.322 TRACE [http-nio-8080-exec-10] org.hibernate.orm.jdbc.bind - binding parameter (1:UUID) <- [a04b793d-34a3-420b-a1c0-17a92a038125]
16:55:06.323 DEBUG [http-nio-8080-exec-10] org.hibernate.SQL - 
    select
        c1_0.id,
        c1_0.created_at,
        c1_0.description,
        c1_0.name,
        c1_0.type,
        c1_0.updated_at 
    from
        channels c1_0 
    where
        c1_0.type=? 
        or c1_0.id in (?)
16:55:06.323 TRACE [http-nio-8080-exec-10] org.hibernate.orm.jdbc.bind - binding parameter (1:VARCHAR) <- [PUBLIC]
16:55:06.323 TRACE [http-nio-8080-exec-10] org.hibernate.orm.jdbc.bind - binding parameter (2:UUID) <- [null]
16:55:06.328 DEBUG [http-nio-8080-exec-9] org.hibernate.SQL - 
    select
        rs1_0.id,
        rs1_0.channel_id,
        rs1_0.created_at,
        rs1_0.last_read_at,
        rs1_0.updated_at,
        rs1_0.user_id 
    from
        read_statuses rs1_0 
    where
        rs1_0.user_id=?
16:55:06.328 TRACE [http-nio-8080-exec-9] org.hibernate.orm.jdbc.bind - binding parameter (1:UUID) <- [a04b793d-34a3-420b-a1c0-17a92a038125]
16:55:28.250 INFO  [SpringApplicationShutdownHook] o.s.b.w.e.tomcat.GracefulShutdown - Commencing graceful shutdown. Waiting for active requests to complete
16:55:28.362 INFO  [tomcat-shutdown] o.s.b.w.e.tomcat.GracefulShutdown - Graceful shutdown complete
16:55:28.365 INFO  [SpringApplicationShutdownHook] o.s.o.j.LocalContainerEntityManagerFactoryBean - Closing JPA EntityManagerFactory for persistence unit 'default'
16:55:28.367 INFO  [SpringApplicationShutdownHook] com.zaxxer.hikari.HikariDataSource - HikariPool-1 - Shutdown initiated...
16:55:28.368 INFO  [SpringApplicationShutdownHook] com.zaxxer.hikari.HikariDataSource - HikariPool-1 - Shutdown completed.
